Archive member included to satisfy reference by file (symbol)

app/libapp.a(main.c.obj)      (--whole-archive)
zephyr/libzephyr.a(crc32c_sw.c.obj)
                              (--whole-archive)
zephyr/libzephyr.a(crc32_sw.c.obj)
                              (--whole-archive)
zephyr/libzephyr.a(crc24_sw.c.obj)
                              (--whole-archive)
zephyr/libzephyr.a(crc16_sw.c.obj)
                              (--whole-archive)
zephyr/libzephyr.a(crc8_sw.c.obj)
                              (--whole-archive)
zephyr/libzephyr.a(crc7_sw.c.obj)
                              (--whole-archive)
zephyr/libzephyr.a(crc4_sw.c.obj)
                              (--whole-archive)
zephyr/libzephyr.a(heap.c.obj)
                              (--whole-archive)
zephyr/libzephyr.a(cbprintf_packaged.c.obj)
                              (--whole-archive)
zephyr/libzephyr.a(printk.c.obj)
                              (--whole-archive)
zephyr/libzephyr.a(sem.c.obj)
                              (--whole-archive)
zephyr/libzephyr.a(thread_entry.c.obj)
                              (--whole-archive)
zephyr/libzephyr.a(cbprintf_complete.c.obj)
                              (--whole-archive)
zephyr/libzephyr.a(assert.c.obj)
                              (--whole-archive)
zephyr/libzephyr.a(mpsc_pbuf.c.obj)
                              (--whole-archive)
zephyr/libzephyr.a(dec.c.obj)
                              (--whole-archive)
zephyr/libzephyr.a(hex.c.obj)
                              (--whole-archive)
zephyr/libzephyr.a(rb.c.obj)  (--whole-archive)
zephyr/libzephyr.a(timeutil.c.obj)
                              (--whole-archive)
zephyr/libzephyr.a(bitarray.c.obj)
                              (--whole-archive)
zephyr/libzephyr.a(configs.c.obj)
                              (--whole-archive)
zephyr/libzephyr.a(soc.c.obj)
                              (--whole-archive)
zephyr/libzephyr.a(log_core.c.obj)
                              (--whole-archive)
zephyr/libzephyr.a(log_mgmt.c.obj)
                              (--whole-archive)
zephyr/libzephyr.a(log_cache.c.obj)
                              (--whole-archive)
zephyr/libzephyr.a(log_msg.c.obj)
                              (--whole-archive)
zephyr/libzephyr.a(log_output.c.obj)
                              (--whole-archive)
zephyr/libzephyr.a(log_backend_uart.c.obj)
                              (--whole-archive)
zephyr/libzephyr.a(tracing_none.c.obj)
                              (--whole-archive)
zephyr/libzephyr.a(max32xxx_system.c.obj)
                              (--whole-archive)
zephyr/libzephyr.a(system_max32670.c.obj)
                              (--whole-archive)
zephyr/libzephyr.a(icc_common.c.obj)
                              (--whole-archive)
zephyr/libzephyr.a(icc_me15.c.obj)
                              (--whole-archive)
zephyr/libzephyr.a(icc_reva.c.obj)
                              (--whole-archive)
zephyr/libzephyr.a(lp_me15.c.obj)
                              (--whole-archive)
zephyr/libzephyr.a(mxc_assert.c.obj)
                              (--whole-archive)
zephyr/libzephyr.a(mxc_delay.c.obj)
                              (--whole-archive)
zephyr/libzephyr.a(mxc_lock.c.obj)
                              (--whole-archive)
zephyr/libzephyr.a(pins_me15.c.obj)
                              (--whole-archive)
zephyr/libzephyr.a(sys_me15.c.obj)
                              (--whole-archive)
zephyr/libzephyr.a(dma_me15.c.obj)
                              (--whole-archive)
zephyr/libzephyr.a(dma_reva.c.obj)
                              (--whole-archive)
zephyr/libzephyr.a(uart_common.c.obj)
                              (--whole-archive)
zephyr/libzephyr.a(uart_me15.c.obj)
                              (--whole-archive)
zephyr/libzephyr.a(uart_revb.c.obj)
                              (--whole-archive)
zephyr/libzephyr.a(gpio_common.c.obj)
                              (--whole-archive)
zephyr/libzephyr.a(gpio_me15.c.obj)
                              (--whole-archive)
zephyr/libzephyr.a(gpio_reva.c.obj)
                              (--whole-archive)
zephyr/libzephyr.a(spi_me15.c.obj)
                              (--whole-archive)
zephyr/libzephyr.a(spi_reva1.c.obj)
                              (--whole-archive)
zephyr/arch/common/libarch__common.a(sw_isr_common.c.obj)
                              (--whole-archive)
zephyr/arch/arch/arm/core/libarch__arm__core.a(fatal.c.obj)
                              (--whole-archive)
zephyr/arch/arch/arm/core/libarch__arm__core.a(nmi.c.obj)
                              (--whole-archive)
zephyr/arch/arch/arm/core/libarch__arm__core.a(nmi_on_reset.S.obj)
                              (--whole-archive)
zephyr/arch/arch/arm/core/libarch__arm__core.a(tls.c.obj)
                              (--whole-archive)
zephyr/arch/arch/arm/core/cortex_m/libarch__arm__core__cortex_m.a(exc_exit.c.obj)
                              (--whole-archive)
[...]
Memory Configuration

Name             Origin             Length             Attributes
FLASH            0x0000000010000000 0x0000000000060000 xr
RAM              0x0000000020010000 0x0000000000010000 xw
IDT_LIST         0x00000000ffff7fff 0x0000000000008000 xw
*default*        0x0000000000000000 0xffffffffffffffff

Linker script and memory map

                0x00000000100044d0                vfprintf = __l_vfprintf
                0x0000000000000000                vfscanf = __l_vfscanf
LOAD zephyr/CMakeFiles/zephyr_pre0.dir/misc/empty_file.c.obj
LOAD zephyr/CMakeFiles/offsets.dir/./arch/arm/core/offsets/offsets.c.obj
LOAD app/libapp.a
LOAD zephyr/libzephyr.a
LOAD zephyr/arch/common/libarch__common.a
LOAD zephyr/arch/arch/arm/core/libarch__arm__core.a
LOAD zephyr/arch/arch/arm/core/cortex_m/libarch__arm__core__cortex_m.a
LOAD zephyr/lib/libc/picolibc/liblib__libc__picolibc.a
LOAD zephyr/lib/libc/common/liblib__libc__common.a
LOAD zephyr/drivers/clock_control/libdrivers__clock_control.a
LOAD zephyr/drivers/console/libdrivers__console.a
LOAD zephyr/drivers/gpio/libdrivers__gpio.a
LOAD zephyr/drivers/pinctrl/libdrivers__pinctrl.a
LOAD zephyr/drivers/serial/libdrivers__serial.a
LOAD zephyr/drivers/spi/libdrivers__spi.a
LOAD zephyr/drivers/timer/libdrivers__timer.a
LOAD modules/ad74416h/drivers/ad74416h/lib..__modules__ad74416h__drivers__ad74416h.a
LOAD zephyr/kernel/libkernel.a
LOAD c:/users/aputhenp/zephyr-sdk-0.16.8/arm-zephyr-eabi/bin/../lib/gcc/arm-zephyr-eabi/12.2.0/thumb/v7e-m/nofp\libgcc.a
LOAD zephyr/arch/common/libisr_tables.a
LOAD c:\users\aputhenp\zephyr-sdk-0.16.8\arm-zephyr-eabi\bin\../lib/gcc/../../picolibc/arm-zephyr-eabi/lib/thumb/v7e-m/nofp\libc.a
LOAD c:/users/aputhenp/zephyr-sdk-0.16.8/arm-zephyr-eabi/bin/../lib/gcc/arm-zephyr-eabi/12.2.0/thumb/v7e-m/nofp\libgcc.a
                0x0000000000000004                _region_min_align = 0x4

.rel.plt        0x0000000010000000        0x0
 *(SORT_BY_ALIGNMENT(.rel.plt))
                [!provide]                        PROVIDE (__rel_iplt_start = .)
 *(SORT_BY_ALIGNMENT(.rel.iplt))
 .rel.iplt      0x0000000010000000        0x0 app/libapp.a(main.c.obj)
                [!provide]                        PROVIDE (__rel_iplt_end = .)

.rela.plt       0x0000000000000000        0x0
 *(SORT_BY_ALIGNMENT(.rela.plt))
                [!provide]                        PROVIDE (__rela_iplt_start = .)
 *(SORT_BY_ALIGNMENT(.rela.iplt))
                [!provide]                        PROVIDE (__rela_iplt_end = .)

.rel.dyn
 *(SORT_BY_ALIGNMENT(.rel.*))

.rela.dyn
 *(SORT_BY_ALIGNMENT(.rela.*))

/DISCARD/
 *(SORT_BY_ALIGNMENT(.plt))

/DISCARD/
 *(SORT_BY_ALIGNMENT(.iplt))
                0x0000000010000000                __rom_region_start = 0x10000000

rom_start       0x0000000010000000      0x1d0
                0x0000000010000000                __rom_start_address = .
 FILL mask 0x00
                0x0000000010000000                . = (. + (0x0 - (. - __rom_start_address)))
                0x0000000010000000                . = ALIGN (0x4)
                0x0000000010000000                . = ALIGN (0x80)
                0x0000000010000000                . = ALIGN (0x200)
                0x0000000010000000                _vector_start = .
 *(SORT_BY_ALIGNMENT(.exc_vector_table))
 *(SORT_BY_ALIGNMENT(.exc_vector_table.*))
 .exc_vector_table._vector_table_section
                0x0000000010000000       0x40 zephyr/arch/arch/arm/core/cortex_m/libarch__arm__core__cortex_m.a(vector_table.S.obj)
                0x0000000010000000                _vector_table
 *(SORT_BY_ALIGNMENT(.vectors))
                0x00000000100001d0                _vector_end = .
                0x0000000010000040                . = ALIGN (0x4)
 *(SORT_BY_ALIGNMENT(.gnu.linkonce.irq_vector_table*))
 .gnu.linkonce.irq_vector_table
                0x0000000010000040      0x190 zephyr/arch/common/libisr_tables.a(isr_tables.c.obj)
                0x0000000010000040                _irq_vector_table
                0x00000000100001d0                _vector_end = .

text            0x00000000100001d0     0x6164
                0x00000000100001d0                __text_region_start = .
 *(SORT_BY_ALIGNMENT(.text))
 .text          0x00000000100001d0       0x30 c:/users/aputhenp/zephyr-sdk-0.16.8/arm-zephyr-eabi/bin/../lib/gcc/arm-zephyr-eabi/12.2.0/thumb/v7e-m/nofp\libgcc.a(_aeabi_uldivmod.o)
                0x00000000100001d0                __aeabi_uldivmod
 .text          0x0000000010000200        0x4 c:/users/aputhenp/zephyr-sdk-0.16.8/arm-zephyr-eabi/bin/../lib/gcc/arm-zephyr-eabi/12.2.0/thumb/v7e-m/nofp\libgcc.a(_dvmd_tls.o)
                0x0000000010000200                __aeabi_idiv0
                0x0000000010000200                __aeabi_ldiv0
 .text          0x0000000010000204      0x2a0 c:/users/aputhenp/zephyr-sdk-0.16.8/arm-zephyr-eabi/bin/../lib/gcc/arm-zephyr-eabi/12.2.0/thumb/v7e-m/nofp\libgcc.a(_udivmoddi4.o)
                0x0000000010000204                __udivmoddi4
 .text          0x00000000100004a4       0x10 c:\users\aputhenp\zephyr-sdk-0.16.8\arm-zephyr-eabi\bin\../lib/gcc/../../picolibc/arm-zephyr-eabi/lib/thumb/v7e-m/nofp\libc.a(strlen.S.o)
                0x00000000100004a4                strlen
 *(SORT_BY_ALIGNMENT(.text.*))
 .text.main     0x00000000100004b4       0x38 app/libapp.a(main.c.obj)
                0x00000000100004b4                main
 .text.cbvprintf_package
                0x00000000100004ec      0x3a4 zephyr/libzephyr.a(cbprintf_packaged.c.obj)
                0x00000000100004ec                cbvprintf_package
 .text.cbprintf_package_convert
                0x0000000010000890      0x3c0 zephyr/libzephyr.a(cbprintf_packaged.c.obj)
                0x0000000010000890                cbprintf_package_convert
 .text.__printk_hook_install
                0x0000000010000c50        0xc zephyr/libzephyr.a(printk.c.obj)
                0x0000000010000c50                __printk_hook_install
 .text.z_thread_entry
                0x0000000010000c5c       0x34 zephyr/libzephyr.a(thread_entry.c.obj)
                0x0000000010000c5c                z_thread_entry
 .text.activate_foreach_backend
                0x0000000010000c90       0x64 zephyr/libzephyr.a(log_core.c.obj)
 .text.enable_logger
                0x0000000010000cf4       0x5c zephyr/libzephyr.a(log_core.c.obj)
 .text.log_process_thread_timer_expiry_fn
                0x0000000010000d50        0xc zephyr/libzephyr.a(log_core.c.obj)
 .text.z_log_init
                0x0000000010000d5c       0x8c zephyr/libzephyr.a(log_core.c.obj)
 .text.log_format_func_t_get
                0x0000000010000de8        0xc zephyr/libzephyr.a(log_core.c.obj)
                0x0000000010000de8                log_format_func_t_get
 .text.log_set_timestamp_func
                0x0000000010000df4       0x20 zephyr/libzephyr.a(log_core.c.obj)
                0x0000000010000df4                log_set_timestamp_func
 .text.z_log_notify_backend_enabled
                0x0000000010000e14       0x1c zephyr/libzephyr.a(log_core.c.obj)
                0x0000000010000e14                z_log_notify_backend_enabled
 .text.z_log_dropped
                0x0000000010000e30       0x44 zephyr/libzephyr.a(log_core.c.obj)
                0x0000000010000e30                z_log_dropped
 .text.z_log_dropped_read_and_clear
                0x0000000010000e74       0x20 zephyr/libzephyr.a(log_core.c.obj)
                0x0000000010000e74                z_log_dropped_read_and_clear
 .text.dropped_notify
                0x0000000010000e94       0x30 zephyr/libzephyr.a(log_core.c.obj)
                0x0000000010000e94                dropped_notify
 .text.z_log_msg_init
                0x0000000010000ec4       0x20 zephyr/libzephyr.a(log_core.c.obj)
                0x0000000010000ec4                z_log_msg_init
 .text.log_core_init
                0x0000000010000ee4       0x34 zephyr/libzephyr.a(log_core.c.obj)
                0x0000000010000ee4                log_core_init
 .text.z_log_msg_alloc
                0x0000000010000f18       0x10 zephyr/libzephyr.a(log_core.c.obj)
                0x0000000010000f18                z_log_msg_alloc
 .text.z_log_msg_local_claim
                0x0000000010000f28        0xc zephyr/libzephyr.a(log_core.c.obj)
                0x0000000010000f28                z_log_msg_local_claim
 .text.z_log_msg_free
                0x0000000010000f34       0x10 zephyr/libzephyr.a(log_core.c.obj)
                0x0000000010000f34                z_log_msg_free
 .text.z_log_msg_pending
                0x0000000010000f44        0xc zephyr/libzephyr.a(log_core.c.obj)
                0x0000000010000f44                z_log_msg_pending
 .text.z_impl_log_process
                0x0000000010000f50       0xb0 zephyr/libzephyr.a(log_core.c.obj)
                0x0000000010000f50                z_impl_log_process
 .text.z_impl_log_panic
                0x0000000010001000       0x44 zephyr/libzephyr.a(log_core.c.obj)
                0x0000000010001000                z_impl_log_panic
 .text.log_process_thread_func
                0x0000000010001044       0xa4 zephyr/libzephyr.a(log_core.c.obj)
 .text.z_log_msg_post_finalize
                0x00000000100010e8       0x78 zephyr/libzephyr.a(log_core.c.obj)
 .text.z_log_msg_commit
                0x0000000010001160       0x24 zephyr/libzephyr.a(log_core.c.obj)
                0x0000000010001160                z_log_msg_commit
 .text.log_source_name_get
                0x0000000010001184       0x1c zephyr/libzephyr.a(log_mgmt.c.obj)
                0x0000000010001184                log_source_name_get
 .text.log_backend_enable
                0x00000000100011a0       0x28 zephyr/libzephyr.a(log_mgmt.c.obj)
                0x00000000100011a0                log_backend_enable
 .text.z_impl_z_log_msg_static_create
                0x00000000100011c8      0x108 zephyr/libzephyr.a(log_msg.c.obj)
                0x00000000100011c8                z_impl_z_log_msg_static_create
 .text.z_log_msg_runtime_vcreate
                0x00000000100012d0       0xa0 zephyr/libzephyr.a(log_msg.c.obj)
                0x00000000100012d0                z_log_msg_runtime_vcreate
 .text.log_msg_get_source_id
                0x0000000010001370       0x18 zephyr/libzephyr.a(log_msg.c.obj)
                0x0000000010001370                log_msg_get_source_id
 .text.print_formatted
                0x0000000010001388       0x24 zephyr/libzephyr.a(log_output.c.obj)
 .text.newline_print
                0x00000000100013ac       0x1c zephyr/libzephyr.a(log_output.c.obj)
 .text.log_output_process
                0x00000000100013c8      0x2d4 zephyr/libzephyr.a(log_output.c.obj)
                0x00000000100013c8                log_output_process
 .text.log_output_dropped_process
                0x000000001000169c       0x58 zephyr/libzephyr.a(log_output.c.obj)
                0x000000001000169c                log_output_dropped_process
 .text.log_output_timestamp_freq_set
                0x00000000100016f4       0x2c zephyr/libzephyr.a(log_output.c.obj)
                0x00000000100016f4                log_output_timestamp_freq_set
 .text.char_out
                0x0000000010001720       0x24 zephyr/libzephyr.a(log_backend_uart.c.obj)
 .text.max32xx_system_init
                0x0000000010001744       0x1c zephyr/libzephyr.a(max32xxx_system.c.obj)
                0x0000000010001744                max32xx_system_init
 .text.SystemCoreClockUpdate
                0x0000000010001760       0x80 zephyr/libzephyr.a(system_max32670.c.obj)
                0x0000000010001760                SystemCoreClockUpdate
 .text.MXC_DelayInit
                0x00000000100017e0       0x7c zephyr/libzephyr.a(mxc_delay.c.obj)
 .text.MXC_DelayAsync
                0x000000001000185c       0x38 zephyr/libzephyr.a(mxc_delay.c.obj)
                0x000000001000185c                MXC_DelayAsync
 .text.MXC_DelayAbort
                0x0000000010001894       0x34 zephyr/libzephyr.a(mxc_delay.c.obj)
                0x0000000010001894                MXC_DelayAbort
 .text.MXC_DelayCheck
                0x00000000100018c8       0x54 zephyr/libzephyr.a(mxc_delay.c.obj)
                0x00000000100018c8                MXC_DelayCheck
 .text.MXC_SYS_ClockDisable
                0x000000001000191c       0x38 zephyr/libzephyr.a(sys_me15.c.obj)
                0x000000001000191c                MXC_SYS_ClockDisable
 .text.MXC_SYS_ClockEnable
                0x0000000010001954       0x44 zephyr/libzephyr.a(sys_me15.c.obj)
                0x0000000010001954                MXC_SYS_ClockEnable
 .text.MXC_SYS_RTCClockEnable
                0x0000000010001998       0x1c zephyr/libzephyr.a(sys_me15.c.obj)
                0x0000000010001998                MXC_SYS_RTCClockEnable
 .text.MXC_SYS_Clock_Timeout
                0x00000000100019b4       0x40 zephyr/libzephyr.a(sys_me15.c.obj)
                0x00000000100019b4                MXC_SYS_Clock_Timeout
 .text.MXC_SYS_ClockSourceEnable
                0x00000000100019f4       0x84 zephyr/libzephyr.a(sys_me15.c.obj)
                0x00000000100019f4                MXC_SYS_ClockSourceEnable
 .text.MXC_SYS_Reset_Periph
                0x0000000010001a78       0x5c zephyr/libzephyr.a(sys_me15.c.obj)
                0x0000000010001a78                MXC_SYS_Reset_Periph
 .text.MXC_DMA_RevA_ReleaseChannel
                0x0000000010001ad4       0x4c zephyr/libzephyr.a(dma_reva.c.obj)
                0x0000000010001ad4                MXC_DMA_RevA_ReleaseChannel
 .text.MXC_UART_Shutdown
                0x0000000010001b20       0x70 zephyr/libzephyr.a(uart_me15.c.obj)
                0x0000000010001b20                MXC_UART_Shutdown
 .text.MXC_UART_GetFrequency
                0x0000000010001b90       0x94 zephyr/libzephyr.a(uart_me15.c.obj)
                0x0000000010001b90                MXC_UART_GetFrequency
 .text.MXC_UART_SetFrequency
                0x0000000010001c24      0x100 zephyr/libzephyr.a(uart_me15.c.obj)
                0x0000000010001c24                MXC_UART_SetFrequency
 .text.MXC_UART_RevB_SetFrequency
                0x0000000010001d24       0x80 zephyr/libzephyr.a(uart_revb.c.obj)
                0x0000000010001d24                MXC_UART_RevB_SetFrequency
 .text.MXC_UART_RevB_GetFrequency
                0x0000000010001da4       0x5c zephyr/libzephyr.a(uart_revb.c.obj)
                0x0000000010001da4                MXC_UART_RevB_GetFrequency
 .text.MXC_SPI_Init
                0x0000000010001e00       0x24 zephyr/libzephyr.a(spi_me15.c.obj)
                0x0000000010001e00                MXC_SPI_Init
 .text.MXC_SPI_Shutdown
                0x0000000010001e24       0x40 zephyr/libzephyr.a(spi_me15.c.obj)
                0x0000000010001e24                MXC_SPI_Shutdown
 .text.MXC_SPI_GetPeripheralClock
                0x0000000010001e64       0x2c zephyr/libzephyr.a(spi_me15.c.obj)
                0x0000000010001e64                MXC_SPI_GetPeripheralClock
 .text.MXC_SPI_RevA1_Init
                0x0000000010001e90       0xe8 zephyr/libzephyr.a(spi_reva1.c.obj)
                0x0000000010001e90                MXC_SPI_RevA1_Init
 .text.MXC_SPI_RevA1_Shutdown
                0x0000000010001f78       0xac zephyr/libzephyr.a(spi_reva1.c.obj)
                0x0000000010001f78                MXC_SPI_RevA1_Shutdown
 .text.MXC_SPI_RevA1_SetFrequency
                0x0000000010002024       0x70 zephyr/libzephyr.a(spi_reva1.c.obj)
                0x0000000010002024                MXC_SPI_RevA1_SetFrequency
 .text.MXC_SPI_RevA1_SetDataSize
                0x0000000010002094       0x88 zephyr/libzephyr.a(spi_reva1.c.obj)
                0x0000000010002094                MXC_SPI_RevA1_SetDataSize
 .text.MXC_SPI_RevA1_SetSlave
                0x000000001000211c       0x70 zephyr/libzephyr.a(spi_reva1.c.obj)
                0x000000001000211c                MXC_SPI_RevA1_SetSlave
 .text.MXC_SPI_RevA1_HWSSControl
                0x000000001000218c       0x40 zephyr/libzephyr.a(spi_reva1.c.obj)
                0x000000001000218c                MXC_SPI_RevA1_HWSSControl
 .text.z_arm_fatal_error
                0x00000000100021cc       0xb8 zephyr/arch/arch/arm/core/libarch__arm__core.a(fatal.c.obj)
                0x00000000100021cc                z_arm_fatal_error
 .text.z_SysNmiOnReset
                0x0000000010002284        0x8 zephyr/arch/arch/arm/core/libarch__arm__core.a(nmi_on_reset.S.obj)
                0x0000000010002284                z_SysNmiOnReset
 .text.arch_tls_stack_setup
                0x000000001000228c       0x40 zephyr/arch/arch/arm/core/libarch__arm__core.a(tls.c.obj)
                0x000000001000228c                arch_tls_stack_setup
 .text._HandlerModeExit
                0x00000000100022cc       0x28 zephyr/arch/arch/arm/core/cortex_m/libarch__arm__core__cortex_m.a(exc_exit.c.obj)
                0x00000000100022cc                z_arm_int_exit
                0x00000000100022cc                z_arm_exc_exit
 .text.mem_manage_fault.constprop.0
                0x00000000100022f4       0xd0 zephyr/arch/arch/arm/core/cortex_m/libarch__arm__core__cortex_m.a(fault.c.obj)
 .text.usage_fault.constprop.0
                0x00000000100023c4       0xa8 zephyr/arch/arch/arm/core/cortex_m/libarch__arm__core__cortex_m.a(fault.c.obj)
 .text.bus_fault.constprop.0
                0x000000001000246c       0xd0 zephyr/arch/arch/arm/core/cortex_m/libarch__arm__core__cortex_m.a(fault.c.obj)
 .text.z_arm_fault
                0x000000001000253c      0x1d0 zephyr/arch/arch/arm/core/cortex_m/libarch__arm__core__cortex_m.a(fault.c.obj)
                0x000000001000253c                z_arm_fault
 .text.z_arm_fault_init
                0x000000001000270c       0x18 zephyr/arch/arch/arm/core/cortex_m/libarch__arm__core__cortex_m.a(fault.c.obj)
                0x000000001000270c                z_arm_fault_init
 .text.__fault  0x0000000010002724       0x14 zephyr/arch/arch/arm/core/cortex_m/libarch__arm__core__cortex_m.a(fault_s.S.obj)
                0x0000000010002724                z_arm_usage_fault
                0x0000000010002724                z_arm_mpu_fault
                0x0000000010002724                z_arm_exc_spurious
                0x0000000010002724                z_arm_debug_monitor
                0x0000000010002724                z_arm_hard_fault
                0x0000000010002724                z_arm_bus_fault
 .text._reset_section
                0x0000000010002738       0x2c zephyr/arch/arch/arm/core/cortex_m/libarch__arm__core__cortex_m.a(reset.S.obj)
                0x0000000010002738                __start
                0x0000000010002738                z_arm_reset
 .text.z_impl_k_thread_abort
                0x0000000010002764       0x2c zephyr/arch/arch/arm/core/cortex_m/libarch__arm__core__cortex_m.a(thread_abort.c.obj)
                0x0000000010002764                z_impl_k_thread_abort
 .text.arch_swap
                0x0000000010002790       0x30 zephyr/arch/arch/arm/core/cortex_m/libarch__arm__core__cortex_m.a(swap.c.obj)
                0x0000000010002790                arch_swap
 .text.z_arm_pendsv_c
                0x00000000100027c0       0x40 zephyr/arch/arch/arm/core/cortex_m/libarch__arm__core__cortex_m.a(swap.c.obj)
                0x00000000100027c0                z_arm_pendsv_c
 .text.z_arm_pendsv
                0x0000000010002800       0x34 zephyr/arch/arch/arm/core/cortex_m/libarch__arm__core__cortex_m.a(swap_helper.S.obj)
                0x0000000010002800                z_arm_pendsv
 .text.z_arm_svc
                0x0000000010002834       0x20 zephyr/arch/arch/arm/core/cortex_m/libarch__arm__core__cortex_m.a(swap_helper.S.obj)
                0x0000000010002834                z_arm_svc
 .text.arch_irq_enable
                0x0000000010002854       0x1c zephyr/arch/arch/arm/core/cortex_m/libarch__arm__core__cortex_m.a(irq_manage.c.obj)
                0x0000000010002854                arch_irq_enable
 .text.z_arm_irq_priority_set
                0x0000000010002870       0x30 zephyr/arch/arch/arm/core/cortex_m/libarch__arm__core__cortex_m.a(irq_manage.c.obj)
                0x0000000010002870                z_arm_irq_priority_set
 .text.z_prep_c
                0x00000000100028a0       0x48 zephyr/arch/arch/arm/core/cortex_m/libarch__arm__core__cortex_m.a(prep_c.c.obj)
                0x00000000100028a0                z_prep_c
 .text.arch_new_thread
                0x00000000100028e8       0x38 zephyr/arch/arch/arm/core/cortex_m/libarch__arm__core__cortex_m.a(thread.c.obj)
                0x00000000100028e8                arch_new_thread
 .text.arch_switch_to_main_thread
                0x0000000010002920       0x40 zephyr/arch/arch/arm/core/cortex_m/libarch__arm__core__cortex_m.a(thread.c.obj)
                0x0000000010002920                arch_switch_to_main_thread
 .text.z_arm_cpu_idle_init
                0x0000000010002960        0xc zephyr/arch/arch/arm/core/cortex_m/libarch__arm__core__cortex_m.a(cpu_idle.c.obj)
                0x0000000010002960                z_arm_cpu_idle_init
 .text.z_arm_interrupt_init
                0x000000001000296c       0x18 zephyr/arch/arch/arm/core/cortex_m/libarch__arm__core__cortex_m.a(irq_init.c.obj)
                0x000000001000296c                z_arm_interrupt_init
 .text._isr_wrapper
                0x0000000010002984       0x24 zephyr/arch/arch/arm/core/cortex_m/libarch__arm__core__cortex_m.a(isr_wrapper.c.obj)
                0x0000000010002984                _isr_wrapper
 .text.z_impl_zephyr_fputc
                0x00000000100029a8       0x10 zephyr/lib/libc/picolibc/liblib__libc__picolibc.a(libc-hooks.c.obj)
                0x00000000100029a8                z_impl_zephyr_fputc
 .text.__stdout_hook_install
                0x00000000100029b8       0x18 zephyr/lib/libc/picolibc/liblib__libc__picolibc.a(libc-hooks.c.obj)
                0x00000000100029b8                __stdout_hook_install
 .text.cbvprintf
                0x00000000100029d0       0x38 zephyr/lib/libc/picolibc/liblib__libc__picolibc.a(libc-hooks.c.obj)
                0x00000000100029d0                cbvprintf
 .text.malloc_prepare
                0x0000000010002a08       0x24 zephyr/lib/libc/common/liblib__libc__common.a(malloc.c.obj)
 .text.api_get_rate
                0x0000000010002a2c       0x54 zephyr/drivers/clock_control/libdrivers__clock_control.a(clock_control_max32.c.obj)
 .text.uart_console_init
                0x0000000010002a80       0x28 zephyr/drivers/console/libdrivers__console.a(uart_console.c.obj)
 .text.console_out
                0x0000000010002aa8       0x28 zephyr/drivers/console/libdrivers__console.a(uart_console.c.obj)
 .text.gpio_max32_init
                0x0000000010002ad0       0x30 zephyr/drivers/gpio/libdrivers__gpio.a(gpio_max32.c.obj)
 .text.pinctrl_configure_pins
                0x0000000010002b00       0xc4 zephyr/drivers/pinctrl/libdrivers__pinctrl.a(pinctrl_max32.c.obj)
                0x0000000010002b00                pinctrl_configure_pins
 .text.uart_max32_init
                0x0000000010002bc4       0xa8 zephyr/drivers/serial/libdrivers__serial.a(uart_max32.c.obj)
 .text.api_transceive
                0x0000000010002c6c      0x528 zephyr/drivers/spi/libdrivers__spi.a(spi_max32.c.obj)
 .text.spi_max32_init
                0x0000000010003194      0x100 zephyr/drivers/spi/libdrivers__spi.a(spi_max32.c.obj)
 .text.elapsed  0x0000000010003294       0x4c zephyr/drivers/timer/libdrivers__timer.a(cortex_m_systick.c.obj)
 .text.sys_clock_driver_init
                0x00000000100032e0       0x38 zephyr/drivers/timer/libdrivers__timer.a(cortex_m_systick.c.obj)
 .text.sys_clock_isr
                0x0000000010003318       0x60 zephyr/drivers/timer/libdrivers__timer.a(cortex_m_systick.c.obj)
                0x0000000010003318                sys_clock_isr
 .text.sys_clock_set_timeout
                0x0000000010003378       0xf8 zephyr/drivers/timer/libdrivers__timer.a(cortex_m_systick.c.obj)
                0x0000000010003378                sys_clock_set_timeout
 .text.sys_clock_elapsed
                0x0000000010003470       0x3c zephyr/drivers/timer/libdrivers__timer.a(cortex_m_systick.c.obj)
                0x0000000010003470                sys_clock_elapsed
 .text.sys_clock_cycle_get_32
                0x00000000100034ac       0x28 zephyr/drivers/timer/libdrivers__timer.a(cortex_m_systick.c.obj)
                0x00000000100034ac                sys_clock_cycle_get_32
 .text.k_sys_fatal_error_handler
                0x00000000100034d4       0x20 zephyr/kernel/libkernel.a(fatal.c.obj)
                0x00000000100034d4                k_sys_fatal_error_handler
 .text.z_fatal_error
                0x00000000100034f4       0xe8 zephyr/kernel/libkernel.a(fatal.c.obj)
                0x00000000100034f4                z_fatal_error
 .text.z_sys_init_run_level
                0x00000000100035dc       0x2c zephyr/kernel/libkernel.a(init.c.obj)
 .text.bg_thread_main
                0x0000000010003608       0xc4 zephyr/kernel/libkernel.a(init.c.obj)
 .text.z_bss_zero
                0x00000000100036cc       0x18 zephyr/kernel/libkernel.a(init.c.obj)
                0x00000000100036cc                z_bss_zero
 .text.z_init_cpu
                0x00000000100036e4       0x68 zephyr/kernel/libkernel.a(init.c.obj)
                0x00000000100036e4                z_init_cpu
 .text.z_cstart
                0x000000001000374c       0xcc zephyr/kernel/libkernel.a(init.c.obj)
                0x000000001000374c                z_cstart
 .text.z_impl_k_sem_give
                0x0000000010003818       0x48 zephyr/kernel/libkernel.a(sem.c.obj)
                0x0000000010003818                z_impl_k_sem_give
 .text.z_impl_k_sem_take
                0x0000000010003860       0x4c zephyr/kernel/libkernel.a(sem.c.obj)
                0x0000000010003860                z_impl_k_sem_take
 .text.z_setup_new_thread
                0x00000000100038ac       0xb4 zephyr/kernel/libkernel.a(thread.c.obj)
                0x00000000100038ac                z_setup_new_thread
 .text.z_impl_k_thread_create
                0x0000000010003960       0x58 zephyr/kernel/libkernel.a(thread.c.obj)
                0x0000000010003960                z_impl_k_thread_create
 .text.update_cache
                0x00000000100039b8       0x3c zephyr/kernel/libkernel.a(sched.c.obj)
 .text.unready_thread
                0x00000000100039f4       0x30 zephyr/kernel/libkernel.a(sched.c.obj)
 .text.ready_thread
                0x0000000010003a24       0x68 zephyr/kernel/libkernel.a(sched.c.obj)
 .text.z_thread_halt
                0x0000000010003a8c       0xd8 zephyr/kernel/libkernel.a(sched.c.obj)
 .text.move_thread_to_end_of_prio_q
                0x0000000010003b64       0x74 zephyr/kernel/libkernel.a(sched.c.obj)
                0x0000000010003b64                move_thread_to_end_of_prio_q
 .text.z_pend_curr
                0x0000000010003bd8       0x58 zephyr/kernel/libkernel.a(sched.c.obj)
                0x0000000010003bd8                z_pend_curr
 .text.z_reschedule
                0x0000000010003c30       0x24 zephyr/kernel/libkernel.a(sched.c.obj)
                0x0000000010003c30                z_reschedule
 .text.z_sched_start
                0x0000000010003c54       0x3c zephyr/kernel/libkernel.a(sched.c.obj)
                0x0000000010003c54                z_sched_start
 .text.z_reschedule_irqlock
                0x0000000010003c90       0x28 zephyr/kernel/libkernel.a(sched.c.obj)
                0x0000000010003c90                z_reschedule_irqlock
 .text.k_sched_lock
                0x0000000010003cb8       0x28 zephyr/kernel/libkernel.a(sched.c.obj)
                0x0000000010003cb8                k_sched_lock
 .text.k_sched_unlock
                0x0000000010003ce0       0x78 zephyr/kernel/libkernel.a(sched.c.obj)
                0x0000000010003ce0                k_sched_unlock
 .text.z_sched_init
                0x0000000010003d58       0x10 zephyr/kernel/libkernel.a(sched.c.obj)
                0x0000000010003d58                z_sched_init
 .text.z_impl_k_yield
                0x0000000010003d68       0x7c zephyr/kernel/libkernel.a(sched.c.obj)
                0x0000000010003d68                z_impl_k_yield
 .text.z_tick_sleep
                0x0000000010003de4       0xc8 zephyr/kernel/libkernel.a(sched.c.obj)
 .text.z_impl_k_sleep
                0x0000000010003eac       0x3c zephyr/kernel/libkernel.a(sched.c.obj)
                0x0000000010003eac                z_impl_k_sleep
 .text.z_impl_k_sched_current_thread_query
                0x0000000010003ee8        0xc zephyr/kernel/libkernel.a(sched.c.obj)
                0x0000000010003ee8                z_impl_k_sched_current_thread_query
 .text.slice_timeout
                0x0000000010003ef4       0x20 zephyr/kernel/libkernel.a(timeslicing.c.obj)
 .text.thread_is_sliceable
                0x0000000010003f14       0x3c zephyr/kernel/libkernel.a(timeslicing.c.obj)
                0x0000000010003f14                thread_is_sliceable
 .text.z_reset_time_slice
                0x0000000010003f50       0x50 zephyr/kernel/libkernel.a(timeslicing.c.obj)
                0x0000000010003f50                z_reset_time_slice
 .text.z_time_slice
                0x0000000010003fa0       0x60 zephyr/kernel/libkernel.a(timeslicing.c.obj)
                0x0000000010003fa0                z_time_slice
 .text.z_data_copy
                0x0000000010004000       0x34 zephyr/kernel/libkernel.a(xip.c.obj)
                0x0000000010004000                z_data_copy
 .text.elapsed  0x0000000010004034       0x14 zephyr/kernel/libkernel.a(timeout.c.obj)
 .text.remove_timeout
                0x0000000010004048       0x38 zephyr/kernel/libkernel.a(timeout.c.obj)
 .text.next_timeout
                0x0000000010004080       0x40 zephyr/kernel/libkernel.a(timeout.c.obj)
 .text.z_add_timeout
                0x00000000100040c0       0xf4 zephyr/kernel/libkernel.a(timeout.c.obj)
                0x00000000100040c0                z_add_timeout
 .text.sys_clock_announce
                0x00000000100041b4       0xd0 zephyr/kernel/libkernel.a(timeout.c.obj)
                0x00000000100041b4                sys_clock_announce
 .text.sys_clock_tick_get
                0x0000000010004284       0x30 zephyr/kernel/libkernel.a(timeout.c.obj)
                0x0000000010004284                sys_clock_tick_get
 .text.z_timer_expiration_handler
                0x00000000100042b4       0xe0 zephyr/kernel/libkernel.a(timer.c.obj)
                0x00000000100042b4                z_timer_expiration_handler
 .text.z_impl_k_timer_start
                0x0000000010004394       0x74 zephyr/kernel/libkernel.a(timer.c.obj)
                0x0000000010004394                z_impl_k_timer_start
 .text.boot_banner
                0x0000000010004408        0xc zephyr/kernel/libkernel.a(banner.c.obj)
                0x0000000010004408                boot_banner
 .text.printf   0x0000000010004414       0x24 c:\users\aputhenp\zephyr-sdk-0.16.8\arm-zephyr-eabi\bin\../lib/gcc/../../picolibc/arm-zephyr-eabi/lib/thumb/v7e-m/nofp\libc.a(libc_tinystdio_printf.c.o)
                0x0000000010004414                printf
 .text.puts     0x0000000010004438       0x40 c:\users\aputhenp\zephyr-sdk-0.16.8\arm-zephyr-eabi\bin\../lib/gcc/../../picolibc/arm-zephyr-eabi/lib/thumb/v7e-m/nofp\libc.a(libc_tinystdio_puts.c.o)
                0x0000000010004438                puts
 .text.snprintf
                0x0000000010004478       0x58 c:\users\aputhenp\zephyr-sdk-0.16.8\arm-zephyr-eabi\bin\../lib/gcc/../../picolibc/arm-zephyr-eabi/lib/thumb/v7e-m/nofp\libc.a(libc_tinystdio_snprintf.c.o)
                0x0000000010004478                snprintf
 .text.__l_vfprintf
                0x00000000100044d0      0x4b8 c:\users\aputhenp\zephyr-sdk-0.16.8\arm-zephyr-eabi\bin\../lib/gcc/../../picolibc/arm-zephyr-eabi/lib/thumb/v7e-m/nofp\libc.a(libc_tinystdio_vflprintf.c.o)
                0x00000000100044d0                __l_vfprintf
 .text._OffsetAbsSyms
                0x0000000010004988        0x2 zephyr/CMakeFiles/offsets.dir/./arch/arm/core/offsets/offsets.c.obj
                0x0000000010004988                _OffsetAbsSyms
 .text.chunk_size
                0x000000001000498a        0xa zephyr/libzephyr.a(heap.c.obj)
 .text.free_list_add
                0x0000000010004994       0x4e zephyr/libzephyr.a(heap.c.obj)
 .text.sys_heap_init
                0x00000000100049e2       0x7a zephyr/libzephyr.a(heap.c.obj)
                0x00000000100049e2                sys_heap_init
 .text.cbpprintf_external
                0x0000000010004a5c       0x62 zephyr/libzephyr.a(cbprintf_packaged.c.obj)
                0x0000000010004a5c                cbpprintf_external
 .text.is_ptr   0x0000000010004abe       0x4a zephyr/libzephyr.a(cbprintf_packaged.c.obj)
                0x0000000010004abe                is_ptr
 .text.arch_printk_char_out
                0x0000000010004b08        0x4 zephyr/libzephyr.a(printk.c.obj)
                0x0000000010004b08                arch_printk_char_out
 .text.printk   0x0000000010004b0c       0x1a zephyr/libzephyr.a(printk.c.obj)
                0x0000000010004b0c                printk
 .text.free_space
                0x0000000010004b26       0x26 zephyr/libzephyr.a(mpsc_pbuf.c.obj)
 .text.get_usage
                0x0000000010004b4c       0x22 zephyr/libzephyr.a(mpsc_pbuf.c.obj)
 .text.idx_inc  0x0000000010004b6e       0x1c zephyr/libzephyr.a(mpsc_pbuf.c.obj)
 .text.rd_idx_inc
                0x0000000010004b8a       0x18 zephyr/libzephyr.a(mpsc_pbuf.c.obj)
 .text.add_skip_item
                0x0000000010004ba2       0x3a zephyr/libzephyr.a(mpsc_pbuf.c.obj)
 .text.drop_item_locked
                0x0000000010004bdc       0xee zephyr/libzephyr.a(mpsc_pbuf.c.obj)
 .text.post_drop_action
                0x0000000010004cca       0x36 zephyr/libzephyr.a(mpsc_pbuf.c.obj)
 .text.max_utilization_update
                0x0000000010004d00       0x1a zephyr/libzephyr.a(mpsc_pbuf.c.obj)
 .text.mpsc_pbuf_init
                0x0000000010004d1a       0x42 zephyr/libzephyr.a(mpsc_pbuf.c.obj)
                0x0000000010004d1a                mpsc_pbuf_init
 .text.mpsc_pbuf_alloc
                0x0000000010004d5c       0xf8 zephyr/libzephyr.a(mpsc_pbuf.c.obj)
                0x0000000010004d5c                mpsc_pbuf_alloc
 .text.mpsc_pbuf_commit
                0x0000000010004e54       0x3e zephyr/libzephyr.a(mpsc_pbuf.c.obj)
                0x0000000010004e54                mpsc_pbuf_commit
 .text.mpsc_pbuf_claim
                0x0000000010004e92       0xa8 zephyr/libzephyr.a(mpsc_pbuf.c.obj)
                0x0000000010004e92                mpsc_pbuf_claim
 .text.mpsc_pbuf_free
                0x0000000010004f3a       0x76 zephyr/libzephyr.a(mpsc_pbuf.c.obj)
                0x0000000010004f3a                mpsc_pbuf_free
 .text.mpsc_pbuf_is_pending
                0x0000000010004fb0       0x1a zephyr/libzephyr.a(mpsc_pbuf.c.obj)
                0x0000000010004fb0                mpsc_pbuf_is_pending
 .text._ConfigAbsSyms
                0x0000000010004fca        0x2 zephyr/libzephyr.a(configs.c.obj)
                0x0000000010004fca                _ConfigAbsSyms
 .text.max32xxx_init
                0x0000000010004fcc        0xa zephyr/libzephyr.a(soc.c.obj)
 .text.z_arm_on_enter_cpu_idle
                0x0000000010004fd6        0x4 zephyr/libzephyr.a(soc.c.obj)
                0x0000000010004fd6                z_arm_on_enter_cpu_idle
 .text.log_msg_generic_get_wlen
                0x0000000010004fda       0x20 zephyr/libzephyr.a(log_core.c.obj)
 .text.dummy_timestamp
                0x0000000010004ffa        0x4 zephyr/libzephyr.a(log_core.c.obj)
 .text.atomic_inc
                0x0000000010004ffe       0x1a zephyr/libzephyr.a(log_core.c.obj)
 .text.default_lf_get_timestamp
                0x0000000010005018       0x10 zephyr/libzephyr.a(log_core.c.obj)
 .text.z_log_vprintk
                0x0000000010005028       0x1c zephyr/libzephyr.a(log_core.c.obj)
                0x0000000010005028                z_log_vprintk
 .text.z_log_notify_drop
                0x0000000010005044        0x6 zephyr/libzephyr.a(log_core.c.obj)
 .text.z_log_get_tag
                0x000000001000504a        0x4 zephyr/libzephyr.a(log_core.c.obj)
                0x000000001000504a                z_log_get_tag
 .text.z_cbprintf_cpy
                0x000000001000504e       0x2c zephyr/libzephyr.a(log_msg.c.obj)
 .text.z_log_msg_finalize
                0x000000001000507a       0x32 zephyr/libzephyr.a(log_msg.c.obj)
                0x000000001000507a                z_log_msg_finalize
 .text.z_log_msg_simple_create
                0x00000000100050ac       0x6e zephyr/libzephyr.a(log_msg.c.obj)
 .text.z_impl_z_log_msg_simple_create_0
                0x000000001000511a       0x12 zephyr/libzephyr.a(log_msg.c.obj)
                0x000000001000511a                z_impl_z_log_msg_simple_create_0
 .text.z_impl_z_log_msg_simple_create_1
                0x000000001000512c       0x14 zephyr/libzephyr.a(log_msg.c.obj)
                0x000000001000512c                z_impl_z_log_msg_simple_create_1
 .text.buffer_write
                0x0000000010005140       0x1c zephyr/libzephyr.a(log_output.c.obj)
 .text.log_output_flush
                0x000000001000515c       0x1a zephyr/libzephyr.a(log_output.c.obj)
                0x000000001000515c                log_output_flush
 .text.out_func
                0x0000000010005176       0x36 zephyr/libzephyr.a(log_output.c.obj)
 .text.cr_out_func
                0x00000000100051ac       0x1c zephyr/libzephyr.a(log_output.c.obj)
 .text.log_output_msg_process
                0x00000000100051c8       0x6a zephyr/libzephyr.a(log_output.c.obj)
                0x00000000100051c8                log_output_msg_process
 .text.format_set
                0x0000000010005232        0xc zephyr/libzephyr.a(log_backend_uart.c.obj)
 .text.log_backend_uart_init
                0x000000001000523e        0xc zephyr/libzephyr.a(log_backend_uart.c.obj)
 .text.panic    0x000000001000524a       0x10 zephyr/libzephyr.a(log_backend_uart.c.obj)
 .text.dropped  0x000000001000525a        0xa zephyr/libzephyr.a(log_backend_uart.c.obj)
 .text.process  0x0000000010005264       0x1e zephyr/libzephyr.a(log_backend_uart.c.obj)
 .text.MXC_GetLock
                0x0000000010005282       0x1c zephyr/libzephyr.a(mxc_lock.c.obj)
                0x0000000010005282                MXC_GetLock
 .text.MXC_FreeLock
                0x000000001000529e        0xa zephyr/libzephyr.a(mxc_lock.c.obj)
                0x000000001000529e                MXC_FreeLock
 .text.MXC_SYS_Clock_Select
                0x00000000100052a8      0x130 zephyr/libzephyr.a(sys_me15.c.obj)
                0x00000000100052a8                MXC_SYS_Clock_Select
 .text.MXC_SYS_SetClockDiv
                0x00000000100053d8       0x22 zephyr/libzephyr.a(sys_me15.c.obj)
                0x00000000100053d8                MXC_SYS_SetClockDiv
 .text.MXC_UART_Common_WriteCharacter
                0x00000000100053fa       0x1c zephyr/libzephyr.a(uart_common.c.obj)
                0x00000000100053fa                MXC_UART_Common_WriteCharacter
 .text.MXC_UART_SetDataSize
                0x0000000010005416        0x4 zephyr/libzephyr.a(uart_me15.c.obj)
                0x0000000010005416                MXC_UART_SetDataSize
 .text.MXC_UART_SetStopBits
                0x000000001000541a        0x4 zephyr/libzephyr.a(uart_me15.c.obj)
                0x000000001000541a                MXC_UART_SetStopBits
 .text.MXC_UART_SetParity
                0x000000001000541e        0x4 zephyr/libzephyr.a(uart_me15.c.obj)
                0x000000001000541e                MXC_UART_SetParity
 .text.MXC_UART_GetActive
                0x0000000010005422        0x4 zephyr/libzephyr.a(uart_me15.c.obj)
                0x0000000010005422                MXC_UART_GetActive
 .text.MXC_UART_ReadCharacterRaw
                0x0000000010005426        0x4 zephyr/libzephyr.a(uart_me15.c.obj)
                0x0000000010005426                MXC_UART_ReadCharacterRaw
 .text.MXC_UART_WriteCharacterRaw
                0x000000001000542a        0x4 zephyr/libzephyr.a(uart_me15.c.obj)
                0x000000001000542a                MXC_UART_WriteCharacterRaw
 .text.MXC_UART_WriteCharacter
                0x000000001000542e        0x4 zephyr/libzephyr.a(uart_me15.c.obj)
                0x000000001000542e                MXC_UART_WriteCharacter
 .text.MXC_UART_ReadRXFIFO
                0x0000000010005432        0x4 zephyr/libzephyr.a(uart_me15.c.obj)
                0x0000000010005432                MXC_UART_ReadRXFIFO
 .text.MXC_UART_WriteTXFIFO
                0x0000000010005436        0x4 zephyr/libzephyr.a(uart_me15.c.obj)
                0x0000000010005436                MXC_UART_WriteTXFIFO
 .text.MXC_UART_GetTXFIFOAvailable
                0x000000001000543a        0x4 zephyr/libzephyr.a(uart_me15.c.obj)
                0x000000001000543a                MXC_UART_GetTXFIFOAvailable
 .text.MXC_UART_SetRXThreshold
                0x000000001000543e        0x4 zephyr/libzephyr.a(uart_me15.c.obj)
                0x000000001000543e                MXC_UART_SetRXThreshold
 .text.MXC_UART_GetFlags
                0x0000000010005442        0x4 zephyr/libzephyr.a(uart_me15.c.obj)
                0x0000000010005442                MXC_UART_GetFlags
 .text.MXC_UART_ClearFlags
                0x0000000010005446        0x4 zephyr/libzephyr.a(uart_me15.c.obj)
                0x0000000010005446                MXC_UART_ClearFlags
 .text.MXC_UART_EnableInt
                0x000000001000544a        0x4 zephyr/libzephyr.a(uart_me15.c.obj)
                0x000000001000544a                MXC_UART_EnableInt
 .text.MXC_UART_DisableInt
                0x000000001000544e        0x4 zephyr/libzephyr.a(uart_me15.c.obj)
                0x000000001000544e                MXC_UART_DisableInt
 .text.MXC_UART_GetStatus
                0x0000000010005452        0x4 zephyr/libzephyr.a(uart_me15.c.obj)
                0x0000000010005452                MXC_UART_GetStatus
 .text.MXC_UART_RevB_SetDataSize
                0x0000000010005456       0x1c zephyr/libzephyr.a(uart_revb.c.obj)
                0x0000000010005456                MXC_UART_RevB_SetDataSize
 .text.MXC_UART_RevB_SetStopBits
                0x0000000010005472       0x20 zephyr/libzephyr.a(uart_revb.c.obj)
                0x0000000010005472                MXC_UART_RevB_SetStopBits
 .text.MXC_UART_RevB_SetParity
                0x0000000010005492       0x70 zephyr/libzephyr.a(uart_revb.c.obj)
                0x0000000010005492                MXC_UART_RevB_SetParity
 .text.MXC_UART_RevB_GetActive
                0x0000000010005502       0x10 zephyr/libzephyr.a(uart_revb.c.obj)
                0x0000000010005502                MXC_UART_RevB_GetActive
 .text.MXC_UART_RevB_ReadCharacterRaw
                0x0000000010005512        0xe zephyr/libzephyr.a(uart_revb.c.obj)
                0x0000000010005512                MXC_UART_RevB_ReadCharacterRaw
 .text.MXC_UART_RevB_WriteCharacterRaw
                0x0000000010005520       0x12 zephyr/libzephyr.a(uart_revb.c.obj)
                0x0000000010005520                MXC_UART_RevB_WriteCharacterRaw
 .text.MXC_UART_RevB_ReadRXFIFO
                0x0000000010005532       0x1a zephyr/libzephyr.a(uart_revb.c.obj)
                0x0000000010005532                MXC_UART_RevB_ReadRXFIFO
 .text.MXC_UART_RevB_WriteTXFIFO
                0x000000001000554c       0x1a zephyr/libzephyr.a(uart_revb.c.obj)
                0x000000001000554c                MXC_UART_RevB_WriteTXFIFO
 .text.MXC_UART_RevB_GetTXFIFOAvailable
                0x0000000010005566        0xc zephyr/libzephyr.a(uart_revb.c.obj)
                0x0000000010005566                MXC_UART_RevB_GetTXFIFOAvailable
 .text.MXC_UART_RevB_SetRXThreshold
                0x0000000010005572       0x1a zephyr/libzephyr.a(uart_revb.c.obj)
                0x0000000010005572                MXC_UART_RevB_SetRXThreshold
 .text.MXC_UART_RevB_GetFlags
                0x000000001000558c        0x4 zephyr/libzephyr.a(uart_revb.c.obj)
                0x000000001000558c                MXC_UART_RevB_GetFlags
 .text.MXC_UART_RevB_ClearFlags
                0x0000000010005590        0x6 zephyr/libzephyr.a(uart_revb.c.obj)
                0x0000000010005590                MXC_UART_RevB_ClearFlags
 .text.MXC_UART_RevB_EnableInt
                0x0000000010005596        0xa zephyr/libzephyr.a(uart_revb.c.obj)
                0x0000000010005596                MXC_UART_RevB_EnableInt
 .text.MXC_UART_RevB_DisableInt
                0x00000000100055a0        0xc zephyr/libzephyr.a(uart_revb.c.obj)
                0x00000000100055a0                MXC_UART_RevB_DisableInt
 .text.MXC_UART_RevB_GetStatus
                0x00000000100055ac        0x4 zephyr/libzephyr.a(uart_revb.c.obj)
                0x00000000100055ac                MXC_UART_RevB_GetStatus
 .text.MXC_GPIO_Config
                0x00000000100055b0       0x6a zephyr/libzephyr.a(gpio_me15.c.obj)
                0x00000000100055b0                MXC_GPIO_Config
 .text.MXC_GPIO_InGet
                0x000000001000561a        0x4 zephyr/libzephyr.a(gpio_me15.c.obj)
                0x000000001000561a                MXC_GPIO_InGet
 .text.MXC_GPIO_OutSet
                0x000000001000561e        0x4 zephyr/libzephyr.a(gpio_me15.c.obj)
                0x000000001000561e                MXC_GPIO_OutSet
 .text.MXC_GPIO_OutClr
                0x0000000010005622        0x4 zephyr/libzephyr.a(gpio_me15.c.obj)
                0x0000000010005622                MXC_GPIO_OutClr
 .text.MXC_GPIO_OutPut
                0x0000000010005626        0x4 zephyr/libzephyr.a(gpio_me15.c.obj)
                0x0000000010005626                MXC_GPIO_OutPut
 .text.MXC_GPIO_OutToggle
                0x000000001000562a        0x4 zephyr/libzephyr.a(gpio_me15.c.obj)
                0x000000001000562a                MXC_GPIO_OutToggle
 .text.MXC_GPIO_IntConfig
                0x000000001000562e        0x4 zephyr/libzephyr.a(gpio_me15.c.obj)
                0x000000001000562e                MXC_GPIO_IntConfig
 .text.MXC_GPIO_EnableInt
                0x0000000010005632        0x4 zephyr/libzephyr.a(gpio_me15.c.obj)
                0x0000000010005632                MXC_GPIO_EnableInt
 .text.MXC_GPIO_DisableInt
                0x0000000010005636        0x4 zephyr/libzephyr.a(gpio_me15.c.obj)
                0x0000000010005636                MXC_GPIO_DisableInt
 .text.MXC_GPIO_ClearFlags
                0x000000001000563a        0x4 zephyr/libzephyr.a(gpio_me15.c.obj)
                0x000000001000563a                MXC_GPIO_ClearFlags
 .text.MXC_GPIO_GetFlags
                0x000000001000563e        0x4 zephyr/libzephyr.a(gpio_me15.c.obj)
                0x000000001000563e                MXC_GPIO_GetFlags
 .text.MXC_GPIO_RevA_InGet
                0x0000000010005642        0x6 zephyr/libzephyr.a(gpio_reva.c.obj)
                0x0000000010005642                MXC_GPIO_RevA_InGet
 .text.MXC_GPIO_RevA_OutSet
                0x0000000010005648        0x4 zephyr/libzephyr.a(gpio_reva.c.obj)
                0x0000000010005648                MXC_GPIO_RevA_OutSet
 .text.MXC_GPIO_RevA_OutClr
                0x000000001000564c        0x4 zephyr/libzephyr.a(gpio_reva.c.obj)
                0x000000001000564c                MXC_GPIO_RevA_OutClr
 .text.MXC_GPIO_RevA_OutPut
                0x0000000010005650        0xc zephyr/libzephyr.a(gpio_reva.c.obj)
                0x0000000010005650                MXC_GPIO_RevA_OutPut
 .text.MXC_GPIO_RevA_OutToggle
                0x000000001000565c        0x8 zephyr/libzephyr.a(gpio_reva.c.obj)
                0x000000001000565c                MXC_GPIO_RevA_OutToggle
 .text.MXC_GPIO_RevA_IntConfig
                0x0000000010005664       0x6c zephyr/libzephyr.a(gpio_reva.c.obj)
                0x0000000010005664                MXC_GPIO_RevA_IntConfig
 .text.MXC_GPIO_RevA_EnableInt
                0x00000000100056d0        0x4 zephyr/libzephyr.a(gpio_reva.c.obj)
                0x00000000100056d0                MXC_GPIO_RevA_EnableInt
 .text.MXC_GPIO_RevA_DisableInt
                0x00000000100056d4        0x4 zephyr/libzephyr.a(gpio_reva.c.obj)
                0x00000000100056d4                MXC_GPIO_RevA_DisableInt
 .text.MXC_GPIO_RevA_ClearFlags
                0x00000000100056d8        0x4 zephyr/libzephyr.a(gpio_reva.c.obj)
                0x00000000100056d8                MXC_GPIO_RevA_ClearFlags
 .text.MXC_GPIO_RevA_GetFlags
                0x00000000100056dc        0x4 zephyr/libzephyr.a(gpio_reva.c.obj)
                0x00000000100056dc                MXC_GPIO_RevA_GetFlags
 .text.MXC_GPIO_RevA_SetAF
                0x00000000100056e0       0x56 zephyr/libzephyr.a(gpio_reva.c.obj)
                0x00000000100056e0                MXC_GPIO_RevA_SetAF
 .text.MXC_GPIO_RevA_SetDriveStrength
                0x0000000010005736       0x4c zephyr/libzephyr.a(gpio_reva.c.obj)
                0x0000000010005736                MXC_GPIO_RevA_SetDriveStrength
 .text.MXC_SPI_SetFrequency
                0x0000000010005782        0x4 zephyr/libzephyr.a(spi_me15.c.obj)
                0x0000000010005782                MXC_SPI_SetFrequency
 .text.MXC_SPI_SetDataSize
                0x0000000010005786        0x4 zephyr/libzephyr.a(spi_me15.c.obj)
                0x0000000010005786                MXC_SPI_SetDataSize
 .text.MXC_SPI_GetDataSize
                0x000000001000578a        0x4 zephyr/libzephyr.a(spi_me15.c.obj)
                0x000000001000578a                MXC_SPI_GetDataSize
 .text.MXC_SPI_SetSlave
                0x000000001000578e        0x4 zephyr/libzephyr.a(spi_me15.c.obj)
                0x000000001000578e                MXC_SPI_SetSlave
 .text.MXC_SPI_SetMode
                0x0000000010005792        0x4 zephyr/libzephyr.a(spi_me15.c.obj)
                0x0000000010005792                MXC_SPI_SetMode
 .text.MXC_SPI_ReadRXFIFO
                0x0000000010005796        0x4 zephyr/libzephyr.a(spi_me15.c.obj)
                0x0000000010005796                MXC_SPI_ReadRXFIFO
 .text.MXC_SPI_GetRXFIFOAvailable
                0x000000001000579a        0x4 zephyr/libzephyr.a(spi_me15.c.obj)
                0x000000001000579a                MXC_SPI_GetRXFIFOAvailable
 .text.MXC_SPI_WriteTXFIFO
                0x000000001000579e        0x4 zephyr/libzephyr.a(spi_me15.c.obj)
                0x000000001000579e                MXC_SPI_WriteTXFIFO
 .text.MXC_SPI_GetTXFIFOAvailable
                0x00000000100057a2        0x4 zephyr/libzephyr.a(spi_me15.c.obj)
                0x00000000100057a2                MXC_SPI_GetTXFIFOAvailable
 .text.MXC_SPI_ClearRXFIFO
                0x00000000100057a6        0x4 zephyr/libzephyr.a(spi_me15.c.obj)
                0x00000000100057a6                MXC_SPI_ClearRXFIFO
 .text.MXC_SPI_ClearTXFIFO
                0x00000000100057aa        0x4 zephyr/libzephyr.a(spi_me15.c.obj)
                0x00000000100057aa                MXC_SPI_ClearTXFIFO
 .text.MXC_SPI_GetFlags
                0x00000000100057ae        0x4 zephyr/libzephyr.a(spi_me15.c.obj)
                0x00000000100057ae                MXC_SPI_GetFlags
 .text.MXC_SPI_ClearFlags
                0x00000000100057b2        0x4 zephyr/libzephyr.a(spi_me15.c.obj)
                0x00000000100057b2                MXC_SPI_ClearFlags
 .text.MXC_SPI_HWSSControl
                0x00000000100057b6        0x4 zephyr/libzephyr.a(spi_me15.c.obj)
                0x00000000100057b6                MXC_SPI_HWSSControl
 .text.MXC_SPI_RevA1_GetDataSize
                0x00000000100057ba       0x12 zephyr/libzephyr.a(spi_reva1.c.obj)
                0x00000000100057ba                MXC_SPI_RevA1_GetDataSize
 .text.MXC_SPI_RevA1_SetMode
                0x00000000100057cc       0x40 zephyr/libzephyr.a(spi_reva1.c.obj)
                0x00000000100057cc                MXC_SPI_RevA1_SetMode
 .text.MXC_SPI_RevA1_ReadRXFIFO
                0x000000001000580c       0x68 zephyr/libzephyr.a(spi_reva1.c.obj)
                0x000000001000580c                MXC_SPI_RevA1_ReadRXFIFO
 .text.MXC_SPI_RevA1_GetRXFIFOAvailable
                0x0000000010005874        0x8 zephyr/libzephyr.a(spi_reva1.c.obj)
                0x0000000010005874                MXC_SPI_RevA1_GetRXFIFOAvailable
 .text.MXC_SPI_RevA1_WriteTXFIFO
                0x000000001000587c       0x5e zephyr/libzephyr.a(spi_reva1.c.obj)
                0x000000001000587c                MXC_SPI_RevA1_WriteTXFIFO
 .text.MXC_SPI_RevA1_GetTXFIFOAvailable
                0x00000000100058da        0xc zephyr/libzephyr.a(spi_reva1.c.obj)
                0x00000000100058da                MXC_SPI_RevA1_GetTXFIFOAvailable
 .text.MXC_SPI_RevA1_ClearRXFIFO
                0x00000000100058e6        0xa zephyr/libzephyr.a(spi_reva1.c.obj)
                0x00000000100058e6                MXC_SPI_RevA1_ClearRXFIFO
 .text.MXC_SPI_RevA1_ClearTXFIFO
                0x00000000100058f0        0xa zephyr/libzephyr.a(spi_reva1.c.obj)
                0x00000000100058f0                MXC_SPI_RevA1_ClearTXFIFO
 .text.MXC_SPI_RevA1_GetFlags
                0x00000000100058fa        0x4 zephyr/libzephyr.a(spi_reva1.c.obj)
                0x00000000100058fa                MXC_SPI_RevA1_GetFlags
 .text.MXC_SPI_RevA1_ClearFlags
                0x00000000100058fe        0x6 zephyr/libzephyr.a(spi_reva1.c.obj)
                0x00000000100058fe                MXC_SPI_RevA1_ClearFlags
 .text.z_do_kernel_oops
                0x0000000010005904        0x8 zephyr/arch/arch/arm/core/libarch__arm__core.a(fatal.c.obj)
                0x0000000010005904                z_do_kernel_oops
 .text.z_arm_nmi
                0x000000001000590c        0xe zephyr/arch/arch/arm/core/libarch__arm__core.a(nmi.c.obj)
                0x000000001000590c                z_arm_nmi
 .text.z_log_msg_simple_create_0.constprop.0
                0x000000001000591a        0x8 zephyr/arch/arch/arm/core/cortex_m/libarch__arm__core__cortex_m.a(fault.c.obj)
 .text.z_irq_spurious
                0x0000000010005922        0x8 zephyr/arch/arch/arm/core/cortex_m/libarch__arm__core__cortex_m.a(irq_manage.c.obj)
                0x0000000010005922                z_irq_spurious
 .text.arch_irq_unlock_outlined
                0x000000001000592a        0xe zephyr/arch/arch/arm/core/cortex_m/libarch__arm__core__cortex_m.a(thread.c.obj)
                0x000000001000592a                arch_irq_unlock_outlined
 .text.arch_cpu_idle
                0x0000000010005938       0x22 zephyr/arch/arch/arm/core/cortex_m/libarch__arm__core__cortex_m.a(cpu_idle.c.obj)
                0x0000000010005938                arch_cpu_idle
 .text.cbputc   0x000000001000595a        0xc zephyr/lib/libc/picolibc/liblib__libc__picolibc.a(libc-hooks.c.obj)
 .text.picolibc_put
                0x0000000010005966        0xa zephyr/lib/libc/picolibc/liblib__libc__picolibc.a(libc-hooks.c.obj)
 .text.api_off  0x0000000010005970       0x2c zephyr/drivers/clock_control/libdrivers__clock_control.a(clock_control_max32.c.obj)
 .text.api_on   0x000000001000599c       0x2c zephyr/drivers/clock_control/libdrivers__clock_control.a(clock_control_max32.c.obj)
 .text.max32_clkctrl_init
                0x00000000100059c8       0x18 zephyr/drivers/clock_control/libdrivers__clock_control.a(clock_control_max32.c.obj)
 .text.api_manage_callback
                0x00000000100059e0       0x52 zephyr/drivers/gpio/libdrivers__gpio.a(gpio_max32.c.obj)
 .text.api_pin_interrupt_configure
                0x0000000010005a32       0x8e zephyr/drivers/gpio/libdrivers__gpio.a(gpio_max32.c.obj)
 .text.api_port_toggle_bits
                0x0000000010005ac0        0xe zephyr/drivers/gpio/libdrivers__gpio.a(gpio_max32.c.obj)
 .text.api_port_clear_bits_raw
                0x0000000010005ace        0xe zephyr/drivers/gpio/libdrivers__gpio.a(gpio_max32.c.obj)
 .text.api_port_set_bits_raw
                0x0000000010005adc        0xe zephyr/drivers/gpio/libdrivers__gpio.a(gpio_max32.c.obj)
 .text.api_port_set_masked_raw
                0x0000000010005aea        0xe zephyr/drivers/gpio/libdrivers__gpio.a(gpio_max32.c.obj)
 .text.api_port_get_raw
                0x0000000010005af8       0x16 zephyr/drivers/gpio/libdrivers__gpio.a(gpio_max32.c.obj)
 .text.api_pin_configure
                0x0000000010005b0e       0xb2 zephyr/drivers/gpio/libdrivers__gpio.a(gpio_max32.c.obj)
 .text.gpio_max32_irq_init_0
                0x0000000010005bc0       0x16 zephyr/drivers/gpio/libdrivers__gpio.a(gpio_max32.c.obj)
 .text.gpio_max32_irq_init_1
                0x0000000010005bd6       0x16 zephyr/drivers/gpio/libdrivers__gpio.a(gpio_max32.c.obj)
 .text.gpio_max32_isr
                0x0000000010005bec       0x3c zephyr/drivers/gpio/libdrivers__gpio.a(gpio_max32.c.obj)
 .text.pinctrl_lookup_state
                0x0000000010005c28       0x26 zephyr/drivers/pinctrl/libdrivers__pinctrl.a(common.c.obj)
                0x0000000010005c28                pinctrl_lookup_state
 .text.api_config_get
                0x0000000010005c4e       0x10 zephyr/drivers/serial/libdrivers__serial.a(uart_max32.c.obj)
 .text.api_irq_tx_ready
                0x0000000010005c5e       0x1c zephyr/drivers/serial/libdrivers__serial.a(uart_max32.c.obj)
 .text.api_irq_rx_ready
                0x0000000010005c7a       0x1c zephyr/drivers/serial/libdrivers__serial.a(uart_max32.c.obj)
 .text.api_irq_is_pending
                0x0000000010005c96        0xa zephyr/drivers/serial/libdrivers__serial.a(uart_max32.c.obj)
 .text.api_irq_callback_set
                0x0000000010005ca0        0x8 zephyr/drivers/serial/libdrivers__serial.a(uart_max32.c.obj)
 .text.uart_max32_isr
                0x0000000010005ca8        0xc zephyr/drivers/serial/libdrivers__serial.a(uart_max32.c.obj)
 .text.api_err_check
                0x0000000010005cb4       0x24 zephyr/drivers/serial/libdrivers__serial.a(uart_max32.c.obj)
 .text.api_irq_update
                0x0000000010005cd8       0x22 zephyr/drivers/serial/libdrivers__serial.a(uart_max32.c.obj)
 .text.api_irq_err_disable
                0x0000000010005cfa        0xa zephyr/drivers/serial/libdrivers__serial.a(uart_max32.c.obj)
 .text.api_irq_rx_disable
                0x0000000010005d04        0xa zephyr/drivers/serial/libdrivers__serial.a(uart_max32.c.obj)
 .text.api_irq_tx_disable
                0x0000000010005d0e        0xa zephyr/drivers/serial/libdrivers__serial.a(uart_max32.c.obj)
 .text.api_irq_err_enable
                0x0000000010005d18        0xa zephyr/drivers/serial/libdrivers__serial.a(uart_max32.c.obj)
 .text.api_irq_rx_enable
                0x0000000010005d22        0xa zephyr/drivers/serial/libdrivers__serial.a(uart_max32.c.obj)
 .text.api_irq_tx_enable
                0x0000000010005d2c       0x2c zephyr/drivers/serial/libdrivers__serial.a(uart_max32.c.obj)
 .text.api_irq_tx_complete
                0x0000000010005d58       0x12 zephyr/drivers/serial/libdrivers__serial.a(uart_max32.c.obj)
 .text.api_fifo_read
                0x0000000010005d6a       0x1a zephyr/drivers/serial/libdrivers__serial.a(uart_max32.c.obj)
 .text.api_fifo_fill
                0x0000000010005d84        0x8 zephyr/drivers/serial/libdrivers__serial.a(uart_max32.c.obj)
 .text.api_configure
                0x0000000010005d8c       0xa6 zephyr/drivers/serial/libdrivers__serial.a(uart_max32.c.obj)
 .text.api_poll_out
                0x0000000010005e32        0x8 zephyr/drivers/serial/libdrivers__serial.a(uart_max32.c.obj)
 .text.api_poll_in
                0x0000000010005e3a       0x1a zephyr/drivers/serial/libdrivers__serial.a(uart_max32.c.obj)
 .text.uart_max32_irq_init_0
                0x0000000010005e54       0x16 zephyr/drivers/serial/libdrivers__serial.a(uart_max32.c.obj)
 .text.spi_context_get_next_buf.constprop.0
                0x0000000010005e6a       0x26 zephyr/drivers/spi/libdrivers__spi.a(spi_max32.c.obj)
 .text.gpio_pin_set_dt.isra.0
                0x0000000010005e90       0x28 zephyr/drivers/spi/libdrivers__spi.a(spi_max32.c.obj)
 .text.spi_context_unlock_unconditionally
                0x0000000010005eb8       0x30 zephyr/drivers/spi/libdrivers__spi.a(spi_max32.c.obj)
 .text.api_release
                0x0000000010005ee8       0x18 zephyr/drivers/spi/libdrivers__spi.a(spi_max32.c.obj)
 .text.z_impl_k_busy_wait
                0x0000000010005f00       0x1c zephyr/kernel/libkernel.a(busy_wait.c.obj)
                0x0000000010005f00                z_impl_k_busy_wait
 .text.z_device_state_init
                0x0000000010005f1c        0x2 zephyr/kernel/libkernel.a(device.c.obj)
                0x0000000010005f1c                z_device_state_init
 .text.z_impl_device_is_ready
                0x0000000010005f1e       0x16 zephyr/kernel/libkernel.a(device.c.obj)
                0x0000000010005f1e                z_impl_device_is_ready
 .text.arch_system_halt
                0x0000000010005f34       0x10 zephyr/kernel/libkernel.a(fatal.c.obj)
                0x0000000010005f34                arch_system_halt
 .text.do_device_init
                0x0000000010005f44       0x30 zephyr/kernel/libkernel.a(init.c.obj)
 .text.z_early_memset
                0x0000000010005f74        0x4 zephyr/kernel/libkernel.a(init.c.obj)
                0x0000000010005f74                z_early_memset
 .text.z_early_memcpy
                0x0000000010005f78        0x4 zephyr/kernel/libkernel.a(init.c.obj)
                0x0000000010005f78                z_early_memcpy
 .text.z_init_static
                0x0000000010005f7c        0x2 zephyr/kernel/libkernel.a(init_static.c.obj)
                0x0000000010005f7c                z_init_static
 .text.idle     0x0000000010005f7e       0x16 zephyr/kernel/libkernel.a(idle.c.obj)
                0x0000000010005f7e                idle
 .text.z_impl_k_sem_init
                0x0000000010005f94       0x18 zephyr/kernel/libkernel.a(sem.c.obj)
                0x0000000010005f94                z_impl_k_sem_init
 .text.k_is_in_isr
                0x0000000010005fac        0xc zephyr/kernel/libkernel.a(thread.c.obj)
                0x0000000010005fac                k_is_in_isr
 .text.z_impl_k_thread_name_set
                0x0000000010005fb8        0x6 zephyr/kernel/libkernel.a(thread.c.obj)
                0x0000000010005fb8                z_impl_k_thread_name_set
 .text.k_thread_name_get
                0x0000000010005fbe        0x4 zephyr/kernel/libkernel.a(thread.c.obj)
                0x0000000010005fbe                k_thread_name_get
 .text.z_impl_k_thread_start
                0x0000000010005fc2        0x4 zephyr/kernel/libkernel.a(thread.c.obj)
                0x0000000010005fc2                z_impl_k_thread_start
 .text.sys_dlist_remove
                0x0000000010005fc6       0x10 zephyr/kernel/libkernel.a(sched.c.obj)
 .text.unpend_thread_no_timeout
                0x0000000010005fd6       0x14 zephyr/kernel/libkernel.a(sched.c.obj)
 .text.add_to_waitq_locked
                0x0000000010005fea       0x50 zephyr/kernel/libkernel.a(sched.c.obj)
 .text.z_ready_thread
                0x000000001000603a       0x1e zephyr/kernel/libkernel.a(sched.c.obj)
                0x000000001000603a                z_ready_thread
 .text.z_impl_k_thread_suspend
                0x0000000010006058       0x34 zephyr/kernel/libkernel.a(sched.c.obj)
                0x0000000010006058                z_impl_k_thread_suspend
 .text.z_unpend_thread_no_timeout
                0x000000001000608c       0x22 zephyr/kernel/libkernel.a(sched.c.obj)
                0x000000001000608c                z_unpend_thread_no_timeout
 .text.z_sched_wake_thread
                0x00000000100060ae       0x42 zephyr/kernel/libkernel.a(sched.c.obj)
                0x00000000100060ae                z_sched_wake_thread
 .text.z_thread_timeout
                0x00000000100060f0        0x8 zephyr/kernel/libkernel.a(sched.c.obj)
                0x00000000100060f0                z_thread_timeout
 .text.z_unpend1_no_timeout
                0x00000000100060f8       0x2c zephyr/kernel/libkernel.a(sched.c.obj)
                0x00000000100060f8                z_unpend1_no_timeout
 .text.z_unpend_first_thread
                0x0000000010006124       0x36 zephyr/kernel/libkernel.a(sched.c.obj)
                0x0000000010006124                z_unpend_first_thread
 .text.z_thread_abort
                0x000000001000615a       0x44 zephyr/kernel/libkernel.a(sched.c.obj)
                0x000000001000615a                z_thread_abort
 .text.z_abort_timeout
                0x000000001000619e       0x2a zephyr/kernel/libkernel.a(timeout.c.obj)
                0x000000001000619e                z_abort_timeout
 .text.sys_clock_tick_get_32
                0x00000000100061c8        0x8 zephyr/kernel/libkernel.a(timeout.c.obj)
                0x00000000100061c8                sys_clock_tick_get_32
 .text.z_impl_k_uptime_ticks
                0x00000000100061d0        0x4 zephyr/kernel/libkernel.a(timeout.c.obj)
                0x00000000100061d0                z_impl_k_uptime_ticks
 .text.k_timer_init
                0x00000000100061d4       0x18 zephyr/kernel/libkernel.a(timer.c.obj)
                0x00000000100061d4                k_timer_init
 .text.z_impl_k_timer_stop
                0x00000000100061ec       0x38 zephyr/kernel/libkernel.a(timer.c.obj)
                0x00000000100061ec                z_impl_k_timer_stop
 .text.strnlen  0x0000000010006224       0x18 c:\users\aputhenp\zephyr-sdk-0.16.8\arm-zephyr-eabi\bin\../lib/gcc/../../picolibc/arm-zephyr-eabi/lib/thumb/v7e-m/nofp\libc.a(libc_string_strnlen.c.o)
                0x0000000010006224                strnlen
 .text.__ultoa_invert
                0x000000001000623c       0xae c:\users\aputhenp\zephyr-sdk-0.16.8\arm-zephyr-eabi\bin\../lib/gcc/../../picolibc/arm-zephyr-eabi/lib/thumb/v7e-m/nofp\libc.a(libc_tinystdio_vflprintf.c.o)
 .text.memcpy   0x00000000100062ea       0x1c c:\users\aputhenp\zephyr-sdk-0.16.8\arm-zephyr-eabi\bin\../lib/gcc/../../picolibc/arm-zephyr-eabi/lib/thumb/v7e-m/nofp\libc.a(memcpy.c.o)
                0x00000000100062ea                __aeabi_memcpy
                0x00000000100062ea                __aeabi_memcpy4
                0x00000000100062ea                __aeabi_memcpy8
                0x00000000100062ea                memcpy
 .text.memset   0x0000000010006306       0x10 c:\users\aputhenp\zephyr-sdk-0.16.8\arm-zephyr-eabi\bin\../lib/gcc/../../picolibc/arm-zephyr-eabi/lib/thumb/v7e-m/nofp\libc.a(memset.c.o)
                0x0000000010006306                memset
 .text.__file_str_put
                0x0000000010006316       0x10 c:\users\aputhenp\zephyr-sdk-0.16.8\arm-zephyr-eabi\bin\../lib/gcc/../../picolibc/arm-zephyr-eabi/lib/thumb/v7e-m/nofp\libc.a(libc_tinystdio_filestrput.c.o)
                0x0000000010006316                __file_str_put
 *(SORT_BY_ALIGNMENT(.TEXT.*))
 *fill*         0x0000000010006326        0x2 
 .TEXT.__aeabi_read_tp
                0x0000000010006328        0xc zephyr/arch/arch/arm/core/cortex_m/libarch__arm__core__cortex_m.a(__aeabi_read_tp.S.obj)
                0x0000000010006328                __aeabi_read_tp
 *(SORT_BY_ALIGNMENT(.gnu.linkonce.t.*))
 *(SORT_BY_ALIGNMENT(.glue_7t))
 .glue_7t       0x0000000010006334        0x0 linker stubs
 *(SORT_BY_ALIGNMENT(.glue_7))
 .glue_7        0x0000000010006334        0x0 linker stubs
 *(SORT_BY_ALIGNMENT(.vfp11_veneer))
 .vfp11_veneer  0x0000000010006334        0x0 linker stubs
 *(SORT_BY_ALIGNMENT(.v4_bx))
 .v4_bx         0x0000000010006334        0x0 linker stubs
                0x0000000010006334                . = ALIGN (0x4)
                0x0000000010006334                __text_region_end = .

.ARM.exidx      0x0000000010006334        0x8
                0x0000000010006334                __exidx_start = .
 *(SORT_BY_ALIGNMENT(.ARM.exidx*) SORT_BY_ALIGNMENT(gnu.linkonce.armexidx.*))
 .ARM.exidx     0x0000000010006334        0x8 c:/users/aputhenp/zephyr-sdk-0.16.8/arm-zephyr-eabi/bin/../lib/gcc/arm-zephyr-eabi/12.2.0/thumb/v7e-m/nofp\libgcc.a(_udivmoddi4.o)
 .ARM.exidx     0x000000001000633c        0x0 c:\users\aputhenp\zephyr-sdk-0.16.8\arm-zephyr-eabi\bin\../lib/gcc/../../picolibc/arm-zephyr-eabi/lib/thumb/v7e-m/nofp\libc.a(strlen.S.o)
                                          0x8 (size before relaxing)
                0x000000001000633c                __exidx_end = .
                0x000000001000633c                __rodata_region_start = .

initlevel       0x000000001000633c       0x58
                0x000000001000633c                __init_start = .
                0x000000001000633c                __init_EARLY_start = .
 *(SORT_BY_NAME(SORT_BY_ALIGNMENT(.z_init_EARLY?_*)))
 *(SORT_BY_NAME(SORT_BY_ALIGNMENT(.z_init_EARLY??_*)))
                0x000000001000633c                __init_PRE_KERNEL_1_start = .
 *(SORT_BY_NAME(SORT_BY_ALIGNMENT(.z_init_PRE_KERNEL_1?_*)))
 .z_init_PRE_KERNEL_10_0_
                0x000000001000633c        0x8 zephyr/libzephyr.a(soc.c.obj)
 *(SORT_BY_NAME(SORT_BY_ALIGNMENT(.z_init_PRE_KERNEL_1??_*)))
 .z_init_PRE_KERNEL_130_00006_
                0x0000000010006344        0x8 zephyr/drivers/clock_control/libdrivers__clock_control.a(clock_control_max32.c.obj)
 .z_init_PRE_KERNEL_140_00009_
                0x000000001000634c        0x8 zephyr/drivers/gpio/libdrivers__gpio.a(gpio_max32.c.obj)
 .z_init_PRE_KERNEL_140_00054_
                0x0000000010006354        0x8 zephyr/drivers/gpio/libdrivers__gpio.a(gpio_max32.c.obj)
 .z_init_PRE_KERNEL_150_00038_
                0x000000001000635c        0x8 zephyr/drivers/serial/libdrivers__serial.a(uart_max32.c.obj)
 .z_init_PRE_KERNEL_160_0_
                0x0000000010006364        0x8 zephyr/drivers/console/libdrivers__console.a(uart_console.c.obj)
                0x000000001000636c                __init_PRE_KERNEL_2_start = .
 *(SORT_BY_NAME(SORT_BY_ALIGNMENT(.z_init_PRE_KERNEL_2?_*)))
 .z_init_PRE_KERNEL_20_0_
                0x000000001000636c        0x8 zephyr/drivers/timer/libdrivers__timer.a(cortex_m_systick.c.obj)
 *(SORT_BY_NAME(SORT_BY_ALIGNMENT(.z_init_PRE_KERNEL_2??_*)))
 .z_init_PRE_KERNEL_250_00046_
                0x0000000010006374        0x8 zephyr/drivers/spi/libdrivers__spi.a(spi_max32.c.obj)
 .z_init_PRE_KERNEL_250_00059_
                0x000000001000637c        0x8 zephyr/drivers/spi/libdrivers__spi.a(spi_max32.c.obj)
                0x0000000010006384                __init_POST_KERNEL_start = .
 *(SORT_BY_NAME(SORT_BY_ALIGNMENT(.z_init_POST_KERNEL?_*)))
 .z_init_POST_KERNEL0_0_
                0x0000000010006384        0x8 zephyr/libzephyr.a(log_core.c.obj)
 *(SORT_BY_NAME(SORT_BY_ALIGNMENT(.z_init_POST_KERNEL??_*)))
 .z_init_POST_KERNEL35_0_
                0x000000001000638c        0x8 zephyr/lib/libc/common/liblib__libc__common.a(malloc.c.obj)
                0x0000000010006394                __init_APPLICATION_start = .
 *(SORT_BY_NAME(SORT_BY_ALIGNMENT(.z_init_APPLICATION?_*)))
 *(SORT_BY_NAME(SORT_BY_ALIGNMENT(.z_init_APPLICATION??_*)))
                0x0000000010006394                __init_SMP_start = .
 *(SORT_BY_NAME(SORT_BY_ALIGNMENT(.z_init_SMP?_*)))
 *(SORT_BY_NAME(SORT_BY_ALIGNMENT(.z_init_SMP??_*)))
                0x0000000010006394                __init_end = .
                0x0000000010006394                __deferred_init_list_start = .
 *(SORT_BY_ALIGNMENT(.z_deferred_init*))
                0x0000000010006394                __deferred_init_list_end = .

device_area     0x0000000010006394       0x78
                0x0000000010006394                _device_list_start = .
 *(SORT_BY_NAME(SORT_BY_ALIGNMENT(._device.static.*_?_*)))
 *(SORT_BY_NAME(SORT_BY_ALIGNMENT(._device.static.*_??_*)))
 ._device.static.1_30_
                0x0000000010006394       0x14 zephyr/drivers/clock_control/libdrivers__clock_control.a(clock_control_max32.c.obj)
                0x0000000010006394                __device_dts_ord_6
 ._device.static.1_40_
                0x00000000100063a8       0x28 zephyr/drivers/gpio/libdrivers__gpio.a(gpio_max32.c.obj)
                0x00000000100063a8                __device_dts_ord_54
                0x00000000100063bc                __device_dts_ord_9
 ._device.static.1_50_
                0x00000000100063d0       0x14 zephyr/drivers/serial/libdrivers__serial.a(uart_max32.c.obj)
                0x00000000100063d0                __device_dts_ord_38
 ._device.static.2_50_
                0x00000000100063e4       0x28 zephyr/drivers/spi/libdrivers__spi.a(spi_max32.c.obj)
                0x00000000100063e4                __device_dts_ord_59
                0x00000000100063f8                __device_dts_ord_46
                0x000000001000640c                _device_list_end = .

sw_isr_table    0x000000001000640c      0x320
                0x000000001000640c                . = ALIGN (0x4)
 *(SORT_BY_ALIGNMENT(.gnu.linkonce.sw_isr_table*))
 .gnu.linkonce.sw_isr_table
                0x000000001000640c      0x320 zephyr/arch/common/libisr_tables.a(isr_tables.c.obj)
                0x000000001000640c                _sw_isr_table

initlevel_error
                0x000000001000633c        0x0
 *(SORT_BY_NAME(SORT_BY_ALIGNMENT(.z_init_[_A-Z0-9]*)))
                0x0000000000000001                ASSERT ((SIZEOF (initlevel_error) == 0x0), Undefined initialization levels used.)

app_shmem_regions
                0x000000001000672c        0x0
                0x000000001000672c                __app_shmem_regions_start = .
 *(SORT_BY_NAME(SORT_BY_ALIGNMENT(.app_regions.*)))
                0x000000001000672c                __app_shmem_regions_end = .

k_p4wq_initparam_area
                0x000000001000672c        0x0
                0x000000001000672c                _k_p4wq_initparam_list_start = .
 *(SORT_BY_NAME(SORT_BY_ALIGNMENT(._k_p4wq_initparam.static.*)))
                0x000000001000672c                _k_p4wq_initparam_list_end = .

_static_thread_data_area
                0x000000001000672c        0x0
                0x000000001000672c                __static_thread_data_list_start = .
 *(SORT_BY_NAME(SORT_BY_ALIGNMENT(.__static_thread_data.static.*)))
                0x000000001000672c                __static_thread_data_list_end = .

device_deps     0x000000001000672c        0x0
                0x000000001000672c                __device_deps_start = .
 *(SORT_BY_NAME(SORT_BY_ALIGNMENT(.__device_deps_pass2*)))
                0x000000001000672c                __device_deps_end = .

ztest           0x000000001000672c        0x0
                0x000000001000672c                _ztest_expected_result_entry_list_start = .
 *(SORT_BY_NAME(SORT_BY_ALIGNMENT(._ztest_expected_result_entry.static.*)))
                0x000000001000672c                _ztest_expected_result_entry_list_end = .
                0x000000001000672c                _ztest_suite_node_list_start = .
 *(SORT_BY_NAME(SORT_BY_ALIGNMENT(._ztest_suite_node.static.*)))
                0x000000001000672c                _ztest_suite_node_list_end = .
                0x000000001000672c                _ztest_unit_test_list_start = .
 *(SORT_BY_NAME(SORT_BY_ALIGNMENT(._ztest_unit_test.static.*)))
                0x000000001000672c                _ztest_unit_test_list_end = .
                0x000000001000672c                _ztest_test_rule_list_start = .
 *(SORT_BY_NAME(SORT_BY_ALIGNMENT(._ztest_test_rule.static.*)))
                0x000000001000672c                _ztest_test_rule_list_end = .

init_array      0x000000001000672c        0x0
 *(SORT_BY_NAME(SORT_BY_ALIGNMENT(.ctors*)))
 *(SORT_BY_NAME(SORT_BY_ALIGNMENT(.init_array*)))
                0x0000000000000001                ASSERT ((SIZEOF (init_array) == 0x0), GNU-style constructors required but STATIC_INIT_GNU not enabled)

bt_l2cap_fixed_chan_area
                0x000000001000672c        0x0
                0x000000001000672c                _bt_l2cap_fixed_chan_list_start = .
 *(SORT_BY_NAME(SORT_BY_ALIGNMENT(._bt_l2cap_fixed_chan.static.*)))
                0x000000001000672c                _bt_l2cap_fixed_chan_list_end = .

bt_gatt_service_static_area
                0x000000001000672c        0x0
                0x000000001000672c                _bt_gatt_service_static_list_start = .
 *(SORT_BY_NAME(SORT_BY_ALIGNMENT(._bt_gatt_service_static.static.*)))
                0x000000001000672c                _bt_gatt_service_static_list_end = .

log_strings_area
                0x000000001000672c        0x0
                0x000000001000672c                _log_strings_list_start = .
 *(SORT_BY_NAME(SORT_BY_ALIGNMENT(._log_strings.static.*)))
                0x000000001000672c                _log_strings_list_end = .

log_const_area  0x000000001000672c       0x48
                0x000000001000672c                _log_const_list_start = .
 *(SORT_BY_NAME(SORT_BY_ALIGNMENT(._log_const.static.*)))
 ._log_const.static.log_const_AD74416H_
                0x000000001000672c        0x8 modules/ad74416h/drivers/ad74416h/lib..__modules__ad74416h__drivers__ad74416h.a(ad74416h.c.obj)
                0x000000001000672c                log_const_AD74416H
 ._log_const.static.log_const_cbprintf_package_
                0x0000000010006734        0x8 zephyr/libzephyr.a(cbprintf_packaged.c.obj)
                0x0000000010006734                log_const_cbprintf_package
 ._log_const.static.log_const_gpio_max32_
                0x000000001000673c        0x8 zephyr/drivers/gpio/libdrivers__gpio.a(gpio_max32.c.obj)
                0x000000001000673c                log_const_gpio_max32
 ._log_const.static.log_const_log_
                0x0000000010006744        0x8 zephyr/libzephyr.a(log_core.c.obj)
                0x0000000010006744                log_const_log
 ._log_const.static.log_const_log_mgmt_
                0x000000001000674c        0x8 zephyr/libzephyr.a(log_mgmt.c.obj)
                0x000000001000674c                log_const_log_mgmt
 ._log_const.static.log_const_log_uart_
                0x0000000010006754        0x8 zephyr/libzephyr.a(log_backend_uart.c.obj)
                0x0000000010006754                log_const_log_uart
 ._log_const.static.log_const_os_
                0x000000001000675c        0x8 zephyr/kernel/libkernel.a(init.c.obj)
                0x000000001000675c                log_const_os
 ._log_const.static.log_const_spi_max32_
                0x0000000010006764        0x8 zephyr/drivers/spi/libdrivers__spi.a(spi_max32.c.obj)
                0x0000000010006764                log_const_spi_max32
 ._log_const.static.log_const_uart_max32_
                0x000000001000676c        0x8 zephyr/drivers/serial/libdrivers__serial.a(uart_max32.c.obj)
                0x000000001000676c                log_const_uart_max32
                0x0000000010006774                _log_const_list_end = .

log_backend_area
                0x0000000010006774       0x10
                0x0000000010006774                _log_backend_list_start = .
 *(SORT_BY_NAME(SORT_BY_ALIGNMENT(._log_backend.static.*)))
 ._log_backend.static.log_backend_uart_
                0x0000000010006774       0x10 zephyr/libzephyr.a(log_backend_uart.c.obj)
                0x0000000010006784                _log_backend_list_end = .

log_link_area   0x0000000010006784        0x0
                0x0000000010006784                _log_link_list_start = .
 *(SORT_BY_NAME(SORT_BY_ALIGNMENT(._log_link.static.*)))
                0x0000000010006784                _log_link_list_end = .

tracing_backend_area
                0x0000000010006784        0x0
                0x0000000010006784                _tracing_backend_list_start = .
 *(SORT_BY_NAME(SORT_BY_ALIGNMENT(._tracing_backend.static.*)))
                0x0000000010006784                _tracing_backend_list_end = .

zephyr_dbg_info
 *(SORT_BY_ALIGNMENT(.dbg_thread_info))

intc_table_area
                0x0000000010006784        0x0
                0x0000000010006784                _intc_table_list_start = .
 *(SORT_BY_NAME(SORT_BY_ALIGNMENT(._intc_table.static.*)))
                0x0000000010006784                _intc_table_list_end = .

symbol_to_keep  0x0000000010006784        0x0
                0x0000000010006784                __symbol_to_keep_start = .
 *(SORT_BY_NAME(SORT_BY_ALIGNMENT(.symbol_to_keep*)))
                0x0000000010006784                __symbol_to_keep_end = .

shell_area      0x0000000010006784        0x0
                0x0000000010006784                _shell_list_start = .
 *(SORT_BY_NAME(SORT_BY_ALIGNMENT(._shell.static.*)))
                0x0000000010006784                _shell_list_end = .

shell_root_cmds_area
                0x0000000010006784        0x0
                0x0000000010006784                _shell_root_cmds_list_start = .
 *(SORT_BY_NAME(SORT_BY_ALIGNMENT(._shell_root_cmds.static.*)))
                0x0000000010006784                _shell_root_cmds_list_end = .

shell_subcmds_area
                0x0000000010006784        0x0
                0x0000000010006784                _shell_subcmds_list_start = .
 *(SORT_BY_NAME(SORT_BY_ALIGNMENT(._shell_subcmds.static.*)))
                0x0000000010006784                _shell_subcmds_list_end = .

shell_dynamic_subcmds_area
                0x0000000010006784        0x0
                0x0000000010006784                _shell_dynamic_subcmds_list_start = .
 *(SORT_BY_NAME(SORT_BY_ALIGNMENT(._shell_dynamic_subcmds.static.*)))
                0x0000000010006784                _shell_dynamic_subcmds_list_end = .

cfb_font_area   0x0000000010006784        0x0
                0x0000000010006784                _cfb_font_list_start = .
 *(SORT_BY_NAME(SORT_BY_ALIGNMENT(._cfb_font.static.*)))
                0x0000000010006784                _cfb_font_list_end = .

tdata           0x0000000010006784        0x0
 *(SORT_BY_ALIGNMENT(.tdata) SORT_BY_ALIGNMENT(.tdata.*) SORT_BY_ALIGNMENT(.gnu.linkonce.td.*))

tbss            0x0000000010006784        0x4
 *(SORT_BY_ALIGNMENT(.tbss) SORT_BY_ALIGNMENT(.tbss.*) SORT_BY_ALIGNMENT(.gnu.linkonce.tb.*) SORT_BY_ALIGNMENT(.tcommon))
 .tbss.z_tls_current
                0x0000000010006784        0x4 zephyr/libzephyr.a(thread_entry.c.obj)
                0x0000000010006784                z_tls_current
                0x0000000010006784                PROVIDE (__tdata_start = LOADADDR (tdata))
                0x0000000000000001                PROVIDE (__tdata_align = ALIGNOF (tdata))
                0x0000000000000000                PROVIDE (__tdata_size = (((SIZEOF (tdata) + __tdata_align) - 0x1) & ~ ((__tdata_align - 0x1))))
                [!provide]                        PROVIDE (__tdata_end = (__tdata_start + __tdata_size))
                0x0000000000000004                PROVIDE (__tbss_align = ALIGNOF (tbss))
                [!provide]                        PROVIDE (__tbss_start = ADDR (tbss))
                0x0000000000000004                PROVIDE (__tbss_size = (((SIZEOF (tbss) + __tbss_align) - 0x1) & ~ ((__tbss_align - 0x1))))
                [!provide]                        PROVIDE (__tbss_end = (__tbss_start + __tbss_size))
                [!provide]                        PROVIDE (__tls_start = __tdata_start)
                [!provide]                        PROVIDE (__tls_end = __tbss_end)
                [!provide]                        PROVIDE (__tls_size = (__tbss_end - __tdata_start))

rodata          0x0000000010006784      0xc70
 *(SORT_BY_ALIGNMENT(.rodata))
 *(SORT_BY_ALIGNMENT(.rodata.*))
 .rodata.mpsc_config
                0x0000000010006784       0x14 zephyr/libzephyr.a(log_core.c.obj)
 .rodata.format_table
                0x0000000010006798       0x10 zephyr/libzephyr.a(log_core.c.obj)
 .rodata.colors
                0x00000000100067a8       0x14 zephyr/libzephyr.a(log_output.c.obj)
 .rodata.severity
                0x00000000100067bc       0x14 zephyr/libzephyr.a(log_output.c.obj)
 .rodata.lbu_cb_ctx
                0x00000000100067d0        0x8 zephyr/libzephyr.a(log_backend_uart.c.obj)
 .rodata.lbu_output
                0x00000000100067d8       0x10 zephyr/libzephyr.a(log_backend_uart.c.obj)
 .rodata.log_backend_uart_api
                0x00000000100067e8       0x1c zephyr/libzephyr.a(log_backend_uart.c.obj)
                0x00000000100067e8                log_backend_uart_api
 .rodata.gpio_cfg_hfextclk
                0x0000000010006804        0xc zephyr/libzephyr.a(pins_me15.c.obj)
                0x0000000010006804                gpio_cfg_hfextclk
 .rodata.stdout
                0x0000000010006810        0x4 zephyr/lib/libc/picolibc/liblib__libc__picolibc.a(libc-hooks.c.obj)
                0x0000000010006810                stderr
                0x0000000010006810                stdout
 .rodata.max32_clkctrl_api
                0x0000000010006814       0x1c zephyr/drivers/clock_control/libdrivers__clock_control.a(clock_control_max32.c.obj)
 .rodata.max32_gpio_config_1
                0x0000000010006830       0x1c zephyr/drivers/gpio/libdrivers__gpio.a(gpio_max32.c.obj)
 .rodata.max32_gpio_config_0
                0x000000001000684c       0x1c zephyr/drivers/gpio/libdrivers__gpio.a(gpio_max32.c.obj)
 .rodata.gpio_max32_driver
                0x0000000010006868       0x24 zephyr/drivers/gpio/libdrivers__gpio.a(gpio_max32.c.obj)
 .rodata.gpios  0x000000001000688c        0x8 zephyr/drivers/pinctrl/libdrivers__pinctrl.a(pinctrl_max32.c.obj)
 .rodata.max32_uart_config_0
                0x0000000010006894       0x24 zephyr/drivers/serial/libdrivers__serial.a(uart_max32.c.obj)
 .rodata.__pinctrl_dev_config__device_dts_ord_38
                0x00000000100068b8        0x8 zephyr/drivers/serial/libdrivers__serial.a(uart_max32.c.obj)
 .rodata.__pinctrl_states__device_dts_ord_38
                0x00000000100068c0        0x8 zephyr/drivers/serial/libdrivers__serial.a(uart_max32.c.obj)
 .rodata.__pinctrl_state_pins_0__device_dts_ord_38
                0x00000000100068c8       0x10 zephyr/drivers/serial/libdrivers__serial.a(uart_max32.c.obj)
 .rodata.uart_max32_driver_api
                0x00000000100068d8       0x4c zephyr/drivers/serial/libdrivers__serial.a(uart_max32.c.obj)
 .rodata.__compound_literal.1
                0x0000000010006924        0x8 zephyr/drivers/spi/libdrivers__spi.a(spi_max32.c.obj)
 .rodata.max32_spi_config_1
                0x000000001000692c       0x18 zephyr/drivers/spi/libdrivers__spi.a(spi_max32.c.obj)
 .rodata.__pinctrl_dev_config__device_dts_ord_59
                0x0000000010006944        0x8 zephyr/drivers/spi/libdrivers__spi.a(spi_max32.c.obj)
 .rodata.__pinctrl_states__device_dts_ord_59
                0x000000001000694c        0x8 zephyr/drivers/spi/libdrivers__spi.a(spi_max32.c.obj)
 .rodata.__pinctrl_state_pins_0__device_dts_ord_59
                0x0000000010006954       0x20 zephyr/drivers/spi/libdrivers__spi.a(spi_max32.c.obj)
 .rodata.__compound_literal.0
                0x0000000010006974        0x8 zephyr/drivers/spi/libdrivers__spi.a(spi_max32.c.obj)
 .rodata.max32_spi_config_0
                0x000000001000697c       0x18 zephyr/drivers/spi/libdrivers__spi.a(spi_max32.c.obj)
 .rodata.__pinctrl_dev_config__device_dts_ord_46
                0x0000000010006994        0x8 zephyr/drivers/spi/libdrivers__spi.a(spi_max32.c.obj)
 .rodata.__pinctrl_states__device_dts_ord_46
                0x000000001000699c        0x8 zephyr/drivers/spi/libdrivers__spi.a(spi_max32.c.obj)
 .rodata.__pinctrl_state_pins_0__device_dts_ord_46
                0x00000000100069a4       0x20 zephyr/drivers/spi/libdrivers__spi.a(spi_max32.c.obj)
 .rodata.spi_max32_api
                0x00000000100069c4        0x8 zephyr/drivers/spi/libdrivers__spi.a(spi_max32.c.obj)
 .rodata.CSWTCH.486
                0x00000000100069cc       0x14 zephyr/kernel/libkernel.a(fatal.c.obj)
 .rodata.levels.0
                0x00000000100069e0       0x18 zephyr/kernel/libkernel.a(init.c.obj)
 .rodata.main.str1.1
                0x00000000100069f8       0x3c app/libapp.a(main.c.obj)
 .rodata.cbprintf_package_convert.str1.1
                0x0000000010006a34       0xa3 zephyr/libzephyr.a(cbprintf_packaged.c.obj)
 .rodata.str1.1
                0x0000000010006ad7       0x11 zephyr/libzephyr.a(cbprintf_packaged.c.obj)
 .rodata.enable_logger.str1.1
                0x0000000010006ae8        0x8 zephyr/libzephyr.a(log_core.c.obj)
 .rodata.str1.1
                0x0000000010006af0        0x4 zephyr/libzephyr.a(log_core.c.obj)
 .rodata.str1.1
                0x0000000010006af4        0x9 zephyr/libzephyr.a(log_mgmt.c.obj)
 .rodata.z_impl_z_log_msg_static_create.str1.1
                0x0000000010006afd       0x3f zephyr/libzephyr.a(log_msg.c.obj)
 .rodata.z_log_msg_runtime_vcreate.str1.1
                0x0000000010006b3c       0x38 zephyr/libzephyr.a(log_msg.c.obj)
 .rodata.newline_print.str1.1
                0x0000000010006b74        0x3 zephyr/libzephyr.a(log_output.c.obj)
                                          0x5 (size before relaxing)
 .rodata.log_output_process.str1.1
                0x0000000010006b77       0x4f zephyr/libzephyr.a(log_output.c.obj)
                                         0x51 (size before relaxing)
 .rodata.log_output_dropped_process.str1.1
                0x0000000010006bc6       0x4f zephyr/libzephyr.a(log_output.c.obj)
                                          0x3 (size before relaxing)
 .rodata.postfix.0
                0x0000000010006bc6       0x1c zephyr/libzephyr.a(log_output.c.obj)
 .rodata.prefix.1
                0x0000000010006be2        0xc zephyr/libzephyr.a(log_output.c.obj)
 .rodata.str1.1
                0x0000000010006bee       0x20 zephyr/libzephyr.a(log_output.c.obj)
 .rodata.str1.1
                0x0000000010006c0e       0x1a zephyr/libzephyr.a(log_backend_uart.c.obj)
 .rodata.z_arm_fatal_error.str1.1
                0x0000000010006c28       0xae zephyr/arch/arch/arm/core/libarch__arm__core.a(fatal.c.obj)
 .rodata.mem_manage_fault.constprop.0.str1.1
                0x0000000010006cd6       0xd8 zephyr/arch/arch/arm/core/cortex_m/libarch__arm__core__cortex_m.a(fault.c.obj)
 .rodata.usage_fault.constprop.0.str1.1
                0x0000000010006dae       0xcd zephyr/arch/arch/arm/core/cortex_m/libarch__arm__core__cortex_m.a(fault.c.obj)
 .rodata.bus_fault.constprop.0.str1.1
                0x0000000010006e7b       0x88 zephyr/arch/arch/arm/core/cortex_m/libarch__arm__core__cortex_m.a(fault.c.obj)
 .rodata.z_arm_fault.str1.1
                0x0000000010006f03      0x111 zephyr/arch/arch/arm/core/cortex_m/libarch__arm__core__cortex_m.a(fault.c.obj)
 .rodata.str1.1
                0x0000000010007014       0x1a zephyr/drivers/clock_control/libdrivers__clock_control.a(clock_control_max32.c.obj)
 .rodata.gpio_max32_init.str1.1
                0x000000001000702e       0x19 zephyr/drivers/gpio/libdrivers__gpio.a(gpio_max32.c.obj)
 .rodata.str1.1
                0x0000000010007047       0x27 zephyr/drivers/gpio/libdrivers__gpio.a(gpio_max32.c.obj)
 .rodata.uart_max32_init.str1.1
                0x000000001000706e       0x38 zephyr/drivers/serial/libdrivers__serial.a(uart_max32.c.obj)
 .rodata.str1.1
                0x00000000100070a6       0x1b zephyr/drivers/serial/libdrivers__serial.a(uart_max32.c.obj)
 .rodata.api_transceive.str1.1
                0x00000000100070c1       0xbe zephyr/drivers/spi/libdrivers__spi.a(spi_max32.c.obj)
 .rodata.spi_max32_init.str1.1
                0x000000001000717f       0x24 zephyr/drivers/spi/libdrivers__spi.a(spi_max32.c.obj)
 .rodata.__func__.0
                0x00000000100071a3       0x16 zephyr/drivers/spi/libdrivers__spi.a(spi_max32.c.obj)
 .rodata.__func__.1
                0x00000000100071b9       0x16 zephyr/drivers/spi/libdrivers__spi.a(spi_max32.c.obj)
 .rodata.__func__.2
                0x00000000100071cf       0x1a zephyr/drivers/spi/libdrivers__spi.a(spi_max32.c.obj)
 .rodata.str1.1
                0x00000000100071e9       0x24 zephyr/drivers/spi/libdrivers__spi.a(spi_max32.c.obj)
 .rodata.str1.1
                0x000000001000720d        0x9 modules/ad74416h/drivers/ad74416h/lib..__modules__ad74416h__drivers__ad74416h.a(ad74416h.c.obj)
 .rodata.k_sys_fatal_error_handler.str1.1
                0x0000000010007216        0xf zephyr/kernel/libkernel.a(fatal.c.obj)
 .rodata.z_fatal_error.str1.1
                0x0000000010007225       0x77 zephyr/kernel/libkernel.a(fatal.c.obj)
 .rodata.str1.1
                0x000000001000729c       0x4a zephyr/kernel/libkernel.a(fatal.c.obj)
 .rodata.z_cstart.str1.1
                0x00000000100072e6        0x5 zephyr/kernel/libkernel.a(init.c.obj)
 .rodata.str1.1
                0x00000000100072eb        0x3 zephyr/kernel/libkernel.a(init.c.obj)
 .rodata.z_setup_new_thread.str1.1
                0x00000000100072ee       0x51 zephyr/kernel/libkernel.a(thread.c.obj)
 .rodata.__func__.0
                0x000000001000733f       0x13 zephyr/kernel/libkernel.a(thread.c.obj)
 .rodata.k_sched_unlock.str1.1
                0x0000000010007352       0x1f zephyr/kernel/libkernel.a(sched.c.obj)
 .rodata.z_tick_sleep.str1.1
                0x0000000010007371       0x1c zephyr/kernel/libkernel.a(sched.c.obj)
 .rodata.__func__.0
                0x000000001000738d        0xd zephyr/kernel/libkernel.a(sched.c.obj)
 .rodata.__func__.1
                0x000000001000739a        0xf zephyr/kernel/libkernel.a(sched.c.obj)
 .rodata.boot_banner.str1.1
                0x00000000100073a9       0x3b zephyr/kernel/libkernel.a(banner.c.obj)
 .rodata.__l_vfprintf.str1.1
                0x00000000100073e4        0xf c:\users\aputhenp\zephyr-sdk-0.16.8\arm-zephyr-eabi\bin\../lib/gcc/../../picolibc/arm-zephyr-eabi/lib/thumb/v7e-m/nofp\libc.a(libc_tinystdio_vflprintf.c.o)
 *(SORT_BY_ALIGNMENT(.gnu.linkonce.r.*))
                0x00000000100073f4                . = ALIGN (0x4)
 *fill*         0x00000000100073f3        0x1 
                0x00000000100073f4                __rodata_region_end = .
                0x00000000100073f4                . = ALIGN (_region_min_align)
                0x00000000100073f4                __rom_region_end = ((__rom_region_start + .) - ADDR (rom_start))

/DISCARD/
 *(SORT_BY_ALIGNMENT(.got.plt))
 *(SORT_BY_ALIGNMENT(.igot.plt))
 *(SORT_BY_ALIGNMENT(.got))
 *(SORT_BY_ALIGNMENT(.igot))
                0x0000000020010000                . = 0x20010000
                0x0000000020010000                . = ALIGN (_region_min_align)
                0x0000000020010000                _image_ram_start = .

.ramfunc        0x0000000020010000        0x0 load address 0x00000000100073f4
                0x0000000020010000                . = ALIGN (_region_min_align)
                0x0000000020010000                __ramfunc_start = .
 *(SORT_BY_ALIGNMENT(.ramfunc))
 *(SORT_BY_ALIGNMENT(.ramfunc.*))
                0x0000000020010000                . = ALIGN (_region_min_align)
                0x0000000020010000                __ramfunc_end = .
                0x0000000000000000                __ramfunc_size = (__ramfunc_end - __ramfunc_start)