Archive member included to satisfy reference by file (symbol)

app/libapp.a(main.c.obj)      (--whole-archive)
zephyr/libzephyr.a(crc32c_sw.c.obj)
                              (--whole-archive)
zephyr/libzephyr.a(crc32_sw.c.obj)
                              (--whole-archive)
zephyr/libzephyr.a(crc24_sw.c.obj)
                              (--whole-archive)
zephyr/libzephyr.a(crc16_sw.c.obj)
                              (--whole-archive)
zephyr/libzephyr.a(crc8_sw.c.obj)
                              (--whole-archive)
zephyr/libzephyr.a(crc7_sw.c.obj)
                              (--whole-archive)
zephyr/libzephyr.a(crc4_sw.c.obj)
                              (--whole-archive)
zephyr/libzephyr.a(heap.c.obj)
                              (--whole-archive)
zephyr/libzephyr.a(cbprintf_packaged.c.obj)
                              (--whole-archive)
zephyr/libzephyr.a(printk.c.obj)
                              (--whole-archive)
zephyr/libzephyr.a(sem.c.obj)
                              (--whole-archive)
zephyr/libzephyr.a(thread_entry.c.obj)
                              (--whole-archive)
zephyr/libzephyr.a(cbprintf_complete.c.obj)
                              (--whole-archive)
zephyr/libzephyr.a(assert.c.obj)
                              (--whole-archive)
zephyr/libzephyr.a(mpsc_pbuf.c.obj)
                              (--whole-archive)
zephyr/libzephyr.a(dec.c.obj)
                              (--whole-archive)
zephyr/libzephyr.a(hex.c.obj)
                              (--whole-archive)
zephyr/libzephyr.a(rb.c.obj)  (--whole-archive)
zephyr/libzephyr.a(timeutil.c.obj)
                              (--whole-archive)
zephyr/libzephyr.a(bitarray.c.obj)
                              (--whole-archive)
zephyr/libzephyr.a(configs.c.obj)
                              (--whole-archive)
zephyr/libzephyr.a(soc.c.obj)
                              (--whole-archive)
zephyr/libzephyr.a(log_core.c.obj)
                              (--whole-archive)
zephyr/libzephyr.a(log_mgmt.c.obj)
                              (--whole-archive)
zephyr/libzephyr.a(log_cache.c.obj)
                              (--whole-archive)
zephyr/libzephyr.a(log_msg.c.obj)
                              (--whole-archive)
zephyr/libzephyr.a(log_output.c.obj)
                              (--whole-archive)
zephyr/libzephyr.a(log_backend_uart.c.obj)
                              (--whole-archive)
zephyr/libzephyr.a(tracing_none.c.obj)
                              (--whole-archive)
zephyr/libzephyr.a(max32xxx_system.c.obj)
                              (--whole-archive)
zephyr/libzephyr.a(system_max32670.c.obj)
                              (--whole-archive)
zephyr/libzephyr.a(icc_common.c.obj)
                              (--whole-archive)
zephyr/libzephyr.a(icc_me15.c.obj)
                              (--whole-archive)
zephyr/libzephyr.a(icc_reva.c.obj)
                              (--whole-archive)
zephyr/libzephyr.a(lp_me15.c.obj)
                              (--whole-archive)
zephyr/libzephyr.a(mxc_assert.c.obj)
                              (--whole-archive)
zephyr/libzephyr.a(mxc_delay.c.obj)
                              (--whole-archive)
zephyr/libzephyr.a(mxc_lock.c.obj)
                              (--whole-archive)
zephyr/libzephyr.a(pins_me15.c.obj)
                              (--whole-archive)
zephyr/libzephyr.a(sys_me15.c.obj)
                              (--whole-archive)
zephyr/libzephyr.a(dma_me15.c.obj)
                              (--whole-archive)
zephyr/libzephyr.a(dma_reva.c.obj)
                              (--whole-archive)
zephyr/libzephyr.a(uart_common.c.obj)
                              (--whole-archive)
zephyr/libzephyr.a(uart_me15.c.obj)
                              (--whole-archive)
zephyr/libzephyr.a(uart_revb.c.obj)
                              (--whole-archive)
zephyr/libzephyr.a(gpio_common.c.obj)
                              (--whole-archive)
zephyr/libzephyr.a(gpio_me15.c.obj)
                              (--whole-archive)
zephyr/libzephyr.a(gpio_reva.c.obj)
                              (--whole-archive)
zephyr/libzephyr.a(spi_me15.c.obj)
                              (--whole-archive)
zephyr/libzephyr.a(spi_reva1.c.obj)
                              (--whole-archive)
zephyr/arch/common/libarch__common.a(sw_isr_common.c.obj)
                              (--whole-archive)
zephyr/arch/arch/arm/core/libarch__arm__core.a(fatal.c.obj)
                              (--whole-archive)
zephyr/arch/arch/arm/core/libarch__arm__core.a(nmi.c.obj)
                              (--whole-archive)
zephyr/arch/arch/arm/core/libarch__arm__core.a(nmi_on_reset.S.obj)
                              (--whole-archive)
zephyr/arch/arch/arm/core/libarch__arm__core.a(tls.c.obj)
                              (--whole-archive)
zephyr/arch/arch/arm/core/cortex_m/libarch__arm__core__cortex_m.a(exc_exit.c.obj)
                              (--whole-archive)
[...]
Memory Configuration

Name             Origin             Length             Attributes
FLASH            0x0000000010000000 0x0000000000060000 xr
RAM              0x0000000020010000 0x0000000000010000 xw
IDT_LIST         0x00000000ffff7fff 0x0000000000008000 xw
*default*        0x0000000000000000 0xffffffffffffffff

Linker script and memory map

                0x0000000010004518                vfprintf = __l_vfprintf
                0x0000000000000000                vfscanf = __l_vfscanf
LOAD zephyr/CMakeFiles/zephyr_pre0.dir/misc/empty_file.c.obj
LOAD zephyr/CMakeFiles/offsets.dir/./arch/arm/core/offsets/offsets.c.obj
LOAD app/libapp.a
LOAD zephyr/libzephyr.a
LOAD zephyr/arch/common/libarch__common.a
LOAD zephyr/arch/arch/arm/core/libarch__arm__core.a
LOAD zephyr/arch/arch/arm/core/cortex_m/libarch__arm__core__cortex_m.a
LOAD zephyr/lib/libc/picolibc/liblib__libc__picolibc.a
LOAD zephyr/lib/libc/common/liblib__libc__common.a
LOAD zephyr/drivers/clock_control/libdrivers__clock_control.a
LOAD zephyr/drivers/console/libdrivers__console.a
LOAD zephyr/drivers/gpio/libdrivers__gpio.a
LOAD zephyr/drivers/pinctrl/libdrivers__pinctrl.a
LOAD zephyr/drivers/serial/libdrivers__serial.a
LOAD zephyr/drivers/spi/libdrivers__spi.a
LOAD zephyr/drivers/timer/libdrivers__timer.a
LOAD modules/ad74416h/drivers/ad74416h/lib..__modules__ad74416h__drivers__ad74416h.a
LOAD zephyr/kernel/libkernel.a
LOAD c:/users/aputhenp/zephyr-sdk-0.16.8/arm-zephyr-eabi/bin/../lib/gcc/arm-zephyr-eabi/12.2.0/thumb/v7e-m/nofp\libgcc.a
LOAD zephyr/arch/common/libisr_tables.a
LOAD c:\users\aputhenp\zephyr-sdk-0.16.8\arm-zephyr-eabi\bin\../lib/gcc/../../picolibc/arm-zephyr-eabi/lib/thumb/v7e-m/nofp\libc.a
LOAD c:/users/aputhenp/zephyr-sdk-0.16.8/arm-zephyr-eabi/bin/../lib/gcc/arm-zephyr-eabi/12.2.0/thumb/v7e-m/nofp\libgcc.a
                0x0000000000000004                _region_min_align = 0x4

.rel.plt        0x0000000010000000        0x0
 *(SORT_BY_ALIGNMENT(.rel.plt))
                [!provide]                        PROVIDE (__rel_iplt_start = .)
 *(SORT_BY_ALIGNMENT(.rel.iplt))
 .rel.iplt      0x0000000010000000        0x0 app/libapp.a(main.c.obj)
                [!provide]                        PROVIDE (__rel_iplt_end = .)

.rela.plt       0x0000000000000000        0x0
 *(SORT_BY_ALIGNMENT(.rela.plt))
                [!provide]                        PROVIDE (__rela_iplt_start = .)
 *(SORT_BY_ALIGNMENT(.rela.iplt))
                [!provide]                        PROVIDE (__rela_iplt_end = .)

.rel.dyn
 *(SORT_BY_ALIGNMENT(.rel.*))

.rela.dyn
 *(SORT_BY_ALIGNMENT(.rela.*))

/DISCARD/
 *(SORT_BY_ALIGNMENT(.plt))

/DISCARD/
 *(SORT_BY_ALIGNMENT(.iplt))
                0x0000000010000000                __rom_region_start = 0x10000000

rom_start       0x0000000010000000      0x1d0
                0x0000000010000000                __rom_start_address = .
 FILL mask 0x00
                0x0000000010000000                . = (. + (0x0 - (. - __rom_start_address)))
                0x0000000010000000                . = ALIGN (0x4)
                0x0000000010000000                . = ALIGN (0x80)
                0x0000000010000000                . = ALIGN (0x200)
                0x0000000010000000                _vector_start = .
 *(SORT_BY_ALIGNMENT(.exc_vector_table))
 *(SORT_BY_ALIGNMENT(.exc_vector_table.*))
 .exc_vector_table._vector_table_section
                0x0000000010000000       0x40 zephyr/arch/arch/arm/core/cortex_m/libarch__arm__core__cortex_m.a(vector_table.S.obj)
                0x0000000010000000                _vector_table
 *(SORT_BY_ALIGNMENT(.vectors))
                0x00000000100001d0                _vector_end = .
                0x0000000010000040                . = ALIGN (0x4)
 *(SORT_BY_ALIGNMENT(.gnu.linkonce.irq_vector_table*))
 .gnu.linkonce.irq_vector_table
                0x0000000010000040      0x190 zephyr/arch/common/libisr_tables.a(isr_tables.c.obj)
                0x0000000010000040                _irq_vector_table
                0x00000000100001d0                _vector_end = .

text            0x00000000100001d0     0x61ac
                0x00000000100001d0                __text_region_start = .
 *(SORT_BY_ALIGNMENT(.text))
 .text          0x00000000100001d0       0x30 c:/users/aputhenp/zephyr-sdk-0.16.8/arm-zephyr-eabi/bin/../lib/gcc/arm-zephyr-eabi/12.2.0/thumb/v7e-m/nofp\libgcc.a(_aeabi_uldivmod.o)
                0x00000000100001d0                __aeabi_uldivmod
 .text          0x0000000010000200        0x4 c:/users/aputhenp/zephyr-sdk-0.16.8/arm-zephyr-eabi/bin/../lib/gcc/arm-zephyr-eabi/12.2.0/thumb/v7e-m/nofp\libgcc.a(_dvmd_tls.o)
                0x0000000010000200                __aeabi_idiv0
                0x0000000010000200                __aeabi_ldiv0
 .text          0x0000000010000204      0x2a0 c:/users/aputhenp/zephyr-sdk-0.16.8/arm-zephyr-eabi/bin/../lib/gcc/arm-zephyr-eabi/12.2.0/thumb/v7e-m/nofp\libgcc.a(_udivmoddi4.o)
                0x0000000010000204                __udivmoddi4
 .text          0x00000000100004a4       0x10 c:\users\aputhenp\zephyr-sdk-0.16.8\arm-zephyr-eabi\bin\../lib/gcc/../../picolibc/arm-zephyr-eabi/lib/thumb/v7e-m/nofp\libc.a(strlen.S.o)
                0x00000000100004a4                strlen
 *(SORT_BY_ALIGNMENT(.text.*))
 .text.main     0x00000000100004b4       0x20 app/libapp.a(main.c.obj)
                0x00000000100004b4                main
 .text.cbvprintf_package
                0x00000000100004d4      0x3a4 zephyr/libzephyr.a(cbprintf_packaged.c.obj)
                0x00000000100004d4                cbvprintf_package
 .text.cbprintf_package_convert
                0x0000000010000878      0x3c0 zephyr/libzephyr.a(cbprintf_packaged.c.obj)
                0x0000000010000878                cbprintf_package_convert
 .text.__printk_hook_install
                0x0000000010000c38        0xc zephyr/libzephyr.a(printk.c.obj)
                0x0000000010000c38                __printk_hook_install
 .text.z_thread_entry
                0x0000000010000c44       0x34 zephyr/libzephyr.a(thread_entry.c.obj)
                0x0000000010000c44                z_thread_entry
 .text.activate_foreach_backend
                0x0000000010000c78       0x64 zephyr/libzephyr.a(log_core.c.obj)
 .text.enable_logger
                0x0000000010000cdc       0x5c zephyr/libzephyr.a(log_core.c.obj)
 .text.log_process_thread_timer_expiry_fn
                0x0000000010000d38        0xc zephyr/libzephyr.a(log_core.c.obj)
 .text.z_log_init
                0x0000000010000d44       0x8c zephyr/libzephyr.a(log_core.c.obj)
 .text.log_format_func_t_get
                0x0000000010000dd0        0xc zephyr/libzephyr.a(log_core.c.obj)
                0x0000000010000dd0                log_format_func_t_get
 .text.log_set_timestamp_func
                0x0000000010000ddc       0x20 zephyr/libzephyr.a(log_core.c.obj)
                0x0000000010000ddc                log_set_timestamp_func
 .text.z_log_notify_backend_enabled
                0x0000000010000dfc       0x1c zephyr/libzephyr.a(log_core.c.obj)
                0x0000000010000dfc                z_log_notify_backend_enabled
 .text.z_log_dropped
                0x0000000010000e18       0x44 zephyr/libzephyr.a(log_core.c.obj)
                0x0000000010000e18                z_log_dropped
 .text.z_log_dropped_read_and_clear
                0x0000000010000e5c       0x20 zephyr/libzephyr.a(log_core.c.obj)
                0x0000000010000e5c                z_log_dropped_read_and_clear
 .text.dropped_notify
                0x0000000010000e7c       0x30 zephyr/libzephyr.a(log_core.c.obj)
                0x0000000010000e7c                dropped_notify
 .text.z_log_msg_init
                0x0000000010000eac       0x20 zephyr/libzephyr.a(log_core.c.obj)
                0x0000000010000eac                z_log_msg_init
 .text.log_core_init
                0x0000000010000ecc       0x34 zephyr/libzephyr.a(log_core.c.obj)
                0x0000000010000ecc                log_core_init
 .text.z_log_msg_alloc
                0x0000000010000f00       0x10 zephyr/libzephyr.a(log_core.c.obj)
                0x0000000010000f00                z_log_msg_alloc
 .text.z_log_msg_local_claim
                0x0000000010000f10        0xc zephyr/libzephyr.a(log_core.c.obj)
                0x0000000010000f10                z_log_msg_local_claim
 .text.z_log_msg_free
                0x0000000010000f1c       0x10 zephyr/libzephyr.a(log_core.c.obj)
                0x0000000010000f1c                z_log_msg_free
 .text.z_log_msg_pending
                0x0000000010000f2c        0xc zephyr/libzephyr.a(log_core.c.obj)
                0x0000000010000f2c                z_log_msg_pending
 .text.z_impl_log_process
                0x0000000010000f38       0xb0 zephyr/libzephyr.a(log_core.c.obj)
                0x0000000010000f38                z_impl_log_process
 .text.z_impl_log_panic
                0x0000000010000fe8       0x44 zephyr/libzephyr.a(log_core.c.obj)
                0x0000000010000fe8                z_impl_log_panic
 .text.log_process_thread_func
                0x000000001000102c       0xa4 zephyr/libzephyr.a(log_core.c.obj)
 .text.z_log_msg_post_finalize
                0x00000000100010d0       0x78 zephyr/libzephyr.a(log_core.c.obj)
 .text.z_log_msg_commit
                0x0000000010001148       0x24 zephyr/libzephyr.a(log_core.c.obj)
                0x0000000010001148                z_log_msg_commit
 .text.log_source_name_get
                0x000000001000116c       0x1c zephyr/libzephyr.a(log_mgmt.c.obj)
                0x000000001000116c                log_source_name_get
 .text.log_backend_enable
                0x0000000010001188       0x28 zephyr/libzephyr.a(log_mgmt.c.obj)
                0x0000000010001188                log_backend_enable
 .text.z_impl_z_log_msg_static_create
                0x00000000100011b0      0x108 zephyr/libzephyr.a(log_msg.c.obj)
                0x00000000100011b0                z_impl_z_log_msg_static_create
 .text.z_log_msg_runtime_vcreate
                0x00000000100012b8       0xa0 zephyr/libzephyr.a(log_msg.c.obj)
                0x00000000100012b8                z_log_msg_runtime_vcreate
 .text.log_msg_get_source_id
                0x0000000010001358       0x18 zephyr/libzephyr.a(log_msg.c.obj)
                0x0000000010001358                log_msg_get_source_id
 .text.print_formatted
                0x0000000010001370       0x24 zephyr/libzephyr.a(log_output.c.obj)
 .text.newline_print
                0x0000000010001394       0x1c zephyr/libzephyr.a(log_output.c.obj)
 .text.log_output_process
                0x00000000100013b0      0x2d4 zephyr/libzephyr.a(log_output.c.obj)
                0x00000000100013b0                log_output_process
 .text.log_output_dropped_process
                0x0000000010001684       0x58 zephyr/libzephyr.a(log_output.c.obj)
                0x0000000010001684                log_output_dropped_process
 .text.log_output_timestamp_freq_set
                0x00000000100016dc       0x2c zephyr/libzephyr.a(log_output.c.obj)
                0x00000000100016dc                log_output_timestamp_freq_set
 .text.char_out
                0x0000000010001708       0x24 zephyr/libzephyr.a(log_backend_uart.c.obj)
 .text.max32xx_system_init
                0x000000001000172c       0x1c zephyr/libzephyr.a(max32xxx_system.c.obj)
                0x000000001000172c                max32xx_system_init
 .text.SystemCoreClockUpdate
                0x0000000010001748       0x80 zephyr/libzephyr.a(system_max32670.c.obj)
                0x0000000010001748                SystemCoreClockUpdate
 .text.MXC_DelayInit
                0x00000000100017c8       0x7c zephyr/libzephyr.a(mxc_delay.c.obj)
 .text.MXC_DelayAsync
                0x0000000010001844       0x38 zephyr/libzephyr.a(mxc_delay.c.obj)
                0x0000000010001844                MXC_DelayAsync
 .text.MXC_DelayAbort
                0x000000001000187c       0x34 zephyr/libzephyr.a(mxc_delay.c.obj)
                0x000000001000187c                MXC_DelayAbort
 .text.MXC_DelayCheck
                0x00000000100018b0       0x54 zephyr/libzephyr.a(mxc_delay.c.obj)
                0x00000000100018b0                MXC_DelayCheck
 .text.MXC_SYS_ClockDisable
                0x0000000010001904       0x38 zephyr/libzephyr.a(sys_me15.c.obj)
                0x0000000010001904                MXC_SYS_ClockDisable
 .text.MXC_SYS_ClockEnable
                0x000000001000193c       0x44 zephyr/libzephyr.a(sys_me15.c.obj)
                0x000000001000193c                MXC_SYS_ClockEnable
 .text.MXC_SYS_RTCClockEnable
                0x0000000010001980       0x1c zephyr/libzephyr.a(sys_me15.c.obj)
                0x0000000010001980                MXC_SYS_RTCClockEnable
 .text.MXC_SYS_Clock_Timeout
                0x000000001000199c       0x40 zephyr/libzephyr.a(sys_me15.c.obj)
                0x000000001000199c                MXC_SYS_Clock_Timeout
 .text.MXC_SYS_ClockSourceEnable
                0x00000000100019dc       0x84 zephyr/libzephyr.a(sys_me15.c.obj)
                0x00000000100019dc                MXC_SYS_ClockSourceEnable
 .text.MXC_SYS_Reset_Periph
                0x0000000010001a60       0x5c zephyr/libzephyr.a(sys_me15.c.obj)
                0x0000000010001a60                MXC_SYS_Reset_Periph
 .text.MXC_DMA_RevA_ReleaseChannel
                0x0000000010001abc       0x4c zephyr/libzephyr.a(dma_reva.c.obj)
                0x0000000010001abc                MXC_DMA_RevA_ReleaseChannel
 .text.MXC_UART_Shutdown
                0x0000000010001b08       0x70 zephyr/libzephyr.a(uart_me15.c.obj)
                0x0000000010001b08                MXC_UART_Shutdown
 .text.MXC_UART_GetFrequency
                0x0000000010001b78       0x94 zephyr/libzephyr.a(uart_me15.c.obj)
                0x0000000010001b78                MXC_UART_GetFrequency
 .text.MXC_UART_SetFrequency
                0x0000000010001c0c      0x100 zephyr/libzephyr.a(uart_me15.c.obj)
                0x0000000010001c0c                MXC_UART_SetFrequency
 .text.MXC_UART_RevB_SetFrequency
                0x0000000010001d0c       0x80 zephyr/libzephyr.a(uart_revb.c.obj)
                0x0000000010001d0c                MXC_UART_RevB_SetFrequency
 .text.MXC_UART_RevB_GetFrequency
                0x0000000010001d8c       0x5c zephyr/libzephyr.a(uart_revb.c.obj)
                0x0000000010001d8c                MXC_UART_RevB_GetFrequency
 .text.MXC_SPI_Init
                0x0000000010001de8       0x24 zephyr/libzephyr.a(spi_me15.c.obj)
                0x0000000010001de8                MXC_SPI_Init
 .text.MXC_SPI_Shutdown
                0x0000000010001e0c       0x40 zephyr/libzephyr.a(spi_me15.c.obj)
                0x0000000010001e0c                MXC_SPI_Shutdown
 .text.MXC_SPI_GetPeripheralClock
                0x0000000010001e4c       0x2c zephyr/libzephyr.a(spi_me15.c.obj)
                0x0000000010001e4c                MXC_SPI_GetPeripheralClock
 .text.MXC_SPI_RevA1_Init
                0x0000000010001e78       0xe8 zephyr/libzephyr.a(spi_reva1.c.obj)
                0x0000000010001e78                MXC_SPI_RevA1_Init
 .text.MXC_SPI_RevA1_Shutdown
                0x0000000010001f60       0xac zephyr/libzephyr.a(spi_reva1.c.obj)
                0x0000000010001f60                MXC_SPI_RevA1_Shutdown
 .text.MXC_SPI_RevA1_SetFrequency
                0x000000001000200c       0x70 zephyr/libzephyr.a(spi_reva1.c.obj)
                0x000000001000200c                MXC_SPI_RevA1_SetFrequency
 .text.MXC_SPI_RevA1_SetDataSize
                0x000000001000207c       0x88 zephyr/libzephyr.a(spi_reva1.c.obj)
                0x000000001000207c                MXC_SPI_RevA1_SetDataSize
 .text.MXC_SPI_RevA1_SetSlave
                0x0000000010002104       0x70 zephyr/libzephyr.a(spi_reva1.c.obj)
                0x0000000010002104                MXC_SPI_RevA1_SetSlave
 .text.MXC_SPI_RevA1_HWSSControl
                0x0000000010002174       0x40 zephyr/libzephyr.a(spi_reva1.c.obj)
                0x0000000010002174                MXC_SPI_RevA1_HWSSControl
 .text.z_arm_fatal_error
                0x00000000100021b4       0xb8 zephyr/arch/arch/arm/core/libarch__arm__core.a(fatal.c.obj)
                0x00000000100021b4                z_arm_fatal_error
 .text.z_SysNmiOnReset
                0x000000001000226c        0x8 zephyr/arch/arch/arm/core/libarch__arm__core.a(nmi_on_reset.S.obj)
                0x000000001000226c                z_SysNmiOnReset
 .text.arch_tls_stack_setup
                0x0000000010002274       0x40 zephyr/arch/arch/arm/core/libarch__arm__core.a(tls.c.obj)
                0x0000000010002274                arch_tls_stack_setup
 .text._HandlerModeExit
                0x00000000100022b4       0x28 zephyr/arch/arch/arm/core/cortex_m/libarch__arm__core__cortex_m.a(exc_exit.c.obj)
                0x00000000100022b4                z_arm_int_exit
                0x00000000100022b4                z_arm_exc_exit
 .text.mem_manage_fault.constprop.0
                0x00000000100022dc       0xd0 zephyr/arch/arch/arm/core/cortex_m/libarch__arm__core__cortex_m.a(fault.c.obj)
 .text.usage_fault.constprop.0
                0x00000000100023ac       0xa8 zephyr/arch/arch/arm/core/cortex_m/libarch__arm__core__cortex_m.a(fault.c.obj)
 .text.bus_fault.constprop.0
                0x0000000010002454       0xd0 zephyr/arch/arch/arm/core/cortex_m/libarch__arm__core__cortex_m.a(fault.c.obj)
 .text.z_arm_fault
                0x0000000010002524      0x1d0 zephyr/arch/arch/arm/core/cortex_m/libarch__arm__core__cortex_m.a(fault.c.obj)
                0x0000000010002524                z_arm_fault
 .text.z_arm_fault_init
                0x00000000100026f4       0x18 zephyr/arch/arch/arm/core/cortex_m/libarch__arm__core__cortex_m.a(fault.c.obj)
                0x00000000100026f4                z_arm_fault_init
 .text.__fault  0x000000001000270c       0x14 zephyr/arch/arch/arm/core/cortex_m/libarch__arm__core__cortex_m.a(fault_s.S.obj)
                0x000000001000270c                z_arm_usage_fault
                0x000000001000270c                z_arm_mpu_fault
                0x000000001000270c                z_arm_exc_spurious
                0x000000001000270c                z_arm_debug_monitor
                0x000000001000270c                z_arm_hard_fault
                0x000000001000270c                z_arm_bus_fault
 .text._reset_section
                0x0000000010002720       0x2c zephyr/arch/arch/arm/core/cortex_m/libarch__arm__core__cortex_m.a(reset.S.obj)
                0x0000000010002720                __start
                0x0000000010002720                z_arm_reset
 .text.z_impl_k_thread_abort
                0x000000001000274c       0x2c zephyr/arch/arch/arm/core/cortex_m/libarch__arm__core__cortex_m.a(thread_abort.c.obj)
                0x000000001000274c                z_impl_k_thread_abort
 .text.arch_swap
                0x0000000010002778       0x30 zephyr/arch/arch/arm/core/cortex_m/libarch__arm__core__cortex_m.a(swap.c.obj)
                0x0000000010002778                arch_swap
 .text.z_arm_pendsv_c
                0x00000000100027a8       0x40 zephyr/arch/arch/arm/core/cortex_m/libarch__arm__core__cortex_m.a(swap.c.obj)
                0x00000000100027a8                z_arm_pendsv_c
 .text.z_arm_pendsv
                0x00000000100027e8       0x34 zephyr/arch/arch/arm/core/cortex_m/libarch__arm__core__cortex_m.a(swap_helper.S.obj)
                0x00000000100027e8                z_arm_pendsv
 .text.z_arm_svc
                0x000000001000281c       0x20 zephyr/arch/arch/arm/core/cortex_m/libarch__arm__core__cortex_m.a(swap_helper.S.obj)
                0x000000001000281c                z_arm_svc
 .text.arch_irq_enable
                0x000000001000283c       0x1c zephyr/arch/arch/arm/core/cortex_m/libarch__arm__core__cortex_m.a(irq_manage.c.obj)
                0x000000001000283c                arch_irq_enable
 .text.z_arm_irq_priority_set
                0x0000000010002858       0x30 zephyr/arch/arch/arm/core/cortex_m/libarch__arm__core__cortex_m.a(irq_manage.c.obj)
                0x0000000010002858                z_arm_irq_priority_set
 .text.z_prep_c
                0x0000000010002888       0x48 zephyr/arch/arch/arm/core/cortex_m/libarch__arm__core__cortex_m.a(prep_c.c.obj)
                0x0000000010002888                z_prep_c
 .text.arch_new_thread
                0x00000000100028d0       0x38 zephyr/arch/arch/arm/core/cortex_m/libarch__arm__core__cortex_m.a(thread.c.obj)
                0x00000000100028d0                arch_new_thread
 .text.arch_switch_to_main_thread
                0x0000000010002908       0x40 zephyr/arch/arch/arm/core/cortex_m/libarch__arm__core__cortex_m.a(thread.c.obj)
                0x0000000010002908                arch_switch_to_main_thread
 .text.z_arm_cpu_idle_init
                0x0000000010002948        0xc zephyr/arch/arch/arm/core/cortex_m/libarch__arm__core__cortex_m.a(cpu_idle.c.obj)
                0x0000000010002948                z_arm_cpu_idle_init
 .text.z_arm_interrupt_init
                0x0000000010002954       0x18 zephyr/arch/arch/arm/core/cortex_m/libarch__arm__core__cortex_m.a(irq_init.c.obj)
                0x0000000010002954                z_arm_interrupt_init
 .text._isr_wrapper
                0x000000001000296c       0x24 zephyr/arch/arch/arm/core/cortex_m/libarch__arm__core__cortex_m.a(isr_wrapper.c.obj)
                0x000000001000296c                _isr_wrapper
 .text.z_impl_zephyr_fputc
                0x0000000010002990       0x10 zephyr/lib/libc/picolibc/liblib__libc__picolibc.a(libc-hooks.c.obj)
                0x0000000010002990                z_impl_zephyr_fputc
 .text.__stdout_hook_install
                0x00000000100029a0       0x18 zephyr/lib/libc/picolibc/liblib__libc__picolibc.a(libc-hooks.c.obj)
                0x00000000100029a0                __stdout_hook_install
 .text.cbvprintf
                0x00000000100029b8       0x38 zephyr/lib/libc/picolibc/liblib__libc__picolibc.a(libc-hooks.c.obj)
                0x00000000100029b8                cbvprintf
 .text.malloc_prepare
                0x00000000100029f0       0x24 zephyr/lib/libc/common/liblib__libc__common.a(malloc.c.obj)
 .text.api_get_rate
                0x0000000010002a14       0x54 zephyr/drivers/clock_control/libdrivers__clock_control.a(clock_control_max32.c.obj)
 .text.uart_console_init
                0x0000000010002a68       0x28 zephyr/drivers/console/libdrivers__console.a(uart_console.c.obj)
 .text.console_out
                0x0000000010002a90       0x28 zephyr/drivers/console/libdrivers__console.a(uart_console.c.obj)
 .text.gpio_max32_init
                0x0000000010002ab8       0x30 zephyr/drivers/gpio/libdrivers__gpio.a(gpio_max32.c.obj)
 .text.pinctrl_configure_pins
                0x0000000010002ae8       0xc4 zephyr/drivers/pinctrl/libdrivers__pinctrl.a(pinctrl_max32.c.obj)
                0x0000000010002ae8                pinctrl_configure_pins
 .text.uart_max32_init
                0x0000000010002bac       0xa8 zephyr/drivers/serial/libdrivers__serial.a(uart_max32.c.obj)
 .text.api_transceive
                0x0000000010002c54      0x528 zephyr/drivers/spi/libdrivers__spi.a(spi_max32.c.obj)
 .text.spi_max32_init
                0x000000001000317c      0x100 zephyr/drivers/spi/libdrivers__spi.a(spi_max32.c.obj)
 .text.elapsed  0x000000001000327c       0x4c zephyr/drivers/timer/libdrivers__timer.a(cortex_m_systick.c.obj)
 .text.sys_clock_driver_init
                0x00000000100032c8       0x38 zephyr/drivers/timer/libdrivers__timer.a(cortex_m_systick.c.obj)
 .text.sys_clock_isr
                0x0000000010003300       0x60 zephyr/drivers/timer/libdrivers__timer.a(cortex_m_systick.c.obj)
                0x0000000010003300                sys_clock_isr
 .text.sys_clock_set_timeout
                0x0000000010003360       0xf8 zephyr/drivers/timer/libdrivers__timer.a(cortex_m_systick.c.obj)
                0x0000000010003360                sys_clock_set_timeout
 .text.sys_clock_elapsed
                0x0000000010003458       0x3c zephyr/drivers/timer/libdrivers__timer.a(cortex_m_systick.c.obj)
                0x0000000010003458                sys_clock_elapsed
 .text.sys_clock_cycle_get_32
                0x0000000010003494       0x28 zephyr/drivers/timer/libdrivers__timer.a(cortex_m_systick.c.obj)
                0x0000000010003494                sys_clock_cycle_get_32
 .text.ad74416h_init
                0x00000000100034bc       0xa0 modules/ad74416h/drivers/ad74416h/lib..__modules__ad74416h__drivers__ad74416h.a(ad74416h.c.obj)
 .text.k_sys_fatal_error_handler
                0x000000001000355c       0x20 zephyr/kernel/libkernel.a(fatal.c.obj)
                0x000000001000355c                k_sys_fatal_error_handler
 .text.z_fatal_error
                0x000000001000357c       0xe8 zephyr/kernel/libkernel.a(fatal.c.obj)
                0x000000001000357c                z_fatal_error
 .text.z_sys_init_run_level
                0x0000000010003664       0x2c zephyr/kernel/libkernel.a(init.c.obj)
 .text.bg_thread_main
                0x0000000010003690       0xc4 zephyr/kernel/libkernel.a(init.c.obj)
 .text.z_bss_zero
                0x0000000010003754       0x18 zephyr/kernel/libkernel.a(init.c.obj)
                0x0000000010003754                z_bss_zero
 .text.z_init_cpu
                0x000000001000376c       0x68 zephyr/kernel/libkernel.a(init.c.obj)
                0x000000001000376c                z_init_cpu
 .text.z_cstart
                0x00000000100037d4       0xcc zephyr/kernel/libkernel.a(init.c.obj)
                0x00000000100037d4                z_cstart
 .text.z_impl_k_sem_give
                0x00000000100038a0       0x48 zephyr/kernel/libkernel.a(sem.c.obj)
                0x00000000100038a0                z_impl_k_sem_give
 .text.z_impl_k_sem_take
                0x00000000100038e8       0x4c zephyr/kernel/libkernel.a(sem.c.obj)
                0x00000000100038e8                z_impl_k_sem_take
 .text.z_setup_new_thread
                0x0000000010003934       0xb4 zephyr/kernel/libkernel.a(thread.c.obj)
                0x0000000010003934                z_setup_new_thread
 .text.z_impl_k_thread_create
                0x00000000100039e8       0x58 zephyr/kernel/libkernel.a(thread.c.obj)
                0x00000000100039e8                z_impl_k_thread_create
 .text.update_cache
                0x0000000010003a40       0x3c zephyr/kernel/libkernel.a(sched.c.obj)
 .text.unready_thread
                0x0000000010003a7c       0x30 zephyr/kernel/libkernel.a(sched.c.obj)
 .text.ready_thread
                0x0000000010003aac       0x68 zephyr/kernel/libkernel.a(sched.c.obj)
 .text.z_thread_halt
                0x0000000010003b14       0xd8 zephyr/kernel/libkernel.a(sched.c.obj)
 .text.move_thread_to_end_of_prio_q
                0x0000000010003bec       0x74 zephyr/kernel/libkernel.a(sched.c.obj)
                0x0000000010003bec                move_thread_to_end_of_prio_q
 .text.z_pend_curr
                0x0000000010003c60       0x58 zephyr/kernel/libkernel.a(sched.c.obj)
                0x0000000010003c60                z_pend_curr
 .text.z_reschedule
                0x0000000010003cb8       0x24 zephyr/kernel/libkernel.a(sched.c.obj)
                0x0000000010003cb8                z_reschedule
 .text.z_sched_start
                0x0000000010003cdc       0x3c zephyr/kernel/libkernel.a(sched.c.obj)
                0x0000000010003cdc                z_sched_start
 .text.z_reschedule_irqlock
                0x0000000010003d18       0x28 zephyr/kernel/libkernel.a(sched.c.obj)
                0x0000000010003d18                z_reschedule_irqlock
 .text.k_sched_lock
                0x0000000010003d40       0x28 zephyr/kernel/libkernel.a(sched.c.obj)
                0x0000000010003d40                k_sched_lock
 .text.k_sched_unlock
                0x0000000010003d68       0x78 zephyr/kernel/libkernel.a(sched.c.obj)
                0x0000000010003d68                k_sched_unlock
 .text.z_sched_init
                0x0000000010003de0       0x10 zephyr/kernel/libkernel.a(sched.c.obj)
                0x0000000010003de0                z_sched_init
 .text.z_impl_k_yield
                0x0000000010003df0       0x7c zephyr/kernel/libkernel.a(sched.c.obj)
                0x0000000010003df0                z_impl_k_yield
 .text.z_tick_sleep
                0x0000000010003e6c       0xc8 zephyr/kernel/libkernel.a(sched.c.obj)
 .text.z_impl_k_sleep
                0x0000000010003f34       0x3c zephyr/kernel/libkernel.a(sched.c.obj)
                0x0000000010003f34                z_impl_k_sleep
 .text.z_impl_k_sched_current_thread_query
                0x0000000010003f70        0xc zephyr/kernel/libkernel.a(sched.c.obj)
                0x0000000010003f70                z_impl_k_sched_current_thread_query
 .text.slice_timeout
                0x0000000010003f7c       0x20 zephyr/kernel/libkernel.a(timeslicing.c.obj)
 .text.thread_is_sliceable
                0x0000000010003f9c       0x3c zephyr/kernel/libkernel.a(timeslicing.c.obj)
                0x0000000010003f9c                thread_is_sliceable
 .text.z_reset_time_slice
                0x0000000010003fd8       0x50 zephyr/kernel/libkernel.a(timeslicing.c.obj)
                0x0000000010003fd8                z_reset_time_slice
 .text.z_time_slice
                0x0000000010004028       0x60 zephyr/kernel/libkernel.a(timeslicing.c.obj)
                0x0000000010004028                z_time_slice
 .text.z_data_copy
                0x0000000010004088       0x34 zephyr/kernel/libkernel.a(xip.c.obj)
                0x0000000010004088                z_data_copy
 .text.elapsed  0x00000000100040bc       0x14 zephyr/kernel/libkernel.a(timeout.c.obj)
 .text.remove_timeout
                0x00000000100040d0       0x38 zephyr/kernel/libkernel.a(timeout.c.obj)
 .text.next_timeout
                0x0000000010004108       0x40 zephyr/kernel/libkernel.a(timeout.c.obj)
 .text.z_add_timeout
                0x0000000010004148       0xf4 zephyr/kernel/libkernel.a(timeout.c.obj)
                0x0000000010004148                z_add_timeout
 .text.sys_clock_announce
                0x000000001000423c       0xd0 zephyr/kernel/libkernel.a(timeout.c.obj)
                0x000000001000423c                sys_clock_announce
 .text.sys_clock_tick_get
                0x000000001000430c       0x30 zephyr/kernel/libkernel.a(timeout.c.obj)
                0x000000001000430c                sys_clock_tick_get
 .text.z_timer_expiration_handler
                0x000000001000433c       0xe0 zephyr/kernel/libkernel.a(timer.c.obj)
                0x000000001000433c                z_timer_expiration_handler
 .text.z_impl_k_timer_start
                0x000000001000441c       0x74 zephyr/kernel/libkernel.a(timer.c.obj)
                0x000000001000441c                z_impl_k_timer_start
 .text.boot_banner
                0x0000000010004490        0xc zephyr/kernel/libkernel.a(banner.c.obj)
                0x0000000010004490                boot_banner
 .text.printf   0x000000001000449c       0x24 c:\users\aputhenp\zephyr-sdk-0.16.8\arm-zephyr-eabi\bin\../lib/gcc/../../picolibc/arm-zephyr-eabi/lib/thumb/v7e-m/nofp\libc.a(libc_tinystdio_printf.c.o)
                0x000000001000449c                printf
 .text.snprintf
                0x00000000100044c0       0x58 c:\users\aputhenp\zephyr-sdk-0.16.8\arm-zephyr-eabi\bin\../lib/gcc/../../picolibc/arm-zephyr-eabi/lib/thumb/v7e-m/nofp\libc.a(libc_tinystdio_snprintf.c.o)
                0x00000000100044c0                snprintf
 .text.__l_vfprintf
                0x0000000010004518      0x4b8 c:\users\aputhenp\zephyr-sdk-0.16.8\arm-zephyr-eabi\bin\../lib/gcc/../../picolibc/arm-zephyr-eabi/lib/thumb/v7e-m/nofp\libc.a(libc_tinystdio_vflprintf.c.o)
                0x0000000010004518                __l_vfprintf
 .text._OffsetAbsSyms
                0x00000000100049d0        0x2 zephyr/CMakeFiles/offsets.dir/./arch/arm/core/offsets/offsets.c.obj
                0x00000000100049d0                _OffsetAbsSyms
 .text.chunk_size
                0x00000000100049d2        0xa zephyr/libzephyr.a(heap.c.obj)
 .text.free_list_add
                0x00000000100049dc       0x4e zephyr/libzephyr.a(heap.c.obj)
 .text.sys_heap_init
                0x0000000010004a2a       0x7a zephyr/libzephyr.a(heap.c.obj)
                0x0000000010004a2a                sys_heap_init
 .text.cbpprintf_external
                0x0000000010004aa4       0x62 zephyr/libzephyr.a(cbprintf_packaged.c.obj)
                0x0000000010004aa4                cbpprintf_external
 .text.is_ptr   0x0000000010004b06       0x4a zephyr/libzephyr.a(cbprintf_packaged.c.obj)
                0x0000000010004b06                is_ptr
 .text.arch_printk_char_out
                0x0000000010004b50        0x4 zephyr/libzephyr.a(printk.c.obj)
                0x0000000010004b50                arch_printk_char_out
 .text.printk   0x0000000010004b54       0x1a zephyr/libzephyr.a(printk.c.obj)
                0x0000000010004b54                printk
 .text.free_space
                0x0000000010004b6e       0x26 zephyr/libzephyr.a(mpsc_pbuf.c.obj)
 .text.get_usage
                0x0000000010004b94       0x22 zephyr/libzephyr.a(mpsc_pbuf.c.obj)
 .text.idx_inc  0x0000000010004bb6       0x1c zephyr/libzephyr.a(mpsc_pbuf.c.obj)
 .text.rd_idx_inc
                0x0000000010004bd2       0x18 zephyr/libzephyr.a(mpsc_pbuf.c.obj)
 .text.add_skip_item
                0x0000000010004bea       0x3a zephyr/libzephyr.a(mpsc_pbuf.c.obj)
 .text.drop_item_locked
                0x0000000010004c24       0xee zephyr/libzephyr.a(mpsc_pbuf.c.obj)
 .text.post_drop_action
                0x0000000010004d12       0x36 zephyr/libzephyr.a(mpsc_pbuf.c.obj)
 .text.max_utilization_update
                0x0000000010004d48       0x1a zephyr/libzephyr.a(mpsc_pbuf.c.obj)
 .text.mpsc_pbuf_init
                0x0000000010004d62       0x42 zephyr/libzephyr.a(mpsc_pbuf.c.obj)
                0x0000000010004d62                mpsc_pbuf_init
 .text.mpsc_pbuf_alloc
                0x0000000010004da4       0xf8 zephyr/libzephyr.a(mpsc_pbuf.c.obj)
                0x0000000010004da4                mpsc_pbuf_alloc
 .text.mpsc_pbuf_commit
                0x0000000010004e9c       0x3e zephyr/libzephyr.a(mpsc_pbuf.c.obj)
                0x0000000010004e9c                mpsc_pbuf_commit
 .text.mpsc_pbuf_claim
                0x0000000010004eda       0xa8 zephyr/libzephyr.a(mpsc_pbuf.c.obj)
                0x0000000010004eda                mpsc_pbuf_claim
 .text.mpsc_pbuf_free
                0x0000000010004f82       0x76 zephyr/libzephyr.a(mpsc_pbuf.c.obj)
                0x0000000010004f82                mpsc_pbuf_free
 .text.mpsc_pbuf_is_pending
                0x0000000010004ff8       0x1a zephyr/libzephyr.a(mpsc_pbuf.c.obj)
                0x0000000010004ff8                mpsc_pbuf_is_pending
 .text._ConfigAbsSyms
                0x0000000010005012        0x2 zephyr/libzephyr.a(configs.c.obj)
                0x0000000010005012                _ConfigAbsSyms
 .text.max32xxx_init
                0x0000000010005014        0xa zephyr/libzephyr.a(soc.c.obj)
 .text.z_arm_on_enter_cpu_idle
                0x000000001000501e        0x4 zephyr/libzephyr.a(soc.c.obj)
                0x000000001000501e                z_arm_on_enter_cpu_idle
 .text.log_msg_generic_get_wlen
                0x0000000010005022       0x20 zephyr/libzephyr.a(log_core.c.obj)
 .text.dummy_timestamp
                0x0000000010005042        0x4 zephyr/libzephyr.a(log_core.c.obj)
 .text.atomic_inc
                0x0000000010005046       0x1a zephyr/libzephyr.a(log_core.c.obj)
 .text.default_lf_get_timestamp
                0x0000000010005060       0x10 zephyr/libzephyr.a(log_core.c.obj)
 .text.z_log_vprintk
                0x0000000010005070       0x1c zephyr/libzephyr.a(log_core.c.obj)
                0x0000000010005070                z_log_vprintk
 .text.z_log_notify_drop
                0x000000001000508c        0x6 zephyr/libzephyr.a(log_core.c.obj)
 .text.z_log_get_tag
                0x0000000010005092        0x4 zephyr/libzephyr.a(log_core.c.obj)
                0x0000000010005092                z_log_get_tag
 .text.z_cbprintf_cpy
                0x0000000010005096       0x2c zephyr/libzephyr.a(log_msg.c.obj)
 .text.z_log_msg_finalize
                0x00000000100050c2       0x32 zephyr/libzephyr.a(log_msg.c.obj)
                0x00000000100050c2                z_log_msg_finalize
 .text.z_log_msg_simple_create
                0x00000000100050f4       0x6e zephyr/libzephyr.a(log_msg.c.obj)
 .text.z_impl_z_log_msg_simple_create_0
                0x0000000010005162       0x12 zephyr/libzephyr.a(log_msg.c.obj)
                0x0000000010005162                z_impl_z_log_msg_simple_create_0
 .text.z_impl_z_log_msg_simple_create_1
                0x0000000010005174       0x14 zephyr/libzephyr.a(log_msg.c.obj)
                0x0000000010005174                z_impl_z_log_msg_simple_create_1
 .text.buffer_write
                0x0000000010005188       0x1c zephyr/libzephyr.a(log_output.c.obj)
 .text.log_output_flush
                0x00000000100051a4       0x1a zephyr/libzephyr.a(log_output.c.obj)
                0x00000000100051a4                log_output_flush
 .text.out_func
                0x00000000100051be       0x36 zephyr/libzephyr.a(log_output.c.obj)
 .text.cr_out_func
                0x00000000100051f4       0x1c zephyr/libzephyr.a(log_output.c.obj)
 .text.log_output_msg_process
                0x0000000010005210       0x6a zephyr/libzephyr.a(log_output.c.obj)
                0x0000000010005210                log_output_msg_process
 .text.format_set
                0x000000001000527a        0xc zephyr/libzephyr.a(log_backend_uart.c.obj)
 .text.log_backend_uart_init
                0x0000000010005286        0xc zephyr/libzephyr.a(log_backend_uart.c.obj)
 .text.panic    0x0000000010005292       0x10 zephyr/libzephyr.a(log_backend_uart.c.obj)
 .text.dropped  0x00000000100052a2        0xa zephyr/libzephyr.a(log_backend_uart.c.obj)
 .text.process  0x00000000100052ac       0x1e zephyr/libzephyr.a(log_backend_uart.c.obj)
 .text.MXC_GetLock
                0x00000000100052ca       0x1c zephyr/libzephyr.a(mxc_lock.c.obj)
                0x00000000100052ca                MXC_GetLock
 .text.MXC_FreeLock
                0x00000000100052e6        0xa zephyr/libzephyr.a(mxc_lock.c.obj)
                0x00000000100052e6                MXC_FreeLock
 .text.MXC_SYS_Clock_Select
                0x00000000100052f0      0x130 zephyr/libzephyr.a(sys_me15.c.obj)
                0x00000000100052f0                MXC_SYS_Clock_Select
 .text.MXC_SYS_SetClockDiv
                0x0000000010005420       0x22 zephyr/libzephyr.a(sys_me15.c.obj)
                0x0000000010005420                MXC_SYS_SetClockDiv
 .text.MXC_UART_Common_WriteCharacter
                0x0000000010005442       0x1c zephyr/libzephyr.a(uart_common.c.obj)
                0x0000000010005442                MXC_UART_Common_WriteCharacter
 .text.MXC_UART_SetDataSize
                0x000000001000545e        0x4 zephyr/libzephyr.a(uart_me15.c.obj)
                0x000000001000545e                MXC_UART_SetDataSize
 .text.MXC_UART_SetStopBits
                0x0000000010005462        0x4 zephyr/libzephyr.a(uart_me15.c.obj)
                0x0000000010005462                MXC_UART_SetStopBits
 .text.MXC_UART_SetParity
                0x0000000010005466        0x4 zephyr/libzephyr.a(uart_me15.c.obj)
                0x0000000010005466                MXC_UART_SetParity
 .text.MXC_UART_GetActive
                0x000000001000546a        0x4 zephyr/libzephyr.a(uart_me15.c.obj)
                0x000000001000546a                MXC_UART_GetActive
 .text.MXC_UART_ReadCharacterRaw
                0x000000001000546e        0x4 zephyr/libzephyr.a(uart_me15.c.obj)
                0x000000001000546e                MXC_UART_ReadCharacterRaw
 .text.MXC_UART_WriteCharacterRaw
                0x0000000010005472        0x4 zephyr/libzephyr.a(uart_me15.c.obj)
                0x0000000010005472                MXC_UART_WriteCharacterRaw
 .text.MXC_UART_WriteCharacter
                0x0000000010005476        0x4 zephyr/libzephyr.a(uart_me15.c.obj)
                0x0000000010005476                MXC_UART_WriteCharacter
 .text.MXC_UART_ReadRXFIFO
                0x000000001000547a        0x4 zephyr/libzephyr.a(uart_me15.c.obj)
                0x000000001000547a                MXC_UART_ReadRXFIFO
 .text.MXC_UART_WriteTXFIFO
                0x000000001000547e        0x4 zephyr/libzephyr.a(uart_me15.c.obj)
                0x000000001000547e                MXC_UART_WriteTXFIFO
 .text.MXC_UART_GetTXFIFOAvailable
                0x0000000010005482        0x4 zephyr/libzephyr.a(uart_me15.c.obj)
                0x0000000010005482                MXC_UART_GetTXFIFOAvailable
 .text.MXC_UART_SetRXThreshold
                0x0000000010005486        0x4 zephyr/libzephyr.a(uart_me15.c.obj)
                0x0000000010005486                MXC_UART_SetRXThreshold
 .text.MXC_UART_GetFlags
                0x000000001000548a        0x4 zephyr/libzephyr.a(uart_me15.c.obj)
                0x000000001000548a                MXC_UART_GetFlags
 .text.MXC_UART_ClearFlags
                0x000000001000548e        0x4 zephyr/libzephyr.a(uart_me15.c.obj)
                0x000000001000548e                MXC_UART_ClearFlags
 .text.MXC_UART_EnableInt
                0x0000000010005492        0x4 zephyr/libzephyr.a(uart_me15.c.obj)
                0x0000000010005492                MXC_UART_EnableInt
 .text.MXC_UART_DisableInt
                0x0000000010005496        0x4 zephyr/libzephyr.a(uart_me15.c.obj)
                0x0000000010005496                MXC_UART_DisableInt
 .text.MXC_UART_GetStatus
                0x000000001000549a        0x4 zephyr/libzephyr.a(uart_me15.c.obj)
                0x000000001000549a                MXC_UART_GetStatus
 .text.MXC_UART_RevB_SetDataSize
                0x000000001000549e       0x1c zephyr/libzephyr.a(uart_revb.c.obj)
                0x000000001000549e                MXC_UART_RevB_SetDataSize
 .text.MXC_UART_RevB_SetStopBits
                0x00000000100054ba       0x20 zephyr/libzephyr.a(uart_revb.c.obj)
                0x00000000100054ba                MXC_UART_RevB_SetStopBits
 .text.MXC_UART_RevB_SetParity
                0x00000000100054da       0x70 zephyr/libzephyr.a(uart_revb.c.obj)
                0x00000000100054da                MXC_UART_RevB_SetParity
 .text.MXC_UART_RevB_GetActive
                0x000000001000554a       0x10 zephyr/libzephyr.a(uart_revb.c.obj)
                0x000000001000554a                MXC_UART_RevB_GetActive
 .text.MXC_UART_RevB_ReadCharacterRaw
                0x000000001000555a        0xe zephyr/libzephyr.a(uart_revb.c.obj)
                0x000000001000555a                MXC_UART_RevB_ReadCharacterRaw
 .text.MXC_UART_RevB_WriteCharacterRaw
                0x0000000010005568       0x12 zephyr/libzephyr.a(uart_revb.c.obj)
                0x0000000010005568                MXC_UART_RevB_WriteCharacterRaw
 .text.MXC_UART_RevB_ReadRXFIFO
                0x000000001000557a       0x1a zephyr/libzephyr.a(uart_revb.c.obj)
                0x000000001000557a                MXC_UART_RevB_ReadRXFIFO
 .text.MXC_UART_RevB_WriteTXFIFO
                0x0000000010005594       0x1a zephyr/libzephyr.a(uart_revb.c.obj)
                0x0000000010005594                MXC_UART_RevB_WriteTXFIFO
 .text.MXC_UART_RevB_GetTXFIFOAvailable
                0x00000000100055ae        0xc zephyr/libzephyr.a(uart_revb.c.obj)
                0x00000000100055ae                MXC_UART_RevB_GetTXFIFOAvailable
 .text.MXC_UART_RevB_SetRXThreshold
                0x00000000100055ba       0x1a zephyr/libzephyr.a(uart_revb.c.obj)
                0x00000000100055ba                MXC_UART_RevB_SetRXThreshold
 .text.MXC_UART_RevB_GetFlags
                0x00000000100055d4        0x4 zephyr/libzephyr.a(uart_revb.c.obj)
                0x00000000100055d4                MXC_UART_RevB_GetFlags
 .text.MXC_UART_RevB_ClearFlags
                0x00000000100055d8        0x6 zephyr/libzephyr.a(uart_revb.c.obj)
                0x00000000100055d8                MXC_UART_RevB_ClearFlags
 .text.MXC_UART_RevB_EnableInt
                0x00000000100055de        0xa zephyr/libzephyr.a(uart_revb.c.obj)
                0x00000000100055de                MXC_UART_RevB_EnableInt
 .text.MXC_UART_RevB_DisableInt
                0x00000000100055e8        0xc zephyr/libzephyr.a(uart_revb.c.obj)
                0x00000000100055e8                MXC_UART_RevB_DisableInt
 .text.MXC_UART_RevB_GetStatus
                0x00000000100055f4        0x4 zephyr/libzephyr.a(uart_revb.c.obj)
                0x00000000100055f4                MXC_UART_RevB_GetStatus
 .text.MXC_GPIO_Config
                0x00000000100055f8       0x6a zephyr/libzephyr.a(gpio_me15.c.obj)
                0x00000000100055f8                MXC_GPIO_Config
 .text.MXC_GPIO_InGet
                0x0000000010005662        0x4 zephyr/libzephyr.a(gpio_me15.c.obj)
                0x0000000010005662                MXC_GPIO_InGet
 .text.MXC_GPIO_OutSet
                0x0000000010005666        0x4 zephyr/libzephyr.a(gpio_me15.c.obj)
                0x0000000010005666                MXC_GPIO_OutSet
 .text.MXC_GPIO_OutClr
                0x000000001000566a        0x4 zephyr/libzephyr.a(gpio_me15.c.obj)
                0x000000001000566a                MXC_GPIO_OutClr
 .text.MXC_GPIO_OutPut
                0x000000001000566e        0x4 zephyr/libzephyr.a(gpio_me15.c.obj)
                0x000000001000566e                MXC_GPIO_OutPut
 .text.MXC_GPIO_OutToggle
                0x0000000010005672        0x4 zephyr/libzephyr.a(gpio_me15.c.obj)
                0x0000000010005672                MXC_GPIO_OutToggle
 .text.MXC_GPIO_IntConfig
                0x0000000010005676        0x4 zephyr/libzephyr.a(gpio_me15.c.obj)
                0x0000000010005676                MXC_GPIO_IntConfig
 .text.MXC_GPIO_EnableInt
                0x000000001000567a        0x4 zephyr/libzephyr.a(gpio_me15.c.obj)
                0x000000001000567a                MXC_GPIO_EnableInt
 .text.MXC_GPIO_DisableInt
                0x000000001000567e        0x4 zephyr/libzephyr.a(gpio_me15.c.obj)
                0x000000001000567e                MXC_GPIO_DisableInt
 .text.MXC_GPIO_ClearFlags
                0x0000000010005682        0x4 zephyr/libzephyr.a(gpio_me15.c.obj)
                0x0000000010005682                MXC_GPIO_ClearFlags
 .text.MXC_GPIO_GetFlags
                0x0000000010005686        0x4 zephyr/libzephyr.a(gpio_me15.c.obj)
                0x0000000010005686                MXC_GPIO_GetFlags
 .text.MXC_GPIO_RevA_InGet
                0x000000001000568a        0x6 zephyr/libzephyr.a(gpio_reva.c.obj)
                0x000000001000568a                MXC_GPIO_RevA_InGet
 .text.MXC_GPIO_RevA_OutSet
                0x0000000010005690        0x4 zephyr/libzephyr.a(gpio_reva.c.obj)
                0x0000000010005690                MXC_GPIO_RevA_OutSet
 .text.MXC_GPIO_RevA_OutClr
                0x0000000010005694        0x4 zephyr/libzephyr.a(gpio_reva.c.obj)
                0x0000000010005694                MXC_GPIO_RevA_OutClr
 .text.MXC_GPIO_RevA_OutPut
                0x0000000010005698        0xc zephyr/libzephyr.a(gpio_reva.c.obj)
                0x0000000010005698                MXC_GPIO_RevA_OutPut
 .text.MXC_GPIO_RevA_OutToggle
                0x00000000100056a4        0x8 zephyr/libzephyr.a(gpio_reva.c.obj)
                0x00000000100056a4                MXC_GPIO_RevA_OutToggle
 .text.MXC_GPIO_RevA_IntConfig
                0x00000000100056ac       0x6c zephyr/libzephyr.a(gpio_reva.c.obj)
                0x00000000100056ac                MXC_GPIO_RevA_IntConfig
 .text.MXC_GPIO_RevA_EnableInt
                0x0000000010005718        0x4 zephyr/libzephyr.a(gpio_reva.c.obj)
                0x0000000010005718                MXC_GPIO_RevA_EnableInt
 .text.MXC_GPIO_RevA_DisableInt
                0x000000001000571c        0x4 zephyr/libzephyr.a(gpio_reva.c.obj)
                0x000000001000571c                MXC_GPIO_RevA_DisableInt
 .text.MXC_GPIO_RevA_ClearFlags
                0x0000000010005720        0x4 zephyr/libzephyr.a(gpio_reva.c.obj)
                0x0000000010005720                MXC_GPIO_RevA_ClearFlags
 .text.MXC_GPIO_RevA_GetFlags
                0x0000000010005724        0x4 zephyr/libzephyr.a(gpio_reva.c.obj)
                0x0000000010005724                MXC_GPIO_RevA_GetFlags
 .text.MXC_GPIO_RevA_SetAF
                0x0000000010005728       0x56 zephyr/libzephyr.a(gpio_reva.c.obj)
                0x0000000010005728                MXC_GPIO_RevA_SetAF
 .text.MXC_GPIO_RevA_SetDriveStrength
                0x000000001000577e       0x4c zephyr/libzephyr.a(gpio_reva.c.obj)
                0x000000001000577e                MXC_GPIO_RevA_SetDriveStrength
 .text.MXC_SPI_SetFrequency
                0x00000000100057ca        0x4 zephyr/libzephyr.a(spi_me15.c.obj)
                0x00000000100057ca                MXC_SPI_SetFrequency
 .text.MXC_SPI_SetDataSize
                0x00000000100057ce        0x4 zephyr/libzephyr.a(spi_me15.c.obj)
                0x00000000100057ce                MXC_SPI_SetDataSize
 .text.MXC_SPI_GetDataSize
                0x00000000100057d2        0x4 zephyr/libzephyr.a(spi_me15.c.obj)
                0x00000000100057d2                MXC_SPI_GetDataSize
 .text.MXC_SPI_SetSlave
                0x00000000100057d6        0x4 zephyr/libzephyr.a(spi_me15.c.obj)
                0x00000000100057d6                MXC_SPI_SetSlave
 .text.MXC_SPI_SetMode
                0x00000000100057da        0x4 zephyr/libzephyr.a(spi_me15.c.obj)
                0x00000000100057da                MXC_SPI_SetMode
 .text.MXC_SPI_ReadRXFIFO
                0x00000000100057de        0x4 zephyr/libzephyr.a(spi_me15.c.obj)
                0x00000000100057de                MXC_SPI_ReadRXFIFO
 .text.MXC_SPI_GetRXFIFOAvailable
                0x00000000100057e2        0x4 zephyr/libzephyr.a(spi_me15.c.obj)
                0x00000000100057e2                MXC_SPI_GetRXFIFOAvailable
 .text.MXC_SPI_WriteTXFIFO
                0x00000000100057e6        0x4 zephyr/libzephyr.a(spi_me15.c.obj)
                0x00000000100057e6                MXC_SPI_WriteTXFIFO
 .text.MXC_SPI_GetTXFIFOAvailable
                0x00000000100057ea        0x4 zephyr/libzephyr.a(spi_me15.c.obj)
                0x00000000100057ea                MXC_SPI_GetTXFIFOAvailable
 .text.MXC_SPI_ClearRXFIFO
                0x00000000100057ee        0x4 zephyr/libzephyr.a(spi_me15.c.obj)
                0x00000000100057ee                MXC_SPI_ClearRXFIFO
 .text.MXC_SPI_ClearTXFIFO
                0x00000000100057f2        0x4 zephyr/libzephyr.a(spi_me15.c.obj)
                0x00000000100057f2                MXC_SPI_ClearTXFIFO
 .text.MXC_SPI_GetFlags
                0x00000000100057f6        0x4 zephyr/libzephyr.a(spi_me15.c.obj)
                0x00000000100057f6                MXC_SPI_GetFlags
 .text.MXC_SPI_ClearFlags
                0x00000000100057fa        0x4 zephyr/libzephyr.a(spi_me15.c.obj)
                0x00000000100057fa                MXC_SPI_ClearFlags
 .text.MXC_SPI_HWSSControl
                0x00000000100057fe        0x4 zephyr/libzephyr.a(spi_me15.c.obj)
                0x00000000100057fe                MXC_SPI_HWSSControl
 .text.MXC_SPI_RevA1_GetDataSize
                0x0000000010005802       0x12 zephyr/libzephyr.a(spi_reva1.c.obj)
                0x0000000010005802                MXC_SPI_RevA1_GetDataSize
 .text.MXC_SPI_RevA1_SetMode
                0x0000000010005814       0x40 zephyr/libzephyr.a(spi_reva1.c.obj)
                0x0000000010005814                MXC_SPI_RevA1_SetMode
 .text.MXC_SPI_RevA1_ReadRXFIFO
                0x0000000010005854       0x68 zephyr/libzephyr.a(spi_reva1.c.obj)
                0x0000000010005854                MXC_SPI_RevA1_ReadRXFIFO
 .text.MXC_SPI_RevA1_GetRXFIFOAvailable
                0x00000000100058bc        0x8 zephyr/libzephyr.a(spi_reva1.c.obj)
                0x00000000100058bc                MXC_SPI_RevA1_GetRXFIFOAvailable
 .text.MXC_SPI_RevA1_WriteTXFIFO
                0x00000000100058c4       0x5e zephyr/libzephyr.a(spi_reva1.c.obj)
                0x00000000100058c4                MXC_SPI_RevA1_WriteTXFIFO
 .text.MXC_SPI_RevA1_GetTXFIFOAvailable
                0x0000000010005922        0xc zephyr/libzephyr.a(spi_reva1.c.obj)
                0x0000000010005922                MXC_SPI_RevA1_GetTXFIFOAvailable
 .text.MXC_SPI_RevA1_ClearRXFIFO
                0x000000001000592e        0xa zephyr/libzephyr.a(spi_reva1.c.obj)
                0x000000001000592e                MXC_SPI_RevA1_ClearRXFIFO
 .text.MXC_SPI_RevA1_ClearTXFIFO
                0x0000000010005938        0xa zephyr/libzephyr.a(spi_reva1.c.obj)
                0x0000000010005938                MXC_SPI_RevA1_ClearTXFIFO
 .text.MXC_SPI_RevA1_GetFlags
                0x0000000010005942        0x4 zephyr/libzephyr.a(spi_reva1.c.obj)
                0x0000000010005942                MXC_SPI_RevA1_GetFlags
 .text.MXC_SPI_RevA1_ClearFlags
                0x0000000010005946        0x6 zephyr/libzephyr.a(spi_reva1.c.obj)
                0x0000000010005946                MXC_SPI_RevA1_ClearFlags
 .text.z_do_kernel_oops
                0x000000001000594c        0x8 zephyr/arch/arch/arm/core/libarch__arm__core.a(fatal.c.obj)
                0x000000001000594c                z_do_kernel_oops
 .text.z_arm_nmi
                0x0000000010005954        0xe zephyr/arch/arch/arm/core/libarch__arm__core.a(nmi.c.obj)
                0x0000000010005954                z_arm_nmi
 .text.z_log_msg_simple_create_0.constprop.0
                0x0000000010005962        0x8 zephyr/arch/arch/arm/core/cortex_m/libarch__arm__core__cortex_m.a(fault.c.obj)
 .text.z_irq_spurious
                0x000000001000596a        0x8 zephyr/arch/arch/arm/core/cortex_m/libarch__arm__core__cortex_m.a(irq_manage.c.obj)
                0x000000001000596a                z_irq_spurious
 .text.arch_irq_unlock_outlined
                0x0000000010005972        0xe zephyr/arch/arch/arm/core/cortex_m/libarch__arm__core__cortex_m.a(thread.c.obj)
                0x0000000010005972                arch_irq_unlock_outlined
 .text.arch_cpu_idle
                0x0000000010005980       0x22 zephyr/arch/arch/arm/core/cortex_m/libarch__arm__core__cortex_m.a(cpu_idle.c.obj)
                0x0000000010005980                arch_cpu_idle
 .text.cbputc   0x00000000100059a2        0xc zephyr/lib/libc/picolibc/liblib__libc__picolibc.a(libc-hooks.c.obj)
 .text.picolibc_put
                0x00000000100059ae        0xa zephyr/lib/libc/picolibc/liblib__libc__picolibc.a(libc-hooks.c.obj)
 .text.api_off  0x00000000100059b8       0x2c zephyr/drivers/clock_control/libdrivers__clock_control.a(clock_control_max32.c.obj)
 .text.api_on   0x00000000100059e4       0x2c zephyr/drivers/clock_control/libdrivers__clock_control.a(clock_control_max32.c.obj)
 .text.max32_clkctrl_init
                0x0000000010005a10       0x18 zephyr/drivers/clock_control/libdrivers__clock_control.a(clock_control_max32.c.obj)
 .text.api_manage_callback
                0x0000000010005a28       0x52 zephyr/drivers/gpio/libdrivers__gpio.a(gpio_max32.c.obj)
 .text.api_pin_interrupt_configure
                0x0000000010005a7a       0x8e zephyr/drivers/gpio/libdrivers__gpio.a(gpio_max32.c.obj)
 .text.api_port_toggle_bits
                0x0000000010005b08        0xe zephyr/drivers/gpio/libdrivers__gpio.a(gpio_max32.c.obj)
 .text.api_port_clear_bits_raw
                0x0000000010005b16        0xe zephyr/drivers/gpio/libdrivers__gpio.a(gpio_max32.c.obj)
 .text.api_port_set_bits_raw
                0x0000000010005b24        0xe zephyr/drivers/gpio/libdrivers__gpio.a(gpio_max32.c.obj)
 .text.api_port_set_masked_raw
                0x0000000010005b32        0xe zephyr/drivers/gpio/libdrivers__gpio.a(gpio_max32.c.obj)
 .text.api_port_get_raw
                0x0000000010005b40       0x16 zephyr/drivers/gpio/libdrivers__gpio.a(gpio_max32.c.obj)
 .text.api_pin_configure
                0x0000000010005b56       0xb2 zephyr/drivers/gpio/libdrivers__gpio.a(gpio_max32.c.obj)
 .text.gpio_max32_irq_init_0
                0x0000000010005c08       0x16 zephyr/drivers/gpio/libdrivers__gpio.a(gpio_max32.c.obj)
 .text.gpio_max32_irq_init_1
                0x0000000010005c1e       0x16 zephyr/drivers/gpio/libdrivers__gpio.a(gpio_max32.c.obj)
 .text.gpio_max32_isr
                0x0000000010005c34       0x3c zephyr/drivers/gpio/libdrivers__gpio.a(gpio_max32.c.obj)
 .text.pinctrl_lookup_state
                0x0000000010005c70       0x26 zephyr/drivers/pinctrl/libdrivers__pinctrl.a(common.c.obj)
                0x0000000010005c70                pinctrl_lookup_state
 .text.api_config_get
                0x0000000010005c96       0x10 zephyr/drivers/serial/libdrivers__serial.a(uart_max32.c.obj)
 .text.api_irq_tx_ready
                0x0000000010005ca6       0x1c zephyr/drivers/serial/libdrivers__serial.a(uart_max32.c.obj)
 .text.api_irq_rx_ready
                0x0000000010005cc2       0x1c zephyr/drivers/serial/libdrivers__serial.a(uart_max32.c.obj)
 .text.api_irq_is_pending
                0x0000000010005cde        0xa zephyr/drivers/serial/libdrivers__serial.a(uart_max32.c.obj)
 .text.api_irq_callback_set
                0x0000000010005ce8        0x8 zephyr/drivers/serial/libdrivers__serial.a(uart_max32.c.obj)
 .text.uart_max32_isr
                0x0000000010005cf0        0xc zephyr/drivers/serial/libdrivers__serial.a(uart_max32.c.obj)
 .text.api_err_check
                0x0000000010005cfc       0x24 zephyr/drivers/serial/libdrivers__serial.a(uart_max32.c.obj)
 .text.api_irq_update
                0x0000000010005d20       0x22 zephyr/drivers/serial/libdrivers__serial.a(uart_max32.c.obj)
 .text.api_irq_err_disable
                0x0000000010005d42        0xa zephyr/drivers/serial/libdrivers__serial.a(uart_max32.c.obj)
 .text.api_irq_rx_disable
                0x0000000010005d4c        0xa zephyr/drivers/serial/libdrivers__serial.a(uart_max32.c.obj)
 .text.api_irq_tx_disable
                0x0000000010005d56        0xa zephyr/drivers/serial/libdrivers__serial.a(uart_max32.c.obj)
 .text.api_irq_err_enable
                0x0000000010005d60        0xa zephyr/drivers/serial/libdrivers__serial.a(uart_max32.c.obj)
 .text.api_irq_rx_enable
                0x0000000010005d6a        0xa zephyr/drivers/serial/libdrivers__serial.a(uart_max32.c.obj)
 .text.api_irq_tx_enable
                0x0000000010005d74       0x2c zephyr/drivers/serial/libdrivers__serial.a(uart_max32.c.obj)
 .text.api_irq_tx_complete
                0x0000000010005da0       0x12 zephyr/drivers/serial/libdrivers__serial.a(uart_max32.c.obj)
 .text.api_fifo_read
                0x0000000010005db2       0x1a zephyr/drivers/serial/libdrivers__serial.a(uart_max32.c.obj)
 .text.api_fifo_fill
                0x0000000010005dcc        0x8 zephyr/drivers/serial/libdrivers__serial.a(uart_max32.c.obj)
 .text.api_configure
                0x0000000010005dd4       0xa6 zephyr/drivers/serial/libdrivers__serial.a(uart_max32.c.obj)
 .text.api_poll_out
                0x0000000010005e7a        0x8 zephyr/drivers/serial/libdrivers__serial.a(uart_max32.c.obj)
 .text.api_poll_in
                0x0000000010005e82       0x1a zephyr/drivers/serial/libdrivers__serial.a(uart_max32.c.obj)
 .text.uart_max32_irq_init_0
                0x0000000010005e9c       0x16 zephyr/drivers/serial/libdrivers__serial.a(uart_max32.c.obj)
 .text.spi_context_get_next_buf.constprop.0
                0x0000000010005eb2       0x26 zephyr/drivers/spi/libdrivers__spi.a(spi_max32.c.obj)
 .text.gpio_pin_set_dt.isra.0
                0x0000000010005ed8       0x28 zephyr/drivers/spi/libdrivers__spi.a(spi_max32.c.obj)
 .text.spi_context_unlock_unconditionally
                0x0000000010005f00       0x30 zephyr/drivers/spi/libdrivers__spi.a(spi_max32.c.obj)
 .text.api_release
                0x0000000010005f30       0x18 zephyr/drivers/spi/libdrivers__spi.a(spi_max32.c.obj)
 .text.z_impl_k_busy_wait
                0x0000000010005f48       0x1c zephyr/kernel/libkernel.a(busy_wait.c.obj)
                0x0000000010005f48                z_impl_k_busy_wait
 .text.z_device_state_init
                0x0000000010005f64        0x2 zephyr/kernel/libkernel.a(device.c.obj)
                0x0000000010005f64                z_device_state_init
 .text.z_impl_device_is_ready
                0x0000000010005f66       0x16 zephyr/kernel/libkernel.a(device.c.obj)
                0x0000000010005f66                z_impl_device_is_ready
 .text.arch_system_halt
                0x0000000010005f7c       0x10 zephyr/kernel/libkernel.a(fatal.c.obj)
                0x0000000010005f7c                arch_system_halt
 .text.do_device_init
                0x0000000010005f8c       0x30 zephyr/kernel/libkernel.a(init.c.obj)
 .text.z_early_memset
                0x0000000010005fbc        0x4 zephyr/kernel/libkernel.a(init.c.obj)
                0x0000000010005fbc                z_early_memset
 .text.z_early_memcpy
                0x0000000010005fc0        0x4 zephyr/kernel/libkernel.a(init.c.obj)
                0x0000000010005fc0                z_early_memcpy
 .text.z_init_static
                0x0000000010005fc4        0x2 zephyr/kernel/libkernel.a(init_static.c.obj)
                0x0000000010005fc4                z_init_static
 .text.idle     0x0000000010005fc6       0x16 zephyr/kernel/libkernel.a(idle.c.obj)
                0x0000000010005fc6                idle
 .text.z_impl_k_sem_init
                0x0000000010005fdc       0x18 zephyr/kernel/libkernel.a(sem.c.obj)
                0x0000000010005fdc                z_impl_k_sem_init
 .text.k_is_in_isr
                0x0000000010005ff4        0xc zephyr/kernel/libkernel.a(thread.c.obj)
                0x0000000010005ff4                k_is_in_isr
 .text.z_impl_k_thread_name_set
                0x0000000010006000        0x6 zephyr/kernel/libkernel.a(thread.c.obj)
                0x0000000010006000                z_impl_k_thread_name_set
 .text.k_thread_name_get
                0x0000000010006006        0x4 zephyr/kernel/libkernel.a(thread.c.obj)
                0x0000000010006006                k_thread_name_get
 .text.z_impl_k_thread_start
                0x000000001000600a        0x4 zephyr/kernel/libkernel.a(thread.c.obj)
                0x000000001000600a                z_impl_k_thread_start
 .text.sys_dlist_remove
                0x000000001000600e       0x10 zephyr/kernel/libkernel.a(sched.c.obj)
 .text.unpend_thread_no_timeout
                0x000000001000601e       0x14 zephyr/kernel/libkernel.a(sched.c.obj)
 .text.add_to_waitq_locked
                0x0000000010006032       0x50 zephyr/kernel/libkernel.a(sched.c.obj)
 .text.z_ready_thread
                0x0000000010006082       0x1e zephyr/kernel/libkernel.a(sched.c.obj)
                0x0000000010006082                z_ready_thread
 .text.z_impl_k_thread_suspend
                0x00000000100060a0       0x34 zephyr/kernel/libkernel.a(sched.c.obj)
                0x00000000100060a0                z_impl_k_thread_suspend
 .text.z_unpend_thread_no_timeout
                0x00000000100060d4       0x22 zephyr/kernel/libkernel.a(sched.c.obj)
                0x00000000100060d4                z_unpend_thread_no_timeout
 .text.z_sched_wake_thread
                0x00000000100060f6       0x42 zephyr/kernel/libkernel.a(sched.c.obj)
                0x00000000100060f6                z_sched_wake_thread
 .text.z_thread_timeout
                0x0000000010006138        0x8 zephyr/kernel/libkernel.a(sched.c.obj)
                0x0000000010006138                z_thread_timeout
 .text.z_unpend1_no_timeout
                0x0000000010006140       0x2c zephyr/kernel/libkernel.a(sched.c.obj)
                0x0000000010006140                z_unpend1_no_timeout
 .text.z_unpend_first_thread
                0x000000001000616c       0x36 zephyr/kernel/libkernel.a(sched.c.obj)
                0x000000001000616c                z_unpend_first_thread
 .text.z_thread_abort
                0x00000000100061a2       0x44 zephyr/kernel/libkernel.a(sched.c.obj)
                0x00000000100061a2                z_thread_abort
 .text.z_abort_timeout
                0x00000000100061e6       0x2a zephyr/kernel/libkernel.a(timeout.c.obj)
                0x00000000100061e6                z_abort_timeout
 .text.sys_clock_tick_get_32
                0x0000000010006210        0x8 zephyr/kernel/libkernel.a(timeout.c.obj)
                0x0000000010006210                sys_clock_tick_get_32
 .text.z_impl_k_uptime_ticks
                0x0000000010006218        0x4 zephyr/kernel/libkernel.a(timeout.c.obj)
                0x0000000010006218                z_impl_k_uptime_ticks
 .text.k_timer_init
                0x000000001000621c       0x18 zephyr/kernel/libkernel.a(timer.c.obj)
                0x000000001000621c                k_timer_init
 .text.z_impl_k_timer_stop
                0x0000000010006234       0x38 zephyr/kernel/libkernel.a(timer.c.obj)
                0x0000000010006234                z_impl_k_timer_stop
 .text.strnlen  0x000000001000626c       0x18 c:\users\aputhenp\zephyr-sdk-0.16.8\arm-zephyr-eabi\bin\../lib/gcc/../../picolibc/arm-zephyr-eabi/lib/thumb/v7e-m/nofp\libc.a(libc_string_strnlen.c.o)
                0x000000001000626c                strnlen
 .text.__ultoa_invert
                0x0000000010006284       0xae c:\users\aputhenp\zephyr-sdk-0.16.8\arm-zephyr-eabi\bin\../lib/gcc/../../picolibc/arm-zephyr-eabi/lib/thumb/v7e-m/nofp\libc.a(libc_tinystdio_vflprintf.c.o)
 .text.memcpy   0x0000000010006332       0x1c c:\users\aputhenp\zephyr-sdk-0.16.8\arm-zephyr-eabi\bin\../lib/gcc/../../picolibc/arm-zephyr-eabi/lib/thumb/v7e-m/nofp\libc.a(memcpy.c.o)
                0x0000000010006332                __aeabi_memcpy
                0x0000000010006332                __aeabi_memcpy4
                0x0000000010006332                __aeabi_memcpy8
                0x0000000010006332                memcpy
 .text.memset   0x000000001000634e       0x10 c:\users\aputhenp\zephyr-sdk-0.16.8\arm-zephyr-eabi\bin\../lib/gcc/../../picolibc/arm-zephyr-eabi/lib/thumb/v7e-m/nofp\libc.a(memset.c.o)
                0x000000001000634e                memset
 .text.__file_str_put
                0x000000001000635e       0x10 c:\users\aputhenp\zephyr-sdk-0.16.8\arm-zephyr-eabi\bin\../lib/gcc/../../picolibc/arm-zephyr-eabi/lib/thumb/v7e-m/nofp\libc.a(libc_tinystdio_filestrput.c.o)
                0x000000001000635e                __file_str_put
 *(SORT_BY_ALIGNMENT(.TEXT.*))
 *fill*         0x000000001000636e        0x2 
 .TEXT.__aeabi_read_tp
                0x0000000010006370        0xc zephyr/arch/arch/arm/core/cortex_m/libarch__arm__core__cortex_m.a(__aeabi_read_tp.S.obj)
                0x0000000010006370                __aeabi_read_tp
 *(SORT_BY_ALIGNMENT(.gnu.linkonce.t.*))
 *(SORT_BY_ALIGNMENT(.glue_7t))
 .glue_7t       0x000000001000637c        0x0 linker stubs
 *(SORT_BY_ALIGNMENT(.glue_7))
 .glue_7        0x000000001000637c        0x0 linker stubs
 *(SORT_BY_ALIGNMENT(.vfp11_veneer))
 .vfp11_veneer  0x000000001000637c        0x0 linker stubs
 *(SORT_BY_ALIGNMENT(.v4_bx))
 .v4_bx         0x000000001000637c        0x0 linker stubs
                0x000000001000637c                . = ALIGN (0x4)
                0x000000001000637c                __text_region_end = .

.ARM.exidx      0x000000001000637c        0x8
                0x000000001000637c                __exidx_start = .
 *(SORT_BY_ALIGNMENT(.ARM.exidx*) SORT_BY_ALIGNMENT(gnu.linkonce.armexidx.*))
 .ARM.exidx     0x000000001000637c        0x8 c:/users/aputhenp/zephyr-sdk-0.16.8/arm-zephyr-eabi/bin/../lib/gcc/arm-zephyr-eabi/12.2.0/thumb/v7e-m/nofp\libgcc.a(_udivmoddi4.o)
 .ARM.exidx     0x0000000010006384        0x0 c:\users\aputhenp\zephyr-sdk-0.16.8\arm-zephyr-eabi\bin\../lib/gcc/../../picolibc/arm-zephyr-eabi/lib/thumb/v7e-m/nofp\libc.a(strlen.S.o)
                                          0x8 (size before relaxing)
                0x0000000010006384                __exidx_end = .
                0x0000000010006384                __rodata_region_start = .

initlevel       0x0000000010006384       0x60
                0x0000000010006384                __init_start = .
                0x0000000010006384                __init_EARLY_start = .
 *(SORT_BY_NAME(SORT_BY_ALIGNMENT(.z_init_EARLY?_*)))
 *(SORT_BY_NAME(SORT_BY_ALIGNMENT(.z_init_EARLY??_*)))
                0x0000000010006384                __init_PRE_KERNEL_1_start = .
 *(SORT_BY_NAME(SORT_BY_ALIGNMENT(.z_init_PRE_KERNEL_1?_*)))
 .z_init_PRE_KERNEL_10_0_
                0x0000000010006384        0x8 zephyr/libzephyr.a(soc.c.obj)
 *(SORT_BY_NAME(SORT_BY_ALIGNMENT(.z_init_PRE_KERNEL_1??_*)))
 .z_init_PRE_KERNEL_130_00006_
                0x000000001000638c        0x8 zephyr/drivers/clock_control/libdrivers__clock_control.a(clock_control_max32.c.obj)
 .z_init_PRE_KERNEL_140_00009_
                0x0000000010006394        0x8 zephyr/drivers/gpio/libdrivers__gpio.a(gpio_max32.c.obj)
 .z_init_PRE_KERNEL_140_00054_
                0x000000001000639c        0x8 zephyr/drivers/gpio/libdrivers__gpio.a(gpio_max32.c.obj)
 .z_init_PRE_KERNEL_150_00038_
                0x00000000100063a4        0x8 zephyr/drivers/serial/libdrivers__serial.a(uart_max32.c.obj)
 .z_init_PRE_KERNEL_160_0_
                0x00000000100063ac        0x8 zephyr/drivers/console/libdrivers__console.a(uart_console.c.obj)
                0x00000000100063b4                __init_PRE_KERNEL_2_start = .
 *(SORT_BY_NAME(SORT_BY_ALIGNMENT(.z_init_PRE_KERNEL_2?_*)))
 .z_init_PRE_KERNEL_20_0_
                0x00000000100063b4        0x8 zephyr/drivers/timer/libdrivers__timer.a(cortex_m_systick.c.obj)
 *(SORT_BY_NAME(SORT_BY_ALIGNMENT(.z_init_PRE_KERNEL_2??_*)))
 .z_init_PRE_KERNEL_250_00046_
                0x00000000100063bc        0x8 zephyr/drivers/spi/libdrivers__spi.a(spi_max32.c.obj)
 .z_init_PRE_KERNEL_250_00059_
                0x00000000100063c4        0x8 zephyr/drivers/spi/libdrivers__spi.a(spi_max32.c.obj)
                0x00000000100063cc                __init_POST_KERNEL_start = .
 *(SORT_BY_NAME(SORT_BY_ALIGNMENT(.z_init_POST_KERNEL?_*)))
 .z_init_POST_KERNEL0_0_
                0x00000000100063cc        0x8 zephyr/libzephyr.a(log_core.c.obj)
 *(SORT_BY_NAME(SORT_BY_ALIGNMENT(.z_init_POST_KERNEL??_*)))
 .z_init_POST_KERNEL35_0_
                0x00000000100063d4        0x8 zephyr/lib/libc/common/liblib__libc__common.a(malloc.c.obj)
 .z_init_POST_KERNEL50_00060_
                0x00000000100063dc        0x8 modules/ad74416h/drivers/ad74416h/lib..__modules__ad74416h__drivers__ad74416h.a(ad74416h.c.obj)
                0x00000000100063e4                __init_APPLICATION_start = .
 *(SORT_BY_NAME(SORT_BY_ALIGNMENT(.z_init_APPLICATION?_*)))
 *(SORT_BY_NAME(SORT_BY_ALIGNMENT(.z_init_APPLICATION??_*)))
                0x00000000100063e4                __init_SMP_start = .
 *(SORT_BY_NAME(SORT_BY_ALIGNMENT(.z_init_SMP?_*)))
 *(SORT_BY_NAME(SORT_BY_ALIGNMENT(.z_init_SMP??_*)))
                0x00000000100063e4                __init_end = .
                0x00000000100063e4                __deferred_init_list_start = .
 *(SORT_BY_ALIGNMENT(.z_deferred_init*))
                0x00000000100063e4                __deferred_init_list_end = .

device_area     0x00000000100063e4       0x8c
                0x00000000100063e4                _device_list_start = .
 *(SORT_BY_NAME(SORT_BY_ALIGNMENT(._device.static.*_?_*)))
 *(SORT_BY_NAME(SORT_BY_ALIGNMENT(._device.static.*_??_*)))
 ._device.static.1_30_
                0x00000000100063e4       0x14 zephyr/drivers/clock_control/libdrivers__clock_control.a(clock_control_max32.c.obj)
                0x00000000100063e4                __device_dts_ord_6
 ._device.static.1_40_
                0x00000000100063f8       0x28 zephyr/drivers/gpio/libdrivers__gpio.a(gpio_max32.c.obj)
                0x00000000100063f8                __device_dts_ord_54
                0x000000001000640c                __device_dts_ord_9
 ._device.static.1_50_
                0x0000000010006420       0x14 zephyr/drivers/serial/libdrivers__serial.a(uart_max32.c.obj)
                0x0000000010006420                __device_dts_ord_38
 ._device.static.2_50_
                0x0000000010006434       0x28 zephyr/drivers/spi/libdrivers__spi.a(spi_max32.c.obj)
                0x0000000010006434                __device_dts_ord_59
                0x0000000010006448                __device_dts_ord_46
 ._device.static.3_50_
                0x000000001000645c       0x14 modules/ad74416h/drivers/ad74416h/lib..__modules__ad74416h__drivers__ad74416h.a(ad74416h.c.obj)
                0x000000001000645c                __device_dts_ord_60
                0x0000000010006470                _device_list_end = .

sw_isr_table    0x0000000010006470      0x320
                0x0000000010006470                . = ALIGN (0x4)
 *(SORT_BY_ALIGNMENT(.gnu.linkonce.sw_isr_table*))
 .gnu.linkonce.sw_isr_table
                0x0000000010006470      0x320 zephyr/arch/common/libisr_tables.a(isr_tables.c.obj)
                0x0000000010006470                _sw_isr_table

initlevel_error
                0x0000000010006384        0x0
 *(SORT_BY_NAME(SORT_BY_ALIGNMENT(.z_init_[_A-Z0-9]*)))
                0x0000000000000001                ASSERT ((SIZEOF (initlevel_error) == 0x0), Undefined initialization levels used.)

app_shmem_regions
                0x0000000010006790        0x0
                0x0000000010006790                __app_shmem_regions_start = .
 *(SORT_BY_NAME(SORT_BY_ALIGNMENT(.app_regions.*)))
                0x0000000010006790                __app_shmem_regions_end = .

k_p4wq_initparam_area
                0x0000000010006790        0x0
                0x0000000010006790                _k_p4wq_initparam_list_start = .
 *(SORT_BY_NAME(SORT_BY_ALIGNMENT(._k_p4wq_initparam.static.*)))
                0x0000000010006790                _k_p4wq_initparam_list_end = .

_static_thread_data_area
                0x0000000010006790        0x0
                0x0000000010006790                __static_thread_data_list_start = .
 *(SORT_BY_NAME(SORT_BY_ALIGNMENT(.__static_thread_data.static.*)))
                0x0000000010006790                __static_thread_data_list_end = .

device_deps     0x0000000010006790        0x0
                0x0000000010006790                __device_deps_start = .
 *(SORT_BY_NAME(SORT_BY_ALIGNMENT(.__device_deps_pass2*)))
                0x0000000010006790                __device_deps_end = .

ztest           0x0000000010006790        0x0
                0x0000000010006790                _ztest_expected_result_entry_list_start = .
 *(SORT_BY_NAME(SORT_BY_ALIGNMENT(._ztest_expected_result_entry.static.*)))
                0x0000000010006790                _ztest_expected_result_entry_list_end = .
                0x0000000010006790                _ztest_suite_node_list_start = .
 *(SORT_BY_NAME(SORT_BY_ALIGNMENT(._ztest_suite_node.static.*)))
                0x0000000010006790                _ztest_suite_node_list_end = .
                0x0000000010006790                _ztest_unit_test_list_start = .
 *(SORT_BY_NAME(SORT_BY_ALIGNMENT(._ztest_unit_test.static.*)))
                0x0000000010006790                _ztest_unit_test_list_end = .
                0x0000000010006790                _ztest_test_rule_list_start = .
 *(SORT_BY_NAME(SORT_BY_ALIGNMENT(._ztest_test_rule.static.*)))
                0x0000000010006790                _ztest_test_rule_list_end = .

init_array      0x0000000010006790        0x0
 *(SORT_BY_NAME(SORT_BY_ALIGNMENT(.ctors*)))
 *(SORT_BY_NAME(SORT_BY_ALIGNMENT(.init_array*)))
                0x0000000000000001                ASSERT ((SIZEOF (init_array) == 0x0), GNU-style constructors required but STATIC_INIT_GNU not enabled)

bt_l2cap_fixed_chan_area
                0x0000000010006790        0x0
                0x0000000010006790                _bt_l2cap_fixed_chan_list_start = .
 *(SORT_BY_NAME(SORT_BY_ALIGNMENT(._bt_l2cap_fixed_chan.static.*)))
                0x0000000010006790                _bt_l2cap_fixed_chan_list_end = .

bt_gatt_service_static_area
                0x0000000010006790        0x0
                0x0000000010006790                _bt_gatt_service_static_list_start = .
 *(SORT_BY_NAME(SORT_BY_ALIGNMENT(._bt_gatt_service_static.static.*)))
                0x0000000010006790                _bt_gatt_service_static_list_end = .

log_strings_area
                0x0000000010006790        0x0
                0x0000000010006790                _log_strings_list_start = .
 *(SORT_BY_NAME(SORT_BY_ALIGNMENT(._log_strings.static.*)))
                0x0000000010006790                _log_strings_list_end = .

log_const_area  0x0000000010006790       0x48
                0x0000000010006790                _log_const_list_start = .
 *(SORT_BY_NAME(SORT_BY_ALIGNMENT(._log_const.static.*)))
 ._log_const.static.log_const_AD74416H_
                0x0000000010006790        0x8 modules/ad74416h/drivers/ad74416h/lib..__modules__ad74416h__drivers__ad74416h.a(ad74416h.c.obj)
                0x0000000010006790                log_const_AD74416H
 ._log_const.static.log_const_cbprintf_package_
                0x0000000010006798        0x8 zephyr/libzephyr.a(cbprintf_packaged.c.obj)
                0x0000000010006798                log_const_cbprintf_package
 ._log_const.static.log_const_gpio_max32_
                0x00000000100067a0        0x8 zephyr/drivers/gpio/libdrivers__gpio.a(gpio_max32.c.obj)
                0x00000000100067a0                log_const_gpio_max32
 ._log_const.static.log_const_log_
                0x00000000100067a8        0x8 zephyr/libzephyr.a(log_core.c.obj)
                0x00000000100067a8                log_const_log
 ._log_const.static.log_const_log_mgmt_
                0x00000000100067b0        0x8 zephyr/libzephyr.a(log_mgmt.c.obj)
                0x00000000100067b0                log_const_log_mgmt
 ._log_const.static.log_const_log_uart_
                0x00000000100067b8        0x8 zephyr/libzephyr.a(log_backend_uart.c.obj)
                0x00000000100067b8                log_const_log_uart
 ._log_const.static.log_const_os_
                0x00000000100067c0        0x8 zephyr/kernel/libkernel.a(init.c.obj)
                0x00000000100067c0                log_const_os
 ._log_const.static.log_const_spi_max32_
                0x00000000100067c8        0x8 zephyr/drivers/spi/libdrivers__spi.a(spi_max32.c.obj)
                0x00000000100067c8                log_const_spi_max32
 ._log_const.static.log_const_uart_max32_
                0x00000000100067d0        0x8 zephyr/drivers/serial/libdrivers__serial.a(uart_max32.c.obj)
                0x00000000100067d0                log_const_uart_max32
                0x00000000100067d8                _log_const_list_end = .

log_backend_area
                0x00000000100067d8       0x10
                0x00000000100067d8                _log_backend_list_start = .
 *(SORT_BY_NAME(SORT_BY_ALIGNMENT(._log_backend.static.*)))
 ._log_backend.static.log_backend_uart_
                0x00000000100067d8       0x10 zephyr/libzephyr.a(log_backend_uart.c.obj)
                0x00000000100067e8                _log_backend_list_end = .

log_link_area   0x00000000100067e8        0x0
                0x00000000100067e8                _log_link_list_start = .
 *(SORT_BY_NAME(SORT_BY_ALIGNMENT(._log_link.static.*)))
                0x00000000100067e8                _log_link_list_end = .

tracing_backend_area
                0x00000000100067e8        0x0
                0x00000000100067e8                _tracing_backend_list_start = .
 *(SORT_BY_NAME(SORT_BY_ALIGNMENT(._tracing_backend.static.*)))
                0x00000000100067e8                _tracing_backend_list_end = .

zephyr_dbg_info
 *(SORT_BY_ALIGNMENT(.dbg_thread_info))

intc_table_area
                0x00000000100067e8        0x0
                0x00000000100067e8                _intc_table_list_start = .
 *(SORT_BY_NAME(SORT_BY_ALIGNMENT(._intc_table.static.*)))
                0x00000000100067e8                _intc_table_list_end = .

symbol_to_keep  0x00000000100067e8        0x0
                0x00000000100067e8                __symbol_to_keep_start = .
 *(SORT_BY_NAME(SORT_BY_ALIGNMENT(.symbol_to_keep*)))
                0x00000000100067e8                __symbol_to_keep_end = .

shell_area      0x00000000100067e8        0x0
                0x00000000100067e8                _shell_list_start = .
 *(SORT_BY_NAME(SORT_BY_ALIGNMENT(._shell.static.*)))
                0x00000000100067e8                _shell_list_end = .

shell_root_cmds_area
                0x00000000100067e8        0x0
                0x00000000100067e8                _shell_root_cmds_list_start = .
 *(SORT_BY_NAME(SORT_BY_ALIGNMENT(._shell_root_cmds.static.*)))
                0x00000000100067e8                _shell_root_cmds_list_end = .

shell_subcmds_area
                0x00000000100067e8        0x0
                0x00000000100067e8                _shell_subcmds_list_start = .
 *(SORT_BY_NAME(SORT_BY_ALIGNMENT(._shell_subcmds.static.*)))
                0x00000000100067e8                _shell_subcmds_list_end = .

shell_dynamic_subcmds_area
                0x00000000100067e8        0x0
                0x00000000100067e8                _shell_dynamic_subcmds_list_start = .
 *(SORT_BY_NAME(SORT_BY_ALIGNMENT(._shell_dynamic_subcmds.static.*)))
                0x00000000100067e8                _shell_dynamic_subcmds_list_end = .

cfb_font_area   0x00000000100067e8        0x0
                0x00000000100067e8                _cfb_font_list_start = .
 *(SORT_BY_NAME(SORT_BY_ALIGNMENT(._cfb_font.static.*)))
                0x00000000100067e8                _cfb_font_list_end = .

tdata           0x00000000100067e8        0x0
 *(SORT_BY_ALIGNMENT(.tdata) SORT_BY_ALIGNMENT(.tdata.*) SORT_BY_ALIGNMENT(.gnu.linkonce.td.*))

tbss            0x00000000100067e8        0x4
 *(SORT_BY_ALIGNMENT(.tbss) SORT_BY_ALIGNMENT(.tbss.*) SORT_BY_ALIGNMENT(.gnu.linkonce.tb.*) SORT_BY_ALIGNMENT(.tcommon))
 .tbss.z_tls_current
                0x00000000100067e8        0x4 zephyr/libzephyr.a(thread_entry.c.obj)
                0x00000000100067e8                z_tls_current
                0x00000000100067e8                PROVIDE (__tdata_start = LOADADDR (tdata))
                0x0000000000000001                PROVIDE (__tdata_align = ALIGNOF (tdata))
                0x0000000000000000                PROVIDE (__tdata_size = (((SIZEOF (tdata) + __tdata_align) - 0x1) & ~ ((__tdata_align - 0x1))))
                [!provide]                        PROVIDE (__tdata_end = (__tdata_start + __tdata_size))
                0x0000000000000004                PROVIDE (__tbss_align = ALIGNOF (tbss))
                [!provide]                        PROVIDE (__tbss_start = ADDR (tbss))
                0x0000000000000004                PROVIDE (__tbss_size = (((SIZEOF (tbss) + __tbss_align) - 0x1) & ~ ((__tbss_align - 0x1))))
                [!provide]                        PROVIDE (__tbss_end = (__tbss_start + __tbss_size))
                [!provide]                        PROVIDE (__tls_start = __tdata_start)
                [!provide]                        PROVIDE (__tls_end = __tbss_end)
                [!provide]                        PROVIDE (__tls_size = (__tbss_end - __tdata_start))

rodata          0x00000000100067e8      0xc84
 *(SORT_BY_ALIGNMENT(.rodata))
 *(SORT_BY_ALIGNMENT(.rodata.*))
 .rodata.mpsc_config
                0x00000000100067e8       0x14 zephyr/libzephyr.a(log_core.c.obj)
 .rodata.format_table
                0x00000000100067fc       0x10 zephyr/libzephyr.a(log_core.c.obj)
 .rodata.colors
                0x000000001000680c       0x14 zephyr/libzephyr.a(log_output.c.obj)
 .rodata.severity
                0x0000000010006820       0x14 zephyr/libzephyr.a(log_output.c.obj)
 .rodata.lbu_cb_ctx
                0x0000000010006834        0x8 zephyr/libzephyr.a(log_backend_uart.c.obj)
 .rodata.lbu_output
                0x000000001000683c       0x10 zephyr/libzephyr.a(log_backend_uart.c.obj)
 .rodata.log_backend_uart_api
                0x000000001000684c       0x1c zephyr/libzephyr.a(log_backend_uart.c.obj)
                0x000000001000684c                log_backend_uart_api
 .rodata.gpio_cfg_hfextclk
                0x0000000010006868        0xc zephyr/libzephyr.a(pins_me15.c.obj)
                0x0000000010006868                gpio_cfg_hfextclk
 .rodata.stdout
                0x0000000010006874        0x4 zephyr/lib/libc/picolibc/liblib__libc__picolibc.a(libc-hooks.c.obj)
                0x0000000010006874                stderr
                0x0000000010006874                stdout
 .rodata.max32_clkctrl_api
                0x0000000010006878       0x1c zephyr/drivers/clock_control/libdrivers__clock_control.a(clock_control_max32.c.obj)
 .rodata.max32_gpio_config_1
                0x0000000010006894       0x1c zephyr/drivers/gpio/libdrivers__gpio.a(gpio_max32.c.obj)
 .rodata.max32_gpio_config_0
                0x00000000100068b0       0x1c zephyr/drivers/gpio/libdrivers__gpio.a(gpio_max32.c.obj)
 .rodata.gpio_max32_driver
                0x00000000100068cc       0x24 zephyr/drivers/gpio/libdrivers__gpio.a(gpio_max32.c.obj)
 .rodata.gpios  0x00000000100068f0        0x8 zephyr/drivers/pinctrl/libdrivers__pinctrl.a(pinctrl_max32.c.obj)
 .rodata.max32_uart_config_0
                0x00000000100068f8       0x24 zephyr/drivers/serial/libdrivers__serial.a(uart_max32.c.obj)
 .rodata.__pinctrl_dev_config__device_dts_ord_38
                0x000000001000691c        0x8 zephyr/drivers/serial/libdrivers__serial.a(uart_max32.c.obj)
 .rodata.__pinctrl_states__device_dts_ord_38
                0x0000000010006924        0x8 zephyr/drivers/serial/libdrivers__serial.a(uart_max32.c.obj)
 .rodata.__pinctrl_state_pins_0__device_dts_ord_38
                0x000000001000692c       0x10 zephyr/drivers/serial/libdrivers__serial.a(uart_max32.c.obj)
 .rodata.uart_max32_driver_api
                0x000000001000693c       0x4c zephyr/drivers/serial/libdrivers__serial.a(uart_max32.c.obj)
 .rodata.__compound_literal.1
                0x0000000010006988        0x8 zephyr/drivers/spi/libdrivers__spi.a(spi_max32.c.obj)
 .rodata.max32_spi_config_1
                0x0000000010006990       0x18 zephyr/drivers/spi/libdrivers__spi.a(spi_max32.c.obj)
 .rodata.__pinctrl_dev_config__device_dts_ord_59
                0x00000000100069a8        0x8 zephyr/drivers/spi/libdrivers__spi.a(spi_max32.c.obj)
 .rodata.__pinctrl_states__device_dts_ord_59
                0x00000000100069b0        0x8 zephyr/drivers/spi/libdrivers__spi.a(spi_max32.c.obj)
 .rodata.__pinctrl_state_pins_0__device_dts_ord_59
                0x00000000100069b8       0x20 zephyr/drivers/spi/libdrivers__spi.a(spi_max32.c.obj)
 .rodata.__compound_literal.0
                0x00000000100069d8        0x8 zephyr/drivers/spi/libdrivers__spi.a(spi_max32.c.obj)
 .rodata.max32_spi_config_0
                0x00000000100069e0       0x18 zephyr/drivers/spi/libdrivers__spi.a(spi_max32.c.obj)
 .rodata.__pinctrl_dev_config__device_dts_ord_46
                0x00000000100069f8        0x8 zephyr/drivers/spi/libdrivers__spi.a(spi_max32.c.obj)
 .rodata.__pinctrl_states__device_dts_ord_46
                0x0000000010006a00        0x8 zephyr/drivers/spi/libdrivers__spi.a(spi_max32.c.obj)
 .rodata.__pinctrl_state_pins_0__device_dts_ord_46
                0x0000000010006a08       0x20 zephyr/drivers/spi/libdrivers__spi.a(spi_max32.c.obj)
 .rodata.spi_max32_api
                0x0000000010006a28        0x8 zephyr/drivers/spi/libdrivers__spi.a(spi_max32.c.obj)
 .rodata.ad74416h_config_0
                0x0000000010006a30       0x24 modules/ad74416h/drivers/ad74416h/lib..__modules__ad74416h__drivers__ad74416h.a(ad74416h.c.obj)
 .rodata.CSWTCH.486
                0x0000000010006a54       0x14 zephyr/kernel/libkernel.a(fatal.c.obj)
 .rodata.levels.0
                0x0000000010006a68       0x18 zephyr/kernel/libkernel.a(init.c.obj)
 .rodata.main.str1.1
                0x0000000010006a80       0x18 app/libapp.a(main.c.obj)
 .rodata.cbprintf_package_convert.str1.1
                0x0000000010006a98       0xa3 zephyr/libzephyr.a(cbprintf_packaged.c.obj)
 .rodata.str1.1
                0x0000000010006b3b       0x11 zephyr/libzephyr.a(cbprintf_packaged.c.obj)
 .rodata.enable_logger.str1.1
                0x0000000010006b4c        0x8 zephyr/libzephyr.a(log_core.c.obj)
 .rodata.str1.1
                0x0000000010006b54        0x4 zephyr/libzephyr.a(log_core.c.obj)
 .rodata.str1.1
                0x0000000010006b58        0x9 zephyr/libzephyr.a(log_mgmt.c.obj)
 .rodata.z_impl_z_log_msg_static_create.str1.1
                0x0000000010006b61       0x3f zephyr/libzephyr.a(log_msg.c.obj)
 .rodata.z_log_msg_runtime_vcreate.str1.1
                0x0000000010006ba0       0x38 zephyr/libzephyr.a(log_msg.c.obj)
 .rodata.newline_print.str1.1
                0x0000000010006bd8        0x3 zephyr/libzephyr.a(log_output.c.obj)
                                          0x5 (size before relaxing)
 .rodata.log_output_process.str1.1
                0x0000000010006bdb       0x4f zephyr/libzephyr.a(log_output.c.obj)
                                         0x51 (size before relaxing)
 .rodata.log_output_dropped_process.str1.1
                0x0000000010006c2a       0x4f zephyr/libzephyr.a(log_output.c.obj)
                                          0x3 (size before relaxing)
 .rodata.postfix.0
                0x0000000010006c2a       0x1c zephyr/libzephyr.a(log_output.c.obj)
 .rodata.prefix.1
                0x0000000010006c46        0xc zephyr/libzephyr.a(log_output.c.obj)
 .rodata.str1.1
                0x0000000010006c52       0x20 zephyr/libzephyr.a(log_output.c.obj)
 .rodata.str1.1
                0x0000000010006c72       0x1a zephyr/libzephyr.a(log_backend_uart.c.obj)
 .rodata.z_arm_fatal_error.str1.1
                0x0000000010006c8c       0xae zephyr/arch/arch/arm/core/libarch__arm__core.a(fatal.c.obj)
 .rodata.mem_manage_fault.constprop.0.str1.1
                0x0000000010006d3a       0xd8 zephyr/arch/arch/arm/core/cortex_m/libarch__arm__core__cortex_m.a(fault.c.obj)
 .rodata.usage_fault.constprop.0.str1.1
                0x0000000010006e12       0xcd zephyr/arch/arch/arm/core/cortex_m/libarch__arm__core__cortex_m.a(fault.c.obj)
 .rodata.bus_fault.constprop.0.str1.1
                0x0000000010006edf       0x88 zephyr/arch/arch/arm/core/cortex_m/libarch__arm__core__cortex_m.a(fault.c.obj)
 .rodata.z_arm_fault.str1.1
                0x0000000010006f67      0x111 zephyr/arch/arch/arm/core/cortex_m/libarch__arm__core__cortex_m.a(fault.c.obj)
 .rodata.str1.1
                0x0000000010007078       0x1a zephyr/drivers/clock_control/libdrivers__clock_control.a(clock_control_max32.c.obj)
 .rodata.gpio_max32_init.str1.1
                0x0000000010007092       0x19 zephyr/drivers/gpio/libdrivers__gpio.a(gpio_max32.c.obj)
 .rodata.str1.1
                0x00000000100070ab       0x27 zephyr/drivers/gpio/libdrivers__gpio.a(gpio_max32.c.obj)
 .rodata.uart_max32_init.str1.1
                0x00000000100070d2       0x38 zephyr/drivers/serial/libdrivers__serial.a(uart_max32.c.obj)
 .rodata.str1.1
                0x000000001000710a       0x1b zephyr/drivers/serial/libdrivers__serial.a(uart_max32.c.obj)
 .rodata.api_transceive.str1.1
                0x0000000010007125       0xbe zephyr/drivers/spi/libdrivers__spi.a(spi_max32.c.obj)
 .rodata.spi_max32_init.str1.1
                0x00000000100071e3       0x24 zephyr/drivers/spi/libdrivers__spi.a(spi_max32.c.obj)
 .rodata.__func__.0
                0x0000000010007207       0x16 zephyr/drivers/spi/libdrivers__spi.a(spi_max32.c.obj)
 .rodata.__func__.1
                0x000000001000721d       0x16 zephyr/drivers/spi/libdrivers__spi.a(spi_max32.c.obj)
 .rodata.__func__.2
                0x0000000010007233       0x1a zephyr/drivers/spi/libdrivers__spi.a(spi_max32.c.obj)
 .rodata.str1.1
                0x000000001000724d       0x24 zephyr/drivers/spi/libdrivers__spi.a(spi_max32.c.obj)
 .rodata.ad74416h_init.str1.1
                0x0000000010007271        0x8 modules/ad74416h/drivers/ad74416h/lib..__modules__ad74416h__drivers__ad74416h.a(ad74416h.c.obj)
 .rodata.str1.1
                0x0000000010007279       0x14 modules/ad74416h/drivers/ad74416h/lib..__modules__ad74416h__drivers__ad74416h.a(ad74416h.c.obj)
 .rodata.k_sys_fatal_error_handler.str1.1
                0x000000001000728d        0xf zephyr/kernel/libkernel.a(fatal.c.obj)
 .rodata.z_fatal_error.str1.1
                0x000000001000729c       0x77 zephyr/kernel/libkernel.a(fatal.c.obj)
 .rodata.str1.1
                0x0000000010007313       0x4a zephyr/kernel/libkernel.a(fatal.c.obj)
 .rodata.z_cstart.str1.1
                0x000000001000735d        0x5 zephyr/kernel/libkernel.a(init.c.obj)
 .rodata.str1.1
                0x0000000010007362        0x3 zephyr/kernel/libkernel.a(init.c.obj)
 .rodata.z_setup_new_thread.str1.1
                0x0000000010007365       0x51 zephyr/kernel/libkernel.a(thread.c.obj)
 .rodata.__func__.0
                0x00000000100073b6       0x13 zephyr/kernel/libkernel.a(thread.c.obj)
 .rodata.k_sched_unlock.str1.1
                0x00000000100073c9       0x1f zephyr/kernel/libkernel.a(sched.c.obj)
 .rodata.z_tick_sleep.str1.1
                0x00000000100073e8       0x1c zephyr/kernel/libkernel.a(sched.c.obj)
 .rodata.__func__.0
                0x0000000010007404        0xd zephyr/kernel/libkernel.a(sched.c.obj)
 .rodata.__func__.1
                0x0000000010007411        0xf zephyr/kernel/libkernel.a(sched.c.obj)
 .rodata.boot_banner.str1.1
                0x0000000010007420       0x3b zephyr/kernel/libkernel.a(banner.c.obj)
 .rodata.__l_vfprintf.str1.1
                0x000000001000745b        0xf c:\users\aputhenp\zephyr-sdk-0.16.8\arm-zephyr-eabi\bin\../lib/gcc/../../picolibc/arm-zephyr-eabi/lib/thumb/v7e-m/nofp\libc.a(libc_tinystdio_vflprintf.c.o)
 *(SORT_BY_ALIGNMENT(.gnu.linkonce.r.*))
                0x000000001000746c                . = ALIGN (0x4)
 *fill*         0x000000001000746a        0x2 
                0x000000001000746c                __rodata_region_end = .
                0x000000001000746c                . = ALIGN (_region_min_align)
                0x000000001000746c                __rom_region_end = ((__rom_region_start + .) - ADDR (rom_start))

/DISCARD/
 *(SORT_BY_ALIGNMENT(.got.plt))
 *(SORT_BY_ALIGNMENT(.igot.plt))
 *(SORT_BY_ALIGNMENT(.got))
 *(SORT_BY_ALIGNMENT(.igot))
                0x0000000020010000                . = 0x20010000
                0x0000000020010000                . = ALIGN (_region_min_align)