Archive member included to satisfy reference by file (symbol)

app/libapp.a(main.c.obj)      (--whole-archive)
zephyr/libzephyr.a(crc32c_sw.c.obj)
                              (--whole-archive)
zephyr/libzephyr.a(crc32_sw.c.obj)
                              (--whole-archive)
zephyr/libzephyr.a(crc24_sw.c.obj)
                              (--whole-archive)
zephyr/libzephyr.a(crc16_sw.c.obj)
                              (--whole-archive)
zephyr/libzephyr.a(crc8_sw.c.obj)
                              (--whole-archive)
zephyr/libzephyr.a(crc7_sw.c.obj)
                              (--whole-archive)
zephyr/libzephyr.a(crc4_sw.c.obj)
                              (--whole-archive)
zephyr/libzephyr.a(heap.c.obj)
                              (--whole-archive)
zephyr/libzephyr.a(cbprintf_packaged.c.obj)
                              (--whole-archive)
zephyr/libzephyr.a(printk.c.obj)
                              (--whole-archive)
zephyr/libzephyr.a(sem.c.obj)
                              (--whole-archive)
zephyr/libzephyr.a(thread_entry.c.obj)
                              (--whole-archive)
zephyr/libzephyr.a(cbprintf_complete.c.obj)
                              (--whole-archive)
zephyr/libzephyr.a(assert.c.obj)
                              (--whole-archive)
zephyr/libzephyr.a(mpsc_pbuf.c.obj)
                              (--whole-archive)
zephyr/libzephyr.a(dec.c.obj)
                              (--whole-archive)
zephyr/libzephyr.a(hex.c.obj)
                              (--whole-archive)
zephyr/libzephyr.a(rb.c.obj)  (--whole-archive)
zephyr/libzephyr.a(timeutil.c.obj)
                              (--whole-archive)
zephyr/libzephyr.a(bitarray.c.obj)
                              (--whole-archive)
zephyr/libzephyr.a(configs.c.obj)
                              (--whole-archive)
zephyr/libzephyr.a(soc.c.obj)
                              (--whole-archive)
zephyr/libzephyr.a(log_core.c.obj)
                              (--whole-archive)
zephyr/libzephyr.a(log_mgmt.c.obj)
                              (--whole-archive)
zephyr/libzephyr.a(log_cache.c.obj)
                              (--whole-archive)
zephyr/libzephyr.a(log_msg.c.obj)
                              (--whole-archive)
zephyr/libzephyr.a(log_output.c.obj)
                              (--whole-archive)
zephyr/libzephyr.a(log_backend_uart.c.obj)
                              (--whole-archive)
zephyr/libzephyr.a(tracing_none.c.obj)
                              (--whole-archive)
zephyr/libzephyr.a(max32xxx_system.c.obj)
                              (--whole-archive)
zephyr/libzephyr.a(system_max32670.c.obj)
                              (--whole-archive)
zephyr/libzephyr.a(icc_common.c.obj)
                              (--whole-archive)
zephyr/libzephyr.a(icc_me15.c.obj)
                              (--whole-archive)
zephyr/libzephyr.a(icc_reva.c.obj)
                              (--whole-archive)
zephyr/libzephyr.a(lp_me15.c.obj)
                              (--whole-archive)
zephyr/libzephyr.a(mxc_assert.c.obj)
                              (--whole-archive)
zephyr/libzephyr.a(mxc_delay.c.obj)
                              (--whole-archive)
zephyr/libzephyr.a(mxc_lock.c.obj)
                              (--whole-archive)
zephyr/libzephyr.a(pins_me15.c.obj)
                              (--whole-archive)
zephyr/libzephyr.a(sys_me15.c.obj)
                              (--whole-archive)
zephyr/libzephyr.a(dma_me15.c.obj)
                              (--whole-archive)
zephyr/libzephyr.a(dma_reva.c.obj)
                              (--whole-archive)
zephyr/libzephyr.a(uart_common.c.obj)
                              (--whole-archive)
zephyr/libzephyr.a(uart_me15.c.obj)
                              (--whole-archive)
zephyr/libzephyr.a(uart_revb.c.obj)
                              (--whole-archive)
zephyr/libzephyr.a(gpio_common.c.obj)
                              (--whole-archive)
zephyr/libzephyr.a(gpio_me15.c.obj)
                              (--whole-archive)
zephyr/libzephyr.a(gpio_reva.c.obj)
                              (--whole-archive)
zephyr/libzephyr.a(spi_me15.c.obj)
                              (--whole-archive)
zephyr/libzephyr.a(spi_reva1.c.obj)
                              (--whole-archive)
zephyr/arch/common/libarch__common.a(sw_isr_common.c.obj)
                              (--whole-archive)
zephyr/arch/arch/arm/core/libarch__arm__core.a(fatal.c.obj)
                              (--whole-archive)
zephyr/arch/arch/arm/core/libarch__arm__core.a(nmi.c.obj)
                              (--whole-archive)
zephyr/arch/arch/arm/core/libarch__arm__core.a(nmi_on_reset.S.obj)
                              (--whole-archive)
zephyr/arch/arch/arm/core/libarch__arm__core.a(tls.c.obj)
                              (--whole-archive)
zephyr/arch/arch/arm/core/cortex_m/libarch__arm__core__cortex_m.a(exc_exit.c.obj)
                              (--whole-archive)
[...]
Memory Configuration

Name             Origin             Length             Attributes
FLASH            0x0000000010000000 0x0000000000060000 xr
RAM              0x0000000020010000 0x0000000000010000 xw
IDT_LIST         0x00000000ffff7fff 0x0000000000008000 xw
*default*        0x0000000000000000 0xffffffffffffffff

Linker script and memory map

                0x0000000010008904                vfprintf = __l_vfprintf
                0x0000000000000000                vfscanf = __l_vfscanf
LOAD zephyr/CMakeFiles/zephyr_pre0.dir/misc/empty_file.c.obj
LOAD zephyr/CMakeFiles/offsets.dir/./arch/arm/core/offsets/offsets.c.obj
LOAD app/libapp.a
LOAD zephyr/libzephyr.a
LOAD zephyr/arch/common/libarch__common.a
LOAD zephyr/arch/arch/arm/core/libarch__arm__core.a
LOAD zephyr/arch/arch/arm/core/cortex_m/libarch__arm__core__cortex_m.a
LOAD zephyr/lib/libc/picolibc/liblib__libc__picolibc.a
LOAD zephyr/lib/libc/common/liblib__libc__common.a
LOAD zephyr/drivers/clock_control/libdrivers__clock_control.a
LOAD zephyr/drivers/console/libdrivers__console.a
LOAD zephyr/drivers/gpio/libdrivers__gpio.a
LOAD zephyr/drivers/pinctrl/libdrivers__pinctrl.a
LOAD zephyr/drivers/serial/libdrivers__serial.a
LOAD zephyr/drivers/spi/libdrivers__spi.a
LOAD zephyr/drivers/timer/libdrivers__timer.a
LOAD modules/ad74416h/drivers/ad74416h/lib..__modules__ad74416h__drivers__ad74416h.a
LOAD zephyr/kernel/libkernel.a
LOAD c:/users/aputhenp/zephyr-sdk-0.16.8/arm-zephyr-eabi/bin/../lib/gcc/arm-zephyr-eabi/12.2.0/thumb/v7e-m/nofp\libgcc.a
LOAD zephyr/arch/common/libisr_tables.a
LOAD c:\users\aputhenp\zephyr-sdk-0.16.8\arm-zephyr-eabi\bin\../lib/gcc/../../picolibc/arm-zephyr-eabi/lib/thumb/v7e-m/nofp\libc.a
LOAD c:/users/aputhenp/zephyr-sdk-0.16.8/arm-zephyr-eabi/bin/../lib/gcc/arm-zephyr-eabi/12.2.0/thumb/v7e-m/nofp\libgcc.a
                0x0000000000000004                _region_min_align = 0x4

.rel.plt        0x0000000010000000        0x0
 *(SORT_BY_ALIGNMENT(.rel.plt))
                [!provide]                        PROVIDE (__rel_iplt_start = .)
 *(SORT_BY_ALIGNMENT(.rel.iplt))
 .rel.iplt      0x0000000010000000        0x0 app/libapp.a(main.c.obj)
                [!provide]                        PROVIDE (__rel_iplt_end = .)

.rela.plt       0x0000000000000000        0x0
 *(SORT_BY_ALIGNMENT(.rela.plt))
                [!provide]                        PROVIDE (__rela_iplt_start = .)
 *(SORT_BY_ALIGNMENT(.rela.iplt))
                [!provide]                        PROVIDE (__rela_iplt_end = .)

.rel.dyn
 *(SORT_BY_ALIGNMENT(.rel.*))

.rela.dyn
 *(SORT_BY_ALIGNMENT(.rela.*))

/DISCARD/
 *(SORT_BY_ALIGNMENT(.plt))

/DISCARD/
 *(SORT_BY_ALIGNMENT(.iplt))
                0x0000000010000000                __rom_region_start = 0x10000000

rom_start       0x0000000010000000      0x1d0
                0x0000000010000000                __rom_start_address = .
 FILL mask 0x00
                0x0000000010000000                . = (. + (0x0 - (. - __rom_start_address)))
                0x0000000010000000                . = ALIGN (0x4)
                0x0000000010000000                . = ALIGN (0x80)
                0x0000000010000000                . = ALIGN (0x200)
                0x0000000010000000                _vector_start = .
 *(SORT_BY_ALIGNMENT(.exc_vector_table))
 *(SORT_BY_ALIGNMENT(.exc_vector_table.*))
 .exc_vector_table._vector_table_section
                0x0000000010000000       0x40 zephyr/arch/arch/arm/core/cortex_m/libarch__arm__core__cortex_m.a(vector_table.S.obj)
                0x0000000010000000                _vector_table
 *(SORT_BY_ALIGNMENT(.vectors))
                0x00000000100001d0                _vector_end = .
                0x0000000010000040                . = ALIGN (0x4)
 *(SORT_BY_ALIGNMENT(.gnu.linkonce.irq_vector_table*))
 .gnu.linkonce.irq_vector_table
                0x0000000010000040      0x190 zephyr/arch/common/libisr_tables.a(isr_tables.c.obj)
                0x0000000010000040                _irq_vector_table
                0x00000000100001d0                _vector_end = .

text            0x00000000100001d0     0xecc0
                0x00000000100001d0                __text_region_start = .
 *(SORT_BY_ALIGNMENT(.text))
 .text          0x00000000100001d0       0x30 c:/users/aputhenp/zephyr-sdk-0.16.8/arm-zephyr-eabi/bin/../lib/gcc/arm-zephyr-eabi/12.2.0/thumb/v7e-m/nofp\libgcc.a(_aeabi_uldivmod.o)
                0x00000000100001d0                __aeabi_uldivmod
 .text          0x0000000010000200        0x4 c:/users/aputhenp/zephyr-sdk-0.16.8/arm-zephyr-eabi/bin/../lib/gcc/arm-zephyr-eabi/12.2.0/thumb/v7e-m/nofp\libgcc.a(_dvmd_tls.o)
                0x0000000010000200                __aeabi_idiv0
                0x0000000010000200                __aeabi_ldiv0
 .text          0x0000000010000204      0x2a0 c:/users/aputhenp/zephyr-sdk-0.16.8/arm-zephyr-eabi/bin/../lib/gcc/arm-zephyr-eabi/12.2.0/thumb/v7e-m/nofp\libgcc.a(_udivmoddi4.o)
                0x0000000010000204                __udivmoddi4
 .text          0x00000000100004a4       0x10 c:\users\aputhenp\zephyr-sdk-0.16.8\arm-zephyr-eabi\bin\../lib/gcc/../../picolibc/arm-zephyr-eabi/lib/thumb/v7e-m/nofp\libc.a(strlen.S.o)
                0x00000000100004a4                strlen
 *(SORT_BY_ALIGNMENT(.text.*))
 .text.main     0x00000000100004b4       0x54 app/libapp.a(main.c.obj)
                0x00000000100004b4                main
 .text.linker_is_in_rodata
                0x0000000010000508       0x38 zephyr/libzephyr.a(cbprintf_packaged.c.obj)
 .text.cbvprintf_package
                0x0000000010000540      0x7b4 zephyr/libzephyr.a(cbprintf_packaged.c.obj)
                0x0000000010000540                cbvprintf_package
 .text.__printk_hook_install
                0x0000000010000cf4       0x1c zephyr/libzephyr.a(printk.c.obj)
                0x0000000010000cf4                __printk_hook_install
 .text.k_current_get
                0x0000000010000d10       0x18 zephyr/libzephyr.a(thread_entry.c.obj)
 .text.z_thread_entry
                0x0000000010000d28       0x38 zephyr/libzephyr.a(thread_entry.c.obj)
                0x0000000010000d28                z_thread_entry
 .text.k_current_get
                0x0000000010000d60       0x18 zephyr/libzephyr.a(log_core.c.obj)
 .text.log_backend_get
                0x0000000010000d78       0x24 zephyr/libzephyr.a(log_core.c.obj)
 .text.log_format_func_t_get
                0x0000000010000d9c       0x20 zephyr/libzephyr.a(log_core.c.obj)
                0x0000000010000d9c                log_format_func_t_get
 .text.z_log_msg_post_finalize
                0x0000000010000dbc       0xd4 zephyr/libzephyr.a(log_core.c.obj)
 .text.log_core_init
                0x0000000010000e90       0x38 zephyr/libzephyr.a(log_core.c.obj)
                0x0000000010000e90                log_core_init
 .text.z_log_init
                0x0000000010000ec8       0xc0 zephyr/libzephyr.a(log_core.c.obj)
 .text.thread_set
                0x0000000010000f88       0x34 zephyr/libzephyr.a(log_core.c.obj)
 .text.log_set_timestamp_func
                0x0000000010000fbc       0x3c zephyr/libzephyr.a(log_core.c.obj)
                0x0000000010000fbc                log_set_timestamp_func
 .text.z_impl_log_panic
                0x0000000010000ff8       0x70 zephyr/libzephyr.a(log_core.c.obj)
                0x0000000010000ff8                z_impl_log_panic
 .text.msg_process
                0x0000000010001068       0x5c zephyr/libzephyr.a(log_core.c.obj)
 .text.dropped_notify
                0x00000000100010c4       0x50 zephyr/libzephyr.a(log_core.c.obj)
                0x00000000100010c4                dropped_notify
 .text.unordered_notify
                0x0000000010001114       0x6c zephyr/libzephyr.a(log_core.c.obj)
                0x0000000010001114                unordered_notify
 .text.z_log_notify_backend_enabled
                0x0000000010001180       0x2c zephyr/libzephyr.a(log_core.c.obj)
                0x0000000010001180                z_log_notify_backend_enabled
 .text.z_impl_log_process
                0x00000000100011ac       0xcc zephyr/libzephyr.a(log_core.c.obj)
                0x00000000100011ac                z_impl_log_process
 .text.z_log_dropped
                0x0000000010001278       0x40 zephyr/libzephyr.a(log_core.c.obj)
                0x0000000010001278                z_log_dropped
 .text.z_log_dropped_read_and_clear
                0x00000000100012b8       0x18 zephyr/libzephyr.a(log_core.c.obj)
                0x00000000100012b8                z_log_dropped_read_and_clear
 .text.z_log_dropped_pending
                0x00000000100012d0       0x20 zephyr/libzephyr.a(log_core.c.obj)
                0x00000000100012d0                z_log_dropped_pending
 .text.z_log_msg_init
                0x00000000100012f0       0x24 zephyr/libzephyr.a(log_core.c.obj)
                0x00000000100012f0                z_log_msg_init
 .text.z_log_msg_alloc
                0x0000000010001314       0x20 zephyr/libzephyr.a(log_core.c.obj)
                0x0000000010001314                z_log_msg_alloc
 .text.z_log_msg_commit
                0x0000000010001334       0x2c zephyr/libzephyr.a(log_core.c.obj)
                0x0000000010001334                z_log_msg_commit
 .text.z_log_msg_local_claim
                0x0000000010001360       0x14 zephyr/libzephyr.a(log_core.c.obj)
                0x0000000010001360                z_log_msg_local_claim
 .text.z_log_msg_claim
                0x0000000010001374       0x34 zephyr/libzephyr.a(log_core.c.obj)
                0x0000000010001374                z_log_msg_claim
 .text.z_log_msg_free
                0x00000000100013a8       0x20 zephyr/libzephyr.a(log_core.c.obj)
                0x00000000100013a8                z_log_msg_free
 .text.z_log_msg_pending
                0x00000000100013c8       0x3c zephyr/libzephyr.a(log_core.c.obj)
                0x00000000100013c8                z_log_msg_pending
 .text.log_backend_notify_all
                0x0000000010001404       0x48 zephyr/libzephyr.a(log_core.c.obj)
 .text.log_process_thread_timer_expiry_fn
                0x000000001000144c       0x1c zephyr/libzephyr.a(log_core.c.obj)
 .text.log_process_thread_func
                0x0000000010001468       0xb0 zephyr/libzephyr.a(log_core.c.obj)
 .text.enable_logger
                0x0000000010001518       0x68 zephyr/libzephyr.a(log_core.c.obj)
 .text.log_const_source_id
                0x0000000010001580       0x20 zephyr/libzephyr.a(log_mgmt.c.obj)
 .text.z_log_sources_count
                0x00000000100015a0       0x14 zephyr/libzephyr.a(log_mgmt.c.obj)
 .text.log_backend_get
                0x00000000100015b4       0x24 zephyr/libzephyr.a(log_mgmt.c.obj)
 .text.get_link_domain
                0x00000000100015d8       0x78 zephyr/libzephyr.a(log_mgmt.c.obj)
 .text.link_source_name_get
                0x0000000010001650       0x84 zephyr/libzephyr.a(log_mgmt.c.obj)
 .text.log_source_name_get
                0x00000000100016d4       0x50 zephyr/libzephyr.a(log_mgmt.c.obj)
                0x00000000100016d4                log_source_name_get
 .text.log_const_source_id
                0x0000000010001724       0x20 zephyr/libzephyr.a(log_msg.c.obj)
 .text.z_log_msg_runtime_vcreate
                0x0000000010001744      0x140 zephyr/libzephyr.a(log_msg.c.obj)
                0x0000000010001744                z_log_msg_runtime_vcreate
 .text.cbpprintf
                0x0000000010001884       0x28 zephyr/libzephyr.a(log_output.c.obj)
 .text.__ctype_lookup
                0x00000000100018ac       0x20 zephyr/libzephyr.a(log_output.c.obj)
 .text.print_formatted
                0x00000000100018cc       0x38 zephyr/libzephyr.a(log_output.c.obj)
 .text.timestamp_print
                0x0000000010001904      0x128 zephyr/libzephyr.a(log_output.c.obj)
 .text.color_print
                0x0000000010001a2c       0x58 zephyr/libzephyr.a(log_output.c.obj)
 .text.ids_print
                0x0000000010001a84       0xa0 zephyr/libzephyr.a(log_output.c.obj)
 .text.newline_print
                0x0000000010001b24       0x44 zephyr/libzephyr.a(log_output.c.obj)
 .text.hexdump_line_print
                0x0000000010001b68      0x110 zephyr/libzephyr.a(log_output.c.obj)
 .text.prefix_print
                0x0000000010001c78       0xe4 zephyr/libzephyr.a(log_output.c.obj)
 .text.log_output_process
                0x0000000010001d5c       0xbc zephyr/libzephyr.a(log_output.c.obj)
                0x0000000010001d5c                log_output_process
 .text.log_output_dropped_process
                0x0000000010001e18       0x74 zephyr/libzephyr.a(log_output.c.obj)
                0x0000000010001e18                log_output_dropped_process
 .text.log_output_timestamp_freq_set
                0x0000000010001e8c       0x44 zephyr/libzephyr.a(log_output.c.obj)
                0x0000000010001e8c                log_output_timestamp_freq_set
 .text.char_out
                0x0000000010001ed0       0x70 zephyr/libzephyr.a(log_backend_uart.c.obj)
 .text.log_backend_uart_init
                0x0000000010001f40       0x30 zephyr/libzephyr.a(log_backend_uart.c.obj)
 .text.panic    0x0000000010001f70       0x38 zephyr/libzephyr.a(log_backend_uart.c.obj)
 .text.max32xx_system_init
                0x0000000010001fa8       0x2c zephyr/libzephyr.a(max32xxx_system.c.obj)
                0x0000000010001fa8                max32xx_system_init
 .text.SystemCoreClockUpdate
                0x0000000010001fd4       0xe8 zephyr/libzephyr.a(system_max32670.c.obj)
                0x0000000010001fd4                SystemCoreClockUpdate
 .text.MXC_DelayInit
                0x00000000100020bc       0xfc zephyr/libzephyr.a(mxc_delay.c.obj)
 .text.MXC_DelayAsync
                0x00000000100021b8       0x58 zephyr/libzephyr.a(mxc_delay.c.obj)
                0x00000000100021b8                MXC_DelayAsync
 .text.MXC_DelayCheck
                0x0000000010002210       0x70 zephyr/libzephyr.a(mxc_delay.c.obj)
                0x0000000010002210                MXC_DelayCheck
 .text.MXC_DelayAbort
                0x0000000010002280       0x40 zephyr/libzephyr.a(mxc_delay.c.obj)
                0x0000000010002280                MXC_DelayAbort
 .text.MXC_SYS_ClockDisable
                0x00000000100022c0       0x78 zephyr/libzephyr.a(sys_me15.c.obj)
                0x00000000100022c0                MXC_SYS_ClockDisable
 .text.MXC_SYS_ClockEnable
                0x0000000010002338       0x80 zephyr/libzephyr.a(sys_me15.c.obj)
                0x0000000010002338                MXC_SYS_ClockEnable
 .text.MXC_SYS_RTCClockEnable
                0x00000000100023b8       0x2c zephyr/libzephyr.a(sys_me15.c.obj)
                0x00000000100023b8                MXC_SYS_RTCClockEnable
 .text.MXC_SYS_ClockSourceEnable
                0x00000000100023e4       0xe4 zephyr/libzephyr.a(sys_me15.c.obj)
                0x00000000100023e4                MXC_SYS_ClockSourceEnable
 .text.MXC_SYS_Clock_Timeout
                0x00000000100024c8       0x58 zephyr/libzephyr.a(sys_me15.c.obj)
                0x00000000100024c8                MXC_SYS_Clock_Timeout
 .text.MXC_SYS_Clock_Select
                0x0000000010002520      0x1ec zephyr/libzephyr.a(sys_me15.c.obj)
                0x0000000010002520                MXC_SYS_Clock_Select
 .text.MXC_SYS_Reset_Periph
                0x000000001000270c       0xb0 zephyr/libzephyr.a(sys_me15.c.obj)
                0x000000001000270c                MXC_SYS_Reset_Periph
 .text.MXC_DMA_RevA_ReleaseChannel
                0x00000000100027bc       0xac zephyr/libzephyr.a(dma_reva.c.obj)
                0x00000000100027bc                MXC_DMA_RevA_ReleaseChannel
 .text.MXC_UART_Shutdown
                0x0000000010002868       0xc0 zephyr/libzephyr.a(uart_me15.c.obj)
                0x0000000010002868                MXC_UART_Shutdown
 .text.MXC_UART_SetFrequency
                0x0000000010002928      0x208 zephyr/libzephyr.a(uart_me15.c.obj)
                0x0000000010002928                MXC_UART_SetFrequency
 .text.MXC_UART_GetFrequency
                0x0000000010002b30       0xe4 zephyr/libzephyr.a(uart_me15.c.obj)
                0x0000000010002b30                MXC_UART_GetFrequency
 .text.MXC_UART_RevB_SetFrequency
                0x0000000010002c14      0x120 zephyr/libzephyr.a(uart_revb.c.obj)
                0x0000000010002c14                MXC_UART_RevB_SetFrequency
 .text.MXC_UART_RevB_GetFrequency
                0x0000000010002d34       0x88 zephyr/libzephyr.a(uart_revb.c.obj)
                0x0000000010002d34                MXC_UART_RevB_GetFrequency
 .text.MXC_UART_RevB_SetParity
                0x0000000010002dbc       0xe4 zephyr/libzephyr.a(uart_revb.c.obj)
                0x0000000010002dbc                MXC_UART_RevB_SetParity
 .text.MXC_GPIO_RevA_IntConfig
                0x0000000010002ea0      0x124 zephyr/libzephyr.a(gpio_reva.c.obj)
                0x0000000010002ea0                MXC_GPIO_RevA_IntConfig
 .text.MXC_GPIO_RevA_SetAF
                0x0000000010002fc4      0x10c zephyr/libzephyr.a(gpio_reva.c.obj)
                0x0000000010002fc4                MXC_GPIO_RevA_SetAF
 .text.MXC_GPIO_RevA_SetDriveStrength
                0x00000000100030d0       0xec zephyr/libzephyr.a(gpio_reva.c.obj)
                0x00000000100030d0                MXC_GPIO_RevA_SetDriveStrength
 .text.MXC_SPI_Init
                0x00000000100031bc       0x84 zephyr/libzephyr.a(spi_me15.c.obj)
                0x00000000100031bc                MXC_SPI_Init
 .text.MXC_SPI_Shutdown
                0x0000000010003240       0x84 zephyr/libzephyr.a(spi_me15.c.obj)
                0x0000000010003240                MXC_SPI_Shutdown
 .text.MXC_SPI_GetPeripheralClock
                0x00000000100032c4       0x48 zephyr/libzephyr.a(spi_me15.c.obj)
                0x00000000100032c4                MXC_SPI_GetPeripheralClock
 .text.MXC_SPI_RevA1_Init
                0x000000001000330c      0x1e0 zephyr/libzephyr.a(spi_reva1.c.obj)
                0x000000001000330c                MXC_SPI_RevA1_Init
 .text.MXC_SPI_RevA1_Shutdown
                0x00000000100034ec      0x17c zephyr/libzephyr.a(spi_reva1.c.obj)
                0x00000000100034ec                MXC_SPI_RevA1_Shutdown
 .text.MXC_SPI_RevA1_SetFrequency
                0x0000000010003668       0xd0 zephyr/libzephyr.a(spi_reva1.c.obj)
                0x0000000010003668                MXC_SPI_RevA1_SetFrequency
 .text.MXC_SPI_RevA1_SetDataSize
                0x0000000010003738       0xe0 zephyr/libzephyr.a(spi_reva1.c.obj)
                0x0000000010003738                MXC_SPI_RevA1_SetDataSize
 .text.MXC_SPI_RevA1_SetSlave
                0x0000000010003818       0xb0 zephyr/libzephyr.a(spi_reva1.c.obj)
                0x0000000010003818                MXC_SPI_RevA1_SetSlave
 .text.MXC_SPI_RevA1_SetMode
                0x00000000100038c8       0xa0 zephyr/libzephyr.a(spi_reva1.c.obj)
                0x00000000100038c8                MXC_SPI_RevA1_SetMode
 .text.MXC_SPI_RevA1_HWSSControl
                0x0000000010003968       0x70 zephyr/libzephyr.a(spi_reva1.c.obj)
                0x0000000010003968                MXC_SPI_RevA1_HWSSControl
 .text.esf_dump
                0x00000000100039d8      0x160 zephyr/arch/arch/arm/core/libarch__arm__core.a(fatal.c.obj)
 .text.z_arm_fatal_error
                0x0000000010003b38       0x84 zephyr/arch/arch/arm/core/libarch__arm__core.a(fatal.c.obj)
                0x0000000010003b38                z_arm_fatal_error
 .text.z_SysNmiOnReset
                0x0000000010003bbc        0x8 zephyr/arch/arch/arm/core/libarch__arm__core.a(nmi_on_reset.S.obj)
                0x0000000010003bbc                z_SysNmiOnReset
 .text.z_tls_data_size
                0x0000000010003bc4       0x1c zephyr/arch/arch/arm/core/libarch__arm__core.a(tls.c.obj)
 .text.z_tls_copy
                0x0000000010003be0       0x3c zephyr/arch/arch/arm/core/libarch__arm__core.a(tls.c.obj)
 .text._HandlerModeExit
                0x0000000010003c1c       0x38 zephyr/arch/arch/arm/core/cortex_m/libarch__arm__core__cortex_m.a(exc_exit.c.obj)
                0x0000000010003c1c                z_arm_int_exit
                0x0000000010003c1c                z_arm_exc_exit
 .text.mem_manage_fault
                0x0000000010003c54      0x2f0 zephyr/arch/arch/arm/core/cortex_m/libarch__arm__core__cortex_m.a(fault.c.obj)
 .text.bus_fault
                0x0000000010003f44      0x330 zephyr/arch/arch/arm/core/cortex_m/libarch__arm__core__cortex_m.a(fault.c.obj)
 .text.usage_fault
                0x0000000010004274      0x290 zephyr/arch/arch/arm/core/cortex_m/libarch__arm__core__cortex_m.a(fault.c.obj)
 .text.debug_monitor
                0x0000000010004504       0x64 zephyr/arch/arch/arm/core/cortex_m/libarch__arm__core__cortex_m.a(fault.c.obj)
 .text.z_arm_is_synchronous_svc
                0x0000000010004568       0x80 zephyr/arch/arch/arm/core/cortex_m/libarch__arm__core__cortex_m.a(fault.c.obj)
 .text.hard_fault
                0x00000000100045e8      0x220 zephyr/arch/arch/arm/core/cortex_m/libarch__arm__core__cortex_m.a(fault.c.obj)
 .text.reserved_exception
                0x0000000010004808       0x78 zephyr/arch/arch/arm/core/cortex_m/libarch__arm__core__cortex_m.a(fault.c.obj)
 .text.fault_handle
                0x0000000010004880       0xb4 zephyr/arch/arch/arm/core/cortex_m/libarch__arm__core__cortex_m.a(fault.c.obj)
 .text.get_esf  0x0000000010004934       0xc4 zephyr/arch/arch/arm/core/cortex_m/libarch__arm__core__cortex_m.a(fault.c.obj)
 .text.z_arm_fault
                0x00000000100049f8       0xb0 zephyr/arch/arch/arm/core/cortex_m/libarch__arm__core__cortex_m.a(fault.c.obj)
                0x00000000100049f8                z_arm_fault
 .text.z_arm_fault_init
                0x0000000010004aa8       0x28 zephyr/arch/arch/arm/core/cortex_m/libarch__arm__core__cortex_m.a(fault.c.obj)
                0x0000000010004aa8                z_arm_fault_init
 .text.__fault  0x0000000010004ad0       0x14 zephyr/arch/arch/arm/core/cortex_m/libarch__arm__core__cortex_m.a(fault_s.S.obj)
                0x0000000010004ad0                z_arm_usage_fault
                0x0000000010004ad0                z_arm_mpu_fault
                0x0000000010004ad0                z_arm_exc_spurious
                0x0000000010004ad0                z_arm_debug_monitor
                0x0000000010004ad0                z_arm_hard_fault
                0x0000000010004ad0                z_arm_bus_fault
 .text._reset_section
                0x0000000010004ae4       0x2c zephyr/arch/arch/arm/core/cortex_m/libarch__arm__core__cortex_m.a(reset.S.obj)
                0x0000000010004ae4                __start
                0x0000000010004ae4                z_arm_reset
 .text.z_impl_k_thread_abort
                0x0000000010004b10       0x58 zephyr/arch/arch/arm/core/cortex_m/libarch__arm__core__cortex_m.a(thread_abort.c.obj)
                0x0000000010004b10                z_impl_k_thread_abort
 .text.arch_swap
                0x0000000010004b68       0x58 zephyr/arch/arch/arm/core/cortex_m/libarch__arm__core__cortex_m.a(swap.c.obj)
                0x0000000010004b68                arch_swap
 .text.z_arm_pendsv_c
                0x0000000010004bc0       0x84 zephyr/arch/arch/arm/core/cortex_m/libarch__arm__core__cortex_m.a(swap.c.obj)
                0x0000000010004bc0                z_arm_pendsv_c
 .text.z_arm_pendsv
                0x0000000010004c44       0x34 zephyr/arch/arch/arm/core/cortex_m/libarch__arm__core__cortex_m.a(swap_helper.S.obj)
                0x0000000010004c44                z_arm_pendsv
 .text.z_arm_svc
                0x0000000010004c78       0x20 zephyr/arch/arch/arm/core/cortex_m/libarch__arm__core__cortex_m.a(swap_helper.S.obj)
                0x0000000010004c78                z_arm_svc
 .text.__NVIC_EnableIRQ
                0x0000000010004c98       0x38 zephyr/arch/arch/arm/core/cortex_m/libarch__arm__core__cortex_m.a(irq_manage.c.obj)
 .text.__NVIC_SetPriority
                0x0000000010004cd0       0x54 zephyr/arch/arch/arm/core/cortex_m/libarch__arm__core__cortex_m.a(irq_manage.c.obj)
 .text.relocate_vector_table
                0x0000000010004d24       0x34 zephyr/arch/arch/arm/core/cortex_m/libarch__arm__core__cortex_m.a(prep_c.c.obj)
 .text.z_arm_floating_point_init
                0x0000000010004d58       0x40 zephyr/arch/arch/arm/core/cortex_m/libarch__arm__core__cortex_m.a(prep_c.c.obj)
 .text.arch_new_thread
                0x0000000010004d98       0x60 zephyr/arch/arch/arm/core/cortex_m/libarch__arm__core__cortex_m.a(thread.c.obj)
                0x0000000010004d98                arch_new_thread
 .text.arch_switch_to_main_thread
                0x0000000010004df8       0x58 zephyr/arch/arch/arm/core/cortex_m/libarch__arm__core__cortex_m.a(thread.c.obj)
                0x0000000010004df8                arch_switch_to_main_thread
 .text.z_arm_cpu_idle_init
                0x0000000010004e50       0x18 zephyr/arch/arch/arm/core/cortex_m/libarch__arm__core__cortex_m.a(cpu_idle.c.obj)
                0x0000000010004e50                z_arm_cpu_idle_init
 .text.__NVIC_SetPriority
                0x0000000010004e68       0x54 zephyr/arch/arch/arm/core/cortex_m/libarch__arm__core__cortex_m.a(irq_init.c.obj)
 .text._isr_wrapper
                0x0000000010004ebc       0x3c zephyr/arch/arch/arm/core/cortex_m/libarch__arm__core__cortex_m.a(isr_wrapper.c.obj)
                0x0000000010004ebc                _isr_wrapper
 .text.z_impl_zephyr_fputc
                0x0000000010004ef8       0x20 zephyr/lib/libc/picolibc/liblib__libc__picolibc.a(libc-hooks.c.obj)
                0x0000000010004ef8                z_impl_zephyr_fputc
 .text.__stdout_hook_install
                0x0000000010004f18       0x30 zephyr/lib/libc/picolibc/liblib__libc__picolibc.a(libc-hooks.c.obj)
                0x0000000010004f18                __stdout_hook_install
 .text.cbvprintf
                0x0000000010004f48       0x4c zephyr/lib/libc/picolibc/liblib__libc__picolibc.a(libc-hooks.c.obj)
                0x0000000010004f48                cbvprintf
 .text.malloc_prepare
                0x0000000010004f94       0x44 zephyr/lib/libc/common/liblib__libc__common.a(malloc.c.obj)
 .text.api_get_rate
                0x0000000010004fd8       0xb0 zephyr/drivers/clock_control/libdrivers__clock_control.a(clock_control_max32.c.obj)
 .text.console_out
                0x0000000010005088       0x58 zephyr/drivers/console/libdrivers__console.a(uart_console.c.obj)
 .text.uart_console_hook_install
                0x00000000100050e0       0x18 zephyr/drivers/console/libdrivers__console.a(uart_console.c.obj)
 .text.uart_console_init
                0x00000000100050f8       0x2c zephyr/drivers/console/libdrivers__console.a(uart_console.c.obj)
 .text.gpio_max32_init
                0x0000000010005124       0x88 zephyr/drivers/gpio/libdrivers__gpio.a(gpio_max32.c.obj)
 .text.pinctrl_configure_pin
                0x00000000100051ac      0x148 zephyr/drivers/pinctrl/libdrivers__pinctrl.a(pinctrl_max32.c.obj)
 .text.api_configure
                0x00000000100052f4      0x16c zephyr/drivers/serial/libdrivers__serial.a(uart_max32.c.obj)
 .text.uart_max32_init
                0x0000000010005460      0x14c zephyr/drivers/serial/libdrivers__serial.a(uart_max32.c.obj)
 .text.spi_context_cs_configure_all
                0x00000000100055ac       0xbc zephyr/drivers/spi/libdrivers__spi.a(spi_max32.c.obj)
 .text.spi_context_buffers_setup
                0x0000000010005668      0x188 zephyr/drivers/spi/libdrivers__spi.a(spi_max32.c.obj)
 .text.spi_max32_transceive
                0x00000000100057f0      0x358 zephyr/drivers/spi/libdrivers__spi.a(spi_max32.c.obj)
 .text.__NVIC_SetPriority
                0x0000000010005b48       0x54 zephyr/drivers/timer/libdrivers__timer.a(cortex_m_systick.c.obj)
 .text.elapsed  0x0000000010005b9c       0x78 zephyr/drivers/timer/libdrivers__timer.a(cortex_m_systick.c.obj)
 .text.sys_clock_isr
                0x0000000010005c14       0xb0 zephyr/drivers/timer/libdrivers__timer.a(cortex_m_systick.c.obj)
                0x0000000010005c14                sys_clock_isr
 .text.sys_clock_set_timeout
                0x0000000010005cc4      0x208 zephyr/drivers/timer/libdrivers__timer.a(cortex_m_systick.c.obj)
                0x0000000010005cc4                sys_clock_set_timeout
 .text.sys_clock_elapsed
                0x0000000010005ecc       0xa0 zephyr/drivers/timer/libdrivers__timer.a(cortex_m_systick.c.obj)
                0x0000000010005ecc                sys_clock_elapsed
 .text.sys_clock_cycle_get_32
                0x0000000010005f6c       0x84 zephyr/drivers/timer/libdrivers__timer.a(cortex_m_systick.c.obj)
                0x0000000010005f6c                sys_clock_cycle_get_32
 .text.sys_clock_driver_init
                0x0000000010005ff0       0x4c zephyr/drivers/timer/libdrivers__timer.a(cortex_m_systick.c.obj)
 .text.ad74416h_reg_access_read
                0x000000001000603c       0x80 modules/ad74416h/drivers/ad74416h/lib..__modules__ad74416h__drivers__ad74416h.a(ad74416h.c.obj)
 .text.z_device_state_init
                0x00000000100060bc       0x3c zephyr/kernel/libkernel.a(device.c.obj)
                0x00000000100060bc                z_device_state_init
 .text.k_sys_fatal_error_handler
                0x00000000100060f8       0x5c zephyr/kernel/libkernel.a(fatal.c.obj)
                0x00000000100060f8                k_sys_fatal_error_handler
 .text.thread_name_get
                0x0000000010006154       0x3c zephyr/kernel/libkernel.a(fatal.c.obj)
 .text.reason_to_str
                0x0000000010006190       0x60 zephyr/kernel/libkernel.a(fatal.c.obj)
 .text.z_fatal_error
                0x00000000100061f0      0x1a4 zephyr/kernel/libkernel.a(fatal.c.obj)
                0x00000000100061f0                z_fatal_error
 .text.__NVIC_SetPriority
                0x0000000010006394       0x54 zephyr/kernel/libkernel.a(init.c.obj)
 .text.z_add_thread_timeout
                0x00000000100063e8       0x28 zephyr/kernel/libkernel.a(init.c.obj)
 .text.z_dummy_thread_init
                0x0000000010006410       0x30 zephyr/kernel/libkernel.a(init.c.obj)
 .text.z_init_static_threads
                0x0000000010006440       0xd4 zephyr/kernel/libkernel.a(init.c.obj)
 .text.z_bss_zero
                0x0000000010006514       0x20 zephyr/kernel/libkernel.a(init.c.obj)
                0x0000000010006514                z_bss_zero
 .text.z_sys_init_run_level
                0x0000000010006534       0x58 zephyr/kernel/libkernel.a(init.c.obj)
 .text.bg_thread_main
                0x000000001000658c       0x44 zephyr/kernel/libkernel.a(init.c.obj)
 .text.init_idle_thread
                0x00000000100065d0       0x80 zephyr/kernel/libkernel.a(init.c.obj)
 .text.z_init_cpu
                0x0000000010006650       0x80 zephyr/kernel/libkernel.a(init.c.obj)
                0x0000000010006650                z_init_cpu
 .text.prepare_multithreading
                0x00000000100066d0       0x68 zephyr/kernel/libkernel.a(init.c.obj)
 .text.switch_to_main_thread
                0x0000000010006738       0x1c zephyr/kernel/libkernel.a(init.c.obj)
 .text.z_cstart
                0x0000000010006754       0xc8 zephyr/kernel/libkernel.a(init.c.obj)
                0x0000000010006754                z_cstart
 .text.z_impl_k_sem_give
                0x000000001000681c       0xd4 zephyr/kernel/libkernel.a(sem.c.obj)
                0x000000001000681c                z_impl_k_sem_give
 .text.z_impl_k_sem_take
                0x00000000100068f0       0xe8 zephyr/kernel/libkernel.a(sem.c.obj)
                0x00000000100068f0                z_impl_k_sem_take
 .text.z_add_thread_timeout
                0x00000000100069d8       0x28 zephyr/kernel/libkernel.a(thread.c.obj)
 .text.setup_thread_stack
                0x0000000010006a00       0xcc zephyr/kernel/libkernel.a(thread.c.obj)
 .text.z_setup_new_thread
                0x0000000010006acc       0x78 zephyr/kernel/libkernel.a(thread.c.obj)
                0x0000000010006acc                z_setup_new_thread
 .text.z_add_thread_timeout
                0x0000000010006b44       0x28 zephyr/kernel/libkernel.a(sched.c.obj)
 .text.z_sched_lock
                0x0000000010006b6c       0x1c zephyr/kernel/libkernel.a(sched.c.obj)
 .text.z_dummy_thread_init
                0x0000000010006b88       0x30 zephyr/kernel/libkernel.a(sched.c.obj)
 .text.move_thread_to_end_of_prio_q
                0x0000000010006bb8      0x11c zephyr/kernel/libkernel.a(sched.c.obj)
                0x0000000010006bb8                move_thread_to_end_of_prio_q
 .text.update_cache
                0x0000000010006cd4       0xcc zephyr/kernel/libkernel.a(sched.c.obj)
 .text.ready_thread
                0x0000000010006da0       0xe0 zephyr/kernel/libkernel.a(sched.c.obj)
 .text.z_ready_thread
                0x0000000010006e80       0x90 zephyr/kernel/libkernel.a(sched.c.obj)
                0x0000000010006e80                z_ready_thread
 .text.z_sched_start
                0x0000000010006f10       0x88 zephyr/kernel/libkernel.a(sched.c.obj)
                0x0000000010006f10                z_sched_start
 .text.thread_halt_spin
                0x0000000010006f98       0xbc zephyr/kernel/libkernel.a(sched.c.obj)
 .text.z_thread_halt
                0x0000000010007054      0x104 zephyr/kernel/libkernel.a(sched.c.obj)
 .text.z_impl_k_thread_suspend
                0x0000000010007158       0x84 zephyr/kernel/libkernel.a(sched.c.obj)
                0x0000000010007158                z_impl_k_thread_suspend
 .text.unready_thread
                0x00000000100071dc       0x78 zephyr/kernel/libkernel.a(sched.c.obj)
 .text.z_unpend_thread_no_timeout
                0x0000000010007254       0x8c zephyr/kernel/libkernel.a(sched.c.obj)
                0x0000000010007254                z_unpend_thread_no_timeout
 .text.z_sched_wake_thread
                0x00000000100072e0       0xc8 zephyr/kernel/libkernel.a(sched.c.obj)
                0x00000000100072e0                z_sched_wake_thread
 .text.z_pend_curr
                0x00000000100073a8       0x84 zephyr/kernel/libkernel.a(sched.c.obj)
                0x00000000100073a8                z_pend_curr
 .text.z_unpend1_no_timeout
                0x000000001000742c       0xac zephyr/kernel/libkernel.a(sched.c.obj)
                0x000000001000742c                z_unpend1_no_timeout
 .text.z_unpend_first_thread
                0x00000000100074d8       0xb0 zephyr/kernel/libkernel.a(sched.c.obj)
                0x00000000100074d8                z_unpend_first_thread
 .text.need_swap
                0x0000000010007588       0x2c zephyr/kernel/libkernel.a(sched.c.obj)
 .text.k_sched_lock
                0x00000000100075b4       0x80 zephyr/kernel/libkernel.a(sched.c.obj)
                0x00000000100075b4                k_sched_lock
 .text.k_sched_unlock
                0x0000000010007634       0xf8 zephyr/kernel/libkernel.a(sched.c.obj)
                0x0000000010007634                k_sched_unlock
 .text.z_sched_init
                0x000000001000772c       0x14 zephyr/kernel/libkernel.a(sched.c.obj)
                0x000000001000772c                z_sched_init
 .text.z_impl_k_yield
                0x0000000010007740      0x150 zephyr/kernel/libkernel.a(sched.c.obj)
                0x0000000010007740                z_impl_k_yield
 .text.z_tick_sleep
                0x0000000010007890      0x17c zephyr/kernel/libkernel.a(sched.c.obj)
 .text.z_impl_k_sleep
                0x0000000010007a0c       0x80 zephyr/kernel/libkernel.a(sched.c.obj)
                0x0000000010007a0c                z_impl_k_sleep
 .text.z_impl_k_sched_current_thread_query
                0x0000000010007a8c       0x1c zephyr/kernel/libkernel.a(sched.c.obj)
                0x0000000010007a8c                z_impl_k_sched_current_thread_query
 .text.halt_thread
                0x0000000010007aa8       0xfc zephyr/kernel/libkernel.a(sched.c.obj)
 .text.z_thread_abort
                0x0000000010007ba4       0xd0 zephyr/kernel/libkernel.a(sched.c.obj)
                0x0000000010007ba4                z_thread_abort
 .text.z_is_idle_thread_object
                0x0000000010007c74       0x24 zephyr/kernel/libkernel.a(timeslicing.c.obj)
 .text.slice_time
                0x0000000010007c98       0x20 zephyr/kernel/libkernel.a(timeslicing.c.obj)
 .text.thread_is_sliceable
                0x0000000010007cb8       0x84 zephyr/kernel/libkernel.a(timeslicing.c.obj)
                0x0000000010007cb8                thread_is_sliceable
 .text.slice_timeout
                0x0000000010007d3c       0x38 zephyr/kernel/libkernel.a(timeslicing.c.obj)
 .text.z_reset_time_slice
                0x0000000010007d74       0x80 zephyr/kernel/libkernel.a(timeslicing.c.obj)
                0x0000000010007d74                z_reset_time_slice
 .text.z_time_slice
                0x0000000010007df4       0xe8 zephyr/kernel/libkernel.a(timeslicing.c.obj)
                0x0000000010007df4                z_time_slice
 .text.z_data_copy
                0x0000000010007edc       0x3c zephyr/kernel/libkernel.a(xip.c.obj)
                0x0000000010007edc                z_data_copy
 .text.first    0x0000000010007f18       0x1c zephyr/kernel/libkernel.a(timeout.c.obj)
 .text.next     0x0000000010007f34       0x24 zephyr/kernel/libkernel.a(timeout.c.obj)
 .text.elapsed  0x0000000010007f58       0x20 zephyr/kernel/libkernel.a(timeout.c.obj)
 .text.z_add_timeout
                0x0000000010007f78      0x1f0 zephyr/kernel/libkernel.a(timeout.c.obj)
                0x0000000010007f78                z_add_timeout
 .text.z_abort_timeout
                0x0000000010008168       0x9c zephyr/kernel/libkernel.a(timeout.c.obj)
                0x0000000010008168                z_abort_timeout
 .text.sys_clock_announce
                0x0000000010008204      0x1e8 zephyr/kernel/libkernel.a(timeout.c.obj)
                0x0000000010008204                sys_clock_announce
 .text.sys_clock_tick_get
                0x00000000100083ec       0xb0 zephyr/kernel/libkernel.a(timeout.c.obj)
                0x00000000100083ec                sys_clock_tick_get
 .text.z_timer_expiration_handler
                0x000000001000849c      0x290 zephyr/kernel/libkernel.a(timer.c.obj)
                0x000000001000849c                z_timer_expiration_handler
 .text.z_impl_k_timer_start
                0x000000001000872c      0x108 zephyr/kernel/libkernel.a(timer.c.obj)
                0x000000001000872c                z_impl_k_timer_start
 .text.boot_banner
                0x0000000010008834       0x14 zephyr/kernel/libkernel.a(banner.c.obj)
                0x0000000010008834                boot_banner
 .text.printf   0x0000000010008848       0x24 c:\users\aputhenp\zephyr-sdk-0.16.8\arm-zephyr-eabi\bin\../lib/gcc/../../picolibc/arm-zephyr-eabi/lib/thumb/v7e-m/nofp\libc.a(libc_tinystdio_printf.c.o)
                0x0000000010008848                printf
 .text.puts     0x000000001000886c       0x40 c:\users\aputhenp\zephyr-sdk-0.16.8\arm-zephyr-eabi\bin\../lib/gcc/../../picolibc/arm-zephyr-eabi/lib/thumb/v7e-m/nofp\libc.a(libc_tinystdio_puts.c.o)
                0x000000001000886c                puts
 .text.snprintf
                0x00000000100088ac       0x58 c:\users\aputhenp\zephyr-sdk-0.16.8\arm-zephyr-eabi\bin\../lib/gcc/../../picolibc/arm-zephyr-eabi/lib/thumb/v7e-m/nofp\libc.a(libc_tinystdio_snprintf.c.o)
                0x00000000100088ac                snprintf
 .text.__l_vfprintf
                0x0000000010008904      0x4b8 c:\users\aputhenp\zephyr-sdk-0.16.8\arm-zephyr-eabi\bin\../lib/gcc/../../picolibc/arm-zephyr-eabi/lib/thumb/v7e-m/nofp\libc.a(libc_tinystdio_vflprintf.c.o)
                0x0000000010008904                __l_vfprintf
 .text._OffsetAbsSyms
                0x0000000010008dbc        0xc zephyr/CMakeFiles/offsets.dir/./arch/arm/core/offsets/offsets.c.obj
                0x0000000010008dbc                _OffsetAbsSyms
 .text.device_is_ready
                0x0000000010008dc8       0x18 app/libapp.a(main.c.obj)
 .text.big_heap_chunks
                0x0000000010008de0       0x14 zephyr/libzephyr.a(heap.c.obj)
 .text.big_heap_bytes
                0x0000000010008df4       0x1c zephyr/libzephyr.a(heap.c.obj)
 .text.big_heap
                0x0000000010008e10       0x1c zephyr/libzephyr.a(heap.c.obj)
 .text.chunk_buf
                0x0000000010008e2c       0x14 zephyr/libzephyr.a(heap.c.obj)
 .text.chunk_field
                0x0000000010008e40       0x4a zephyr/libzephyr.a(heap.c.obj)
 .text.chunk_set
                0x0000000010008e8a       0x52 zephyr/libzephyr.a(heap.c.obj)
 .text.chunk_size
                0x0000000010008edc       0x20 zephyr/libzephyr.a(heap.c.obj)
 .text.set_chunk_used
                0x0000000010008efc       0x8a zephyr/libzephyr.a(heap.c.obj)
 .text.set_chunk_size
                0x0000000010008f86       0x22 zephyr/libzephyr.a(heap.c.obj)
 .text.prev_free_chunk
                0x0000000010008fa8       0x1e zephyr/libzephyr.a(heap.c.obj)
 .text.set_prev_free_chunk
                0x0000000010008fc6       0x20 zephyr/libzephyr.a(heap.c.obj)
 .text.set_next_free_chunk
                0x0000000010008fe6       0x20 zephyr/libzephyr.a(heap.c.obj)
 .text.set_left_chunk_size
                0x0000000010009006       0x20 zephyr/libzephyr.a(heap.c.obj)
 .text.solo_free_header
                0x0000000010009026       0x38 zephyr/libzephyr.a(heap.c.obj)
 .text.chunk_header_bytes
                0x000000001000905e       0x22 zephyr/libzephyr.a(heap.c.obj)
 .text.heap_footer_bytes
                0x0000000010009080       0x22 zephyr/libzephyr.a(heap.c.obj)
 .text.chunksz  0x00000000100090a2       0x18 zephyr/libzephyr.a(heap.c.obj)
 .text.bytes_to_chunksz
                0x00000000100090ba       0x26 zephyr/libzephyr.a(heap.c.obj)
 .text.min_chunk_size
                0x00000000100090e0       0x1a zephyr/libzephyr.a(heap.c.obj)
 .text.bucket_idx
                0x00000000100090fa       0x2c zephyr/libzephyr.a(heap.c.obj)
 .text.free_list_add_bidx
                0x0000000010009126       0x8e zephyr/libzephyr.a(heap.c.obj)
 .text.free_list_add
                0x00000000100091b4       0x44 zephyr/libzephyr.a(heap.c.obj)
 .text.sys_heap_init
                0x00000000100091f8       0xf8 zephyr/libzephyr.a(heap.c.obj)
                0x00000000100091f8                sys_heap_init
 .text.ptr_in_rodata
                0x00000000100092f0       0x18 zephyr/libzephyr.a(cbprintf_packaged.c.obj)
 .text.cbprintf_via_va_list
                0x0000000010009308       0x28 zephyr/libzephyr.a(cbprintf_packaged.c.obj)
 .text.cbpprintf_external
                0x0000000010009330       0xb2 zephyr/libzephyr.a(cbprintf_packaged.c.obj)
                0x0000000010009330                cbpprintf_external
 .text.arch_printk_char_out
                0x00000000100093e2       0x14 zephyr/libzephyr.a(printk.c.obj)
                0x00000000100093e2                arch_printk_char_out
 .text.vprintk  0x00000000100093f6       0x1a zephyr/libzephyr.a(printk.c.obj)
                0x00000000100093f6                vprintk
 .text.printk   0x0000000010009410       0x24 zephyr/libzephyr.a(printk.c.obj)
                0x0000000010009410                printk
 .text.k_sched_current_thread_query
                0x0000000010009434        0xe zephyr/libzephyr.a(thread_entry.c.obj)
 .text.k_thread_abort
                0x0000000010009442       0x16 zephyr/libzephyr.a(thread_entry.c.obj)
 .text.is_power_of_two
                0x0000000010009458       0x30 zephyr/libzephyr.a(mpsc_pbuf.c.obj)
 .text.k_sem_init
                0x0000000010009488       0x20 zephyr/libzephyr.a(mpsc_pbuf.c.obj)
 .text.k_sem_take
                0x00000000100094a8       0x20 zephyr/libzephyr.a(mpsc_pbuf.c.obj)
 .text.k_sem_give
                0x00000000100094c8       0x16 zephyr/libzephyr.a(mpsc_pbuf.c.obj)
 .text.mpsc_pbuf_init
                0x00000000100094de       0x76 zephyr/libzephyr.a(mpsc_pbuf.c.obj)
                0x00000000100094de                mpsc_pbuf_init
 .text.free_space
                0x0000000010009554       0x58 zephyr/libzephyr.a(mpsc_pbuf.c.obj)
 .text.available
                0x00000000100095ac       0x4e zephyr/libzephyr.a(mpsc_pbuf.c.obj)
 .text.get_usage
                0x00000000100095fa       0x38 zephyr/libzephyr.a(mpsc_pbuf.c.obj)
 .text.max_utilization_update
                0x0000000010009632       0x40 zephyr/libzephyr.a(mpsc_pbuf.c.obj)
 .text.is_valid
                0x0000000010009672       0x26 zephyr/libzephyr.a(mpsc_pbuf.c.obj)
 .text.is_invalid
                0x0000000010009698       0x3a zephyr/libzephyr.a(mpsc_pbuf.c.obj)
 .text.idx_inc  0x00000000100096d2       0x4c zephyr/libzephyr.a(mpsc_pbuf.c.obj)
 .text.get_skip
                0x000000001000971e       0x3a zephyr/libzephyr.a(mpsc_pbuf.c.obj)
 .text.rd_idx_inc
                0x0000000010009758       0x32 zephyr/libzephyr.a(mpsc_pbuf.c.obj)
 .text.add_skip_item
                0x000000001000978a       0x8a zephyr/libzephyr.a(mpsc_pbuf.c.obj)
 .text.drop_item_locked
                0x0000000010009814      0x15c zephyr/libzephyr.a(mpsc_pbuf.c.obj)
 .text.post_drop_action
                0x0000000010009970       0x7e zephyr/libzephyr.a(mpsc_pbuf.c.obj)
 .text.mpsc_pbuf_alloc
                0x00000000100099ee      0x246 zephyr/libzephyr.a(mpsc_pbuf.c.obj)
                0x00000000100099ee                mpsc_pbuf_alloc
 .text.mpsc_pbuf_commit
                0x0000000010009c34       0x9a zephyr/libzephyr.a(mpsc_pbuf.c.obj)
                0x0000000010009c34                mpsc_pbuf_commit
 .text.mpsc_pbuf_claim
                0x0000000010009cce      0x132 zephyr/libzephyr.a(mpsc_pbuf.c.obj)
                0x0000000010009cce                mpsc_pbuf_claim
 .text.mpsc_pbuf_free
                0x0000000010009e00       0xf2 zephyr/libzephyr.a(mpsc_pbuf.c.obj)
                0x0000000010009e00                mpsc_pbuf_free
 .text.mpsc_pbuf_is_pending
                0x0000000010009ef2       0x28 zephyr/libzephyr.a(mpsc_pbuf.c.obj)
                0x0000000010009ef2                mpsc_pbuf_is_pending
 .text._ConfigAbsSyms
                0x0000000010009f1a        0xc zephyr/libzephyr.a(configs.c.obj)
                0x0000000010009f1a                _ConfigAbsSyms
 .text.z_arm_on_enter_cpu_idle
                0x0000000010009f26        0xe zephyr/libzephyr.a(soc.c.obj)
                0x0000000010009f26                z_arm_on_enter_cpu_idle
 .text.max32xxx_init
                0x0000000010009f34        0xe zephyr/libzephyr.a(soc.c.obj)
 .text.atomic_add
                0x0000000010009f42       0x32 zephyr/libzephyr.a(log_core.c.obj)
 .text.atomic_sub
                0x0000000010009f74       0x32 zephyr/libzephyr.a(log_core.c.obj)
 .text.atomic_inc
                0x0000000010009fa6       0x1a zephyr/libzephyr.a(log_core.c.obj)
 .text.atomic_dec
                0x0000000010009fc0       0x1a zephyr/libzephyr.a(log_core.c.obj)
 .text.atomic_set
                0x0000000010009fda       0x2e zephyr/libzephyr.a(log_core.c.obj)
 .text.k_is_user_context
                0x000000001000a008        0xe zephyr/libzephyr.a(log_core.c.obj)
 .text.z_log_msg_runtime_create
                0x000000001000a016       0x3c zephyr/libzephyr.a(log_core.c.obj)
 .text.z_log_item_is_msg
                0x000000001000a052       0x26 zephyr/libzephyr.a(log_core.c.obj)
 .text.log_msg_get_total_wlen
                0x000000001000a078       0x30 zephyr/libzephyr.a(log_core.c.obj)
 .text.log_msg_generic_get_wlen
                0x000000001000a0a8       0x32 zephyr/libzephyr.a(log_core.c.obj)
 .text.k_msleep
                0x000000001000a0da       0x58 zephyr/libzephyr.a(log_core.c.obj)
 .text.k_uptime_get
                0x000000001000a132       0x26 zephyr/libzephyr.a(log_core.c.obj)
 .text.k_uptime_get_32
                0x000000001000a158       0x12 zephyr/libzephyr.a(log_core.c.obj)
 .text.k_thread_create
                0x000000001000a16a       0x40 zephyr/libzephyr.a(log_core.c.obj)
 .text.k_sleep  0x000000001000a1aa       0x1c zephyr/libzephyr.a(log_core.c.obj)
 .text.k_thread_name_set
                0x000000001000a1c6       0x1c zephyr/libzephyr.a(log_core.c.obj)
 .text.k_timer_start
                0x000000001000a1e2       0x26 zephyr/libzephyr.a(log_core.c.obj)
 .text.k_timer_stop
                0x000000001000a208       0x16 zephyr/libzephyr.a(log_core.c.obj)
 .text.k_uptime_ticks
                0x000000001000a21e       0x12 zephyr/libzephyr.a(log_core.c.obj)
 .text.k_sem_take
                0x000000001000a230       0x20 zephyr/libzephyr.a(log_core.c.obj)
 .text.k_sem_give
                0x000000001000a250       0x16 zephyr/libzephyr.a(log_core.c.obj)
 .text.log_backend_init
                0x000000001000a266       0x24 zephyr/libzephyr.a(log_core.c.obj)
 .text.log_backend_is_ready
                0x000000001000a28a       0x2a zephyr/libzephyr.a(log_core.c.obj)
 .text.log_backend_msg_process
                0x000000001000a2b4       0x1e zephyr/libzephyr.a(log_core.c.obj)
 .text.log_backend_dropped
                0x000000001000a2d2       0x28 zephyr/libzephyr.a(log_core.c.obj)
 .text.log_backend_panic
                0x000000001000a2fa       0x1a zephyr/libzephyr.a(log_core.c.obj)
 .text.log_backend_is_active
                0x000000001000a314       0x18 zephyr/libzephyr.a(log_core.c.obj)
 .text.log_backend_notify
                0x000000001000a32c       0x2e zephyr/libzephyr.a(log_core.c.obj)
 .text.z_log_notify_drop
                0x000000001000a35a       0x18 zephyr/libzephyr.a(log_core.c.obj)
 .text.log_process
                0x000000001000a372        0xe zephyr/libzephyr.a(log_core.c.obj)
 .text.dummy_timestamp
                0x000000001000a380        0xe zephyr/libzephyr.a(log_core.c.obj)
 .text.z_log_vprintk
                0x000000001000a38e       0x2c zephyr/libzephyr.a(log_core.c.obj)
                0x000000001000a38e                z_log_vprintk
 .text.default_lf_get_timestamp
                0x000000001000a3ba        0xe zephyr/libzephyr.a(log_core.c.obj)
 .text.activate_foreach_backend
                0x000000001000a3c8       0x76 zephyr/libzephyr.a(log_core.c.obj)
 .text.msg_filter_check
                0x000000001000a43e       0x2a zephyr/libzephyr.a(log_core.c.obj)
 .text.z_log_unordered_pending
                0x000000001000a468        0xe zephyr/libzephyr.a(log_core.c.obj)
 .text.msg_alloc
                0x000000001000a476       0x28 zephyr/libzephyr.a(log_core.c.obj)
 .text.msg_commit
                0x000000001000a49e       0x22 zephyr/libzephyr.a(log_core.c.obj)
 .text.msg_free
                0x000000001000a4c0       0x1c zephyr/libzephyr.a(log_core.c.obj)
 .text.msg_pending
                0x000000001000a4dc       0x18 zephyr/libzephyr.a(log_core.c.obj)
 .text.z_log_get_tag
                0x000000001000a4f4        0xe zephyr/libzephyr.a(log_core.c.obj)
                0x000000001000a4f4                z_log_get_tag
 .text.z_log_is_local_domain
                0x000000001000a502       0x16 zephyr/libzephyr.a(log_mgmt.c.obj)
 .text.log_backend_id_set
                0x000000001000a518       0x1e zephyr/libzephyr.a(log_mgmt.c.obj)
 .text.log_backend_activate
                0x000000001000a536       0x24 zephyr/libzephyr.a(log_mgmt.c.obj)
 .text.log_link_sources_count
                0x000000001000a55a       0x20 zephyr/libzephyr.a(log_mgmt.c.obj)
 .text.log_link_get_source_name
                0x000000001000a57a       0x2e zephyr/libzephyr.a(log_mgmt.c.obj)
 .text.link_source_count
                0x000000001000a5a8       0x2e zephyr/libzephyr.a(log_mgmt.c.obj)
 .text.log_src_cnt_get
                0x000000001000a5d6       0x34 zephyr/libzephyr.a(log_mgmt.c.obj)
                0x000000001000a5d6                log_src_cnt_get
 .text.backend_filter_set
                0x000000001000a60a       0x14 zephyr/libzephyr.a(log_mgmt.c.obj)
 .text.log_backend_enable
                0x000000001000a61e       0x58 zephyr/libzephyr.a(log_mgmt.c.obj)
                0x000000001000a61e                log_backend_enable
 .text.z_snode_next_peek
                0x000000001000a676       0x16 zephyr/libzephyr.a(log_cache.c.obj)
 .text.z_snode_next_set
                0x000000001000a68c       0x1a zephyr/libzephyr.a(log_cache.c.obj)
 .text.z_slist_head_set
                0x000000001000a6a6       0x1a zephyr/libzephyr.a(log_cache.c.obj)
 .text.z_slist_tail_set
                0x000000001000a6c0       0x1a zephyr/libzephyr.a(log_cache.c.obj)
 .text.sys_slist_peek_head
                0x000000001000a6da       0x16 zephyr/libzephyr.a(log_cache.c.obj)
 .text.sys_slist_peek_tail
                0x000000001000a6f0       0x16 zephyr/libzephyr.a(log_cache.c.obj)
 .text.sys_slist_is_empty
                0x000000001000a706       0x22 zephyr/libzephyr.a(log_cache.c.obj)
 .text.sys_slist_peek_next_no_check
                0x000000001000a728       0x18 zephyr/libzephyr.a(log_cache.c.obj)
 .text.sys_slist_peek_next
                0x000000001000a740       0x22 zephyr/libzephyr.a(log_cache.c.obj)
 .text.sys_slist_prepend
                0x000000001000a762       0x44 zephyr/libzephyr.a(log_cache.c.obj)
 .text.sys_slist_get_not_empty
                0x000000001000a7a6       0x48 zephyr/libzephyr.a(log_cache.c.obj)
 .text.sys_slist_get
                0x000000001000a7ee       0x28 zephyr/libzephyr.a(log_cache.c.obj)
 .text.sys_slist_remove
                0x000000001000a816       0x76 zephyr/libzephyr.a(log_cache.c.obj)
 .text.log_cache_get
                0x000000001000a88c      0x106 zephyr/libzephyr.a(log_cache.c.obj)
                0x000000001000a88c                log_cache_get
 .text.log_cache_put
                0x000000001000a992       0x24 zephyr/libzephyr.a(log_cache.c.obj)
                0x000000001000a992                log_cache_put
 .text.k_is_user_context
                0x000000001000a9b6        0xe zephyr/libzephyr.a(log_msg.c.obj)
 .text.z_log_msg_runtime_create
                0x000000001000a9c4       0x3c zephyr/libzephyr.a(log_msg.c.obj)
 .text.log_msg_get_domain
                0x000000001000aa00       0x1c zephyr/libzephyr.a(log_msg.c.obj)
 .text.log_msg_get_source
                0x000000001000aa1c       0x16 zephyr/libzephyr.a(log_msg.c.obj)
 .text.z_log_is_local_domain
                0x000000001000aa32       0x16 zephyr/libzephyr.a(log_msg.c.obj)
 .text.z_log_msg_finalize
                0x000000001000aa48       0x5c zephyr/libzephyr.a(log_msg.c.obj)
                0x000000001000aa48                z_log_msg_finalize
 .text.log_msg_get_source_id
                0x000000001000aaa4       0x54 zephyr/libzephyr.a(log_msg.c.obj)
                0x000000001000aaa4                log_msg_get_source_id
 .text.atomic_add
                0x000000001000aaf8       0x32 zephyr/libzephyr.a(log_output.c.obj)
 .text.atomic_inc
                0x000000001000ab2a       0x1a zephyr/libzephyr.a(log_output.c.obj)
 .text.log_msg_get_domain
                0x000000001000ab44       0x1c zephyr/libzephyr.a(log_output.c.obj)
 .text.log_msg_get_level
                0x000000001000ab60       0x1c zephyr/libzephyr.a(log_output.c.obj)
 .text.log_msg_get_timestamp
                0x000000001000ab7c       0x16 zephyr/libzephyr.a(log_output.c.obj)
 .text.log_msg_get_tid
                0x000000001000ab92       0x14 zephyr/libzephyr.a(log_output.c.obj)
 .text.log_msg_get_data
                0x000000001000aba6       0x34 zephyr/libzephyr.a(log_output.c.obj)
 .text.log_msg_get_package
                0x000000001000abda       0x28 zephyr/libzephyr.a(log_output.c.obj)
 .text.out_func
                0x000000001000ac02       0x46 zephyr/libzephyr.a(log_output.c.obj)
 .text.cr_out_func
                0x000000001000ac48       0x2a zephyr/libzephyr.a(log_output.c.obj)
 .text.buffer_write
                0x000000001000ac72       0x3c zephyr/libzephyr.a(log_output.c.obj)
 .text.log_output_flush
                0x000000001000acae       0x32 zephyr/libzephyr.a(log_output.c.obj)
                0x000000001000acae                log_output_flush
 .text.color_prefix
                0x000000001000ace0       0x22 zephyr/libzephyr.a(log_output.c.obj)
 .text.color_postfix
                0x000000001000ad02       0x22 zephyr/libzephyr.a(log_output.c.obj)
 .text.log_msg_hexdump
                0x000000001000ad24       0x48 zephyr/libzephyr.a(log_output.c.obj)
 .text.postfix_print
                0x000000001000ad6c       0x38 zephyr/libzephyr.a(log_output.c.obj)
 .text.log_output_msg_process
                0x000000001000ada4       0xae zephyr/libzephyr.a(log_output.c.obj)
                0x000000001000ada4                log_output_msg_process
 .text.log_output_ctx_set
                0x000000001000ae52       0x1c zephyr/libzephyr.a(log_backend_uart.c.obj)
 .text.log_backend_std_get_flags
                0x000000001000ae6e       0x26 zephyr/libzephyr.a(log_backend_uart.c.obj)
 .text.log_backend_std_panic
                0x000000001000ae94       0x16 zephyr/libzephyr.a(log_backend_uart.c.obj)
 .text.log_backend_std_dropped
                0x000000001000aeaa       0x1a zephyr/libzephyr.a(log_backend_uart.c.obj)
 .text.z_impl_uart_poll_out
                0x000000001000aec4       0x26 zephyr/libzephyr.a(log_backend_uart.c.obj)
 .text.uart_poll_out
                0x000000001000aeea       0x1e zephyr/libzephyr.a(log_backend_uart.c.obj)
 .text.pm_device_runtime_get
                0x000000001000af08       0x14 zephyr/libzephyr.a(log_backend_uart.c.obj)
 .text.pm_device_runtime_put_async
                0x000000001000af1c       0x18 zephyr/libzephyr.a(log_backend_uart.c.obj)
 .text.process  0x000000001000af34       0x3e zephyr/libzephyr.a(log_backend_uart.c.obj)
 .text.format_set
                0x000000001000af72       0x2a zephyr/libzephyr.a(log_backend_uart.c.obj)
 .text.dropped  0x000000001000af9c       0x26 zephyr/libzephyr.a(log_backend_uart.c.obj)
 .text.MXC_GetLock
                0x000000001000afc2       0x4c zephyr/libzephyr.a(mxc_lock.c.obj)
                0x000000001000afc2                MXC_GetLock
 .text.MXC_FreeLock
                0x000000001000b00e       0x1e zephyr/libzephyr.a(mxc_lock.c.obj)
                0x000000001000b00e                MXC_FreeLock
 .text.MXC_SYS_SetClockDiv
                0x000000001000b02c       0x3e zephyr/libzephyr.a(sys_me15.c.obj)
                0x000000001000b02c                MXC_SYS_SetClockDiv
 .text.MXC_SYS_GetClockDiv
                0x000000001000b06a       0x1a zephyr/libzephyr.a(sys_me15.c.obj)
                0x000000001000b06a                MXC_SYS_GetClockDiv
 .text.MXC_UART_Common_WriteCharacter
                0x000000001000b084       0x2e zephyr/libzephyr.a(uart_common.c.obj)
                0x000000001000b084                MXC_UART_Common_WriteCharacter
 .text.MXC_UART_SetDataSize
                0x000000001000b0b2       0x1c zephyr/libzephyr.a(uart_me15.c.obj)
                0x000000001000b0b2                MXC_UART_SetDataSize
 .text.MXC_UART_SetStopBits
                0x000000001000b0ce       0x20 zephyr/libzephyr.a(uart_me15.c.obj)
                0x000000001000b0ce                MXC_UART_SetStopBits
 .text.MXC_UART_SetParity
                0x000000001000b0ee       0x20 zephyr/libzephyr.a(uart_me15.c.obj)
                0x000000001000b0ee                MXC_UART_SetParity
 .text.MXC_UART_GetActive
                0x000000001000b10e       0x18 zephyr/libzephyr.a(uart_me15.c.obj)
                0x000000001000b10e                MXC_UART_GetActive
 .text.MXC_UART_ReadCharacterRaw
                0x000000001000b126       0x18 zephyr/libzephyr.a(uart_me15.c.obj)
                0x000000001000b126                MXC_UART_ReadCharacterRaw
 .text.MXC_UART_WriteCharacterRaw
                0x000000001000b13e       0x20 zephyr/libzephyr.a(uart_me15.c.obj)
                0x000000001000b13e                MXC_UART_WriteCharacterRaw
 .text.MXC_UART_WriteCharacter
                0x000000001000b15e       0x20 zephyr/libzephyr.a(uart_me15.c.obj)
                0x000000001000b15e                MXC_UART_WriteCharacter
 .text.MXC_UART_ReadRXFIFO
                0x000000001000b17e       0x20 zephyr/libzephyr.a(uart_me15.c.obj)
                0x000000001000b17e                MXC_UART_ReadRXFIFO
 .text.MXC_UART_WriteTXFIFO
                0x000000001000b19e       0x20 zephyr/libzephyr.a(uart_me15.c.obj)
                0x000000001000b19e                MXC_UART_WriteTXFIFO
 .text.MXC_UART_GetTXFIFOAvailable
                0x000000001000b1be       0x18 zephyr/libzephyr.a(uart_me15.c.obj)
                0x000000001000b1be                MXC_UART_GetTXFIFOAvailable
 .text.MXC_UART_SetRXThreshold
                0x000000001000b1d6       0x1c zephyr/libzephyr.a(uart_me15.c.obj)
                0x000000001000b1d6                MXC_UART_SetRXThreshold
 .text.MXC_UART_GetFlags
                0x000000001000b1f2       0x18 zephyr/libzephyr.a(uart_me15.c.obj)
                0x000000001000b1f2                MXC_UART_GetFlags
 .text.MXC_UART_ClearFlags
                0x000000001000b20a       0x1c zephyr/libzephyr.a(uart_me15.c.obj)
                0x000000001000b20a                MXC_UART_ClearFlags
 .text.MXC_UART_EnableInt
                0x000000001000b226       0x1c zephyr/libzephyr.a(uart_me15.c.obj)
                0x000000001000b226                MXC_UART_EnableInt
 .text.MXC_UART_DisableInt
                0x000000001000b242       0x1c zephyr/libzephyr.a(uart_me15.c.obj)
                0x000000001000b242                MXC_UART_DisableInt
 .text.MXC_UART_GetStatus
                0x000000001000b25e       0x18 zephyr/libzephyr.a(uart_me15.c.obj)
                0x000000001000b25e                MXC_UART_GetStatus
 .text.MXC_UART_RevB_SetDataSize
                0x000000001000b276       0x44 zephyr/libzephyr.a(uart_revb.c.obj)
                0x000000001000b276                MXC_UART_RevB_SetDataSize
 .text.MXC_UART_RevB_SetStopBits
                0x000000001000b2ba       0x46 zephyr/libzephyr.a(uart_revb.c.obj)
                0x000000001000b2ba                MXC_UART_RevB_SetStopBits
 .text.MXC_UART_RevB_GetActive
                0x000000001000b300       0x26 zephyr/libzephyr.a(uart_revb.c.obj)
                0x000000001000b300                MXC_UART_RevB_GetActive
 .text.MXC_UART_RevB_ReadCharacterRaw
                0x000000001000b326       0x28 zephyr/libzephyr.a(uart_revb.c.obj)
                0x000000001000b326                MXC_UART_RevB_ReadCharacterRaw
 .text.MXC_UART_RevB_WriteCharacterRaw
                0x000000001000b34e       0x30 zephyr/libzephyr.a(uart_revb.c.obj)
                0x000000001000b34e                MXC_UART_RevB_WriteCharacterRaw
 .text.MXC_UART_RevB_ReadRXFIFO
                0x000000001000b37e       0x4a zephyr/libzephyr.a(uart_revb.c.obj)
                0x000000001000b37e                MXC_UART_RevB_ReadRXFIFO
 .text.MXC_UART_RevB_WriteTXFIFO
                0x000000001000b3c8       0x4a zephyr/libzephyr.a(uart_revb.c.obj)
                0x000000001000b3c8                MXC_UART_RevB_WriteTXFIFO
 .text.MXC_UART_RevB_GetTXFIFOAvailable
                0x000000001000b412       0x24 zephyr/libzephyr.a(uart_revb.c.obj)
                0x000000001000b412                MXC_UART_RevB_GetTXFIFOAvailable
 .text.MXC_UART_RevB_SetRXThreshold
                0x000000001000b436       0x3c zephyr/libzephyr.a(uart_revb.c.obj)
                0x000000001000b436                MXC_UART_RevB_SetRXThreshold
 .text.MXC_UART_RevB_GetFlags
                0x000000001000b472       0x16 zephyr/libzephyr.a(uart_revb.c.obj)
                0x000000001000b472                MXC_UART_RevB_GetFlags
 .text.MXC_UART_RevB_ClearFlags
                0x000000001000b488       0x1c zephyr/libzephyr.a(uart_revb.c.obj)
                0x000000001000b488                MXC_UART_RevB_ClearFlags
 .text.MXC_UART_RevB_EnableInt
                0x000000001000b4a4       0x22 zephyr/libzephyr.a(uart_revb.c.obj)
                0x000000001000b4a4                MXC_UART_RevB_EnableInt
 .text.MXC_UART_RevB_DisableInt
                0x000000001000b4c6       0x24 zephyr/libzephyr.a(uart_revb.c.obj)
                0x000000001000b4c6                MXC_UART_RevB_DisableInt
 .text.MXC_UART_RevB_GetStatus
                0x000000001000b4ea       0x16 zephyr/libzephyr.a(uart_revb.c.obj)
                0x000000001000b4ea                MXC_UART_RevB_GetStatus
 .text.MXC_GPIO_Config
                0x000000001000b500       0xc4 zephyr/libzephyr.a(gpio_me15.c.obj)
                0x000000001000b500                MXC_GPIO_Config
 .text.MXC_GPIO_InGet
                0x000000001000b5c4       0x1c zephyr/libzephyr.a(gpio_me15.c.obj)
                0x000000001000b5c4                MXC_GPIO_InGet
 .text.MXC_GPIO_OutSet
                0x000000001000b5e0       0x1a zephyr/libzephyr.a(gpio_me15.c.obj)
                0x000000001000b5e0                MXC_GPIO_OutSet
 .text.MXC_GPIO_OutClr
                0x000000001000b5fa       0x1a zephyr/libzephyr.a(gpio_me15.c.obj)
                0x000000001000b5fa                MXC_GPIO_OutClr
 .text.MXC_GPIO_OutPut
                0x000000001000b614       0x1e zephyr/libzephyr.a(gpio_me15.c.obj)
                0x000000001000b614                MXC_GPIO_OutPut
 .text.MXC_GPIO_OutToggle
                0x000000001000b632       0x1a zephyr/libzephyr.a(gpio_me15.c.obj)
                0x000000001000b632                MXC_GPIO_OutToggle
 .text.MXC_GPIO_IntConfig
                0x000000001000b64c       0x20 zephyr/libzephyr.a(gpio_me15.c.obj)
                0x000000001000b64c                MXC_GPIO_IntConfig
 .text.MXC_GPIO_EnableInt
                0x000000001000b66c       0x1a zephyr/libzephyr.a(gpio_me15.c.obj)
                0x000000001000b66c                MXC_GPIO_EnableInt
 .text.MXC_GPIO_DisableInt
                0x000000001000b686       0x1a zephyr/libzephyr.a(gpio_me15.c.obj)
                0x000000001000b686                MXC_GPIO_DisableInt
 .text.MXC_GPIO_ClearFlags
                0x000000001000b6a0       0x1a zephyr/libzephyr.a(gpio_me15.c.obj)
                0x000000001000b6a0                MXC_GPIO_ClearFlags
 .text.MXC_GPIO_GetFlags
                0x000000001000b6ba       0x18 zephyr/libzephyr.a(gpio_me15.c.obj)
                0x000000001000b6ba                MXC_GPIO_GetFlags
 .text.MXC_GPIO_SetDriveStrength
                0x000000001000b6d2       0x24 zephyr/libzephyr.a(gpio_me15.c.obj)
                0x000000001000b6d2                MXC_GPIO_SetDriveStrength
 .text.MXC_GPIO_RevA_InGet
                0x000000001000b6f6       0x1c zephyr/libzephyr.a(gpio_reva.c.obj)
                0x000000001000b6f6                MXC_GPIO_RevA_InGet
 .text.MXC_GPIO_RevA_OutSet
                0x000000001000b712       0x1a zephyr/libzephyr.a(gpio_reva.c.obj)
                0x000000001000b712                MXC_GPIO_RevA_OutSet
 .text.MXC_GPIO_RevA_OutClr
                0x000000001000b72c       0x1a zephyr/libzephyr.a(gpio_reva.c.obj)
                0x000000001000b72c                MXC_GPIO_RevA_OutClr
 .text.MXC_GPIO_RevA_OutPut
                0x000000001000b746       0x2c zephyr/libzephyr.a(gpio_reva.c.obj)
                0x000000001000b746                MXC_GPIO_RevA_OutPut
 .text.MXC_GPIO_RevA_OutToggle
                0x000000001000b772       0x20 zephyr/libzephyr.a(gpio_reva.c.obj)
                0x000000001000b772                MXC_GPIO_RevA_OutToggle
 .text.MXC_GPIO_RevA_EnableInt
                0x000000001000b792       0x1a zephyr/libzephyr.a(gpio_reva.c.obj)
                0x000000001000b792                MXC_GPIO_RevA_EnableInt
 .text.MXC_GPIO_RevA_DisableInt
                0x000000001000b7ac       0x1a zephyr/libzephyr.a(gpio_reva.c.obj)
                0x000000001000b7ac                MXC_GPIO_RevA_DisableInt
 .text.MXC_GPIO_RevA_ClearFlags
                0x000000001000b7c6       0x1a zephyr/libzephyr.a(gpio_reva.c.obj)
                0x000000001000b7c6                MXC_GPIO_RevA_ClearFlags
 .text.MXC_GPIO_RevA_GetFlags
                0x000000001000b7e0       0x16 zephyr/libzephyr.a(gpio_reva.c.obj)
                0x000000001000b7e0                MXC_GPIO_RevA_GetFlags
 .text.MXC_SPI_SetFrequency
                0x000000001000b7f6       0x1c zephyr/libzephyr.a(spi_me15.c.obj)
                0x000000001000b7f6                MXC_SPI_SetFrequency
 .text.MXC_SPI_SetDataSize
                0x000000001000b812       0x1c zephyr/libzephyr.a(spi_me15.c.obj)
                0x000000001000b812                MXC_SPI_SetDataSize
 .text.MXC_SPI_GetDataSize
                0x000000001000b82e       0x18 zephyr/libzephyr.a(spi_me15.c.obj)
                0x000000001000b82e                MXC_SPI_GetDataSize
 .text.MXC_SPI_SetSlave
                0x000000001000b846       0x1c zephyr/libzephyr.a(spi_me15.c.obj)
                0x000000001000b846                MXC_SPI_SetSlave
 .text.MXC_SPI_SetMode
                0x000000001000b862       0x20 zephyr/libzephyr.a(spi_me15.c.obj)
                0x000000001000b862                MXC_SPI_SetMode
 .text.MXC_SPI_ReadRXFIFO
                0x000000001000b882       0x20 zephyr/libzephyr.a(spi_me15.c.obj)
                0x000000001000b882                MXC_SPI_ReadRXFIFO
 .text.MXC_SPI_GetRXFIFOAvailable
                0x000000001000b8a2       0x18 zephyr/libzephyr.a(spi_me15.c.obj)
                0x000000001000b8a2                MXC_SPI_GetRXFIFOAvailable
 .text.MXC_SPI_WriteTXFIFO
                0x000000001000b8ba       0x20 zephyr/libzephyr.a(spi_me15.c.obj)
                0x000000001000b8ba                MXC_SPI_WriteTXFIFO
 .text.MXC_SPI_GetTXFIFOAvailable
                0x000000001000b8da       0x18 zephyr/libzephyr.a(spi_me15.c.obj)
                0x000000001000b8da                MXC_SPI_GetTXFIFOAvailable
 .text.MXC_SPI_ClearRXFIFO
                0x000000001000b8f2       0x16 zephyr/libzephyr.a(spi_me15.c.obj)
                0x000000001000b8f2                MXC_SPI_ClearRXFIFO
 .text.MXC_SPI_ClearTXFIFO
                0x000000001000b908       0x16 zephyr/libzephyr.a(spi_me15.c.obj)
                0x000000001000b908                MXC_SPI_ClearTXFIFO
 .text.MXC_SPI_GetFlags
                0x000000001000b91e       0x18 zephyr/libzephyr.a(spi_me15.c.obj)
                0x000000001000b91e                MXC_SPI_GetFlags
 .text.MXC_SPI_ClearFlags
                0x000000001000b936       0x16 zephyr/libzephyr.a(spi_me15.c.obj)
                0x000000001000b936                MXC_SPI_ClearFlags
 .text.MXC_SPI_HWSSControl
                0x000000001000b94c       0x1a zephyr/libzephyr.a(spi_me15.c.obj)
                0x000000001000b94c                MXC_SPI_HWSSControl
 .text.MXC_SPI_RevA1_GetDataSize
                0x000000001000b966       0x2c zephyr/libzephyr.a(spi_reva1.c.obj)
                0x000000001000b966                MXC_SPI_RevA1_GetDataSize
 .text.MXC_SPI_RevA1_ReadRXFIFO
                0x000000001000b992       0xc4 zephyr/libzephyr.a(spi_reva1.c.obj)
                0x000000001000b992                MXC_SPI_RevA1_ReadRXFIFO
 .text.MXC_SPI_RevA1_GetRXFIFOAvailable
                0x000000001000ba56       0x1c zephyr/libzephyr.a(spi_reva1.c.obj)
                0x000000001000ba56                MXC_SPI_RevA1_GetRXFIFOAvailable
 .text.MXC_SPI_RevA1_WriteTXFIFO
                0x000000001000ba72       0xbc zephyr/libzephyr.a(spi_reva1.c.obj)
                0x000000001000ba72                MXC_SPI_RevA1_WriteTXFIFO
 .text.MXC_SPI_RevA1_GetTXFIFOAvailable
                0x000000001000bb2e       0x20 zephyr/libzephyr.a(spi_reva1.c.obj)
                0x000000001000bb2e                MXC_SPI_RevA1_GetTXFIFOAvailable
 .text.MXC_SPI_RevA1_ClearRXFIFO
                0x000000001000bb4e       0x1e zephyr/libzephyr.a(spi_reva1.c.obj)
                0x000000001000bb4e                MXC_SPI_RevA1_ClearRXFIFO
 .text.MXC_SPI_RevA1_ClearTXFIFO
                0x000000001000bb6c       0x1e zephyr/libzephyr.a(spi_reva1.c.obj)
                0x000000001000bb6c                MXC_SPI_RevA1_ClearTXFIFO
 .text.MXC_SPI_RevA1_GetFlags
                0x000000001000bb8a       0x16 zephyr/libzephyr.a(spi_reva1.c.obj)
                0x000000001000bb8a                MXC_SPI_RevA1_GetFlags
 .text.MXC_SPI_RevA1_ClearFlags
                0x000000001000bba0       0x1a zephyr/libzephyr.a(spi_reva1.c.obj)
                0x000000001000bba0                MXC_SPI_RevA1_ClearFlags
 .text.k_is_user_context
                0x000000001000bbba        0xe zephyr/arch/arch/arm/core/libarch__arm__core.a(fatal.c.obj)
 .text.z_log_msg_runtime_create
                0x000000001000bbc8       0x3c zephyr/arch/arch/arm/core/libarch__arm__core.a(fatal.c.obj)
 .text.z_do_kernel_oops
                0x000000001000bc04       0x20 zephyr/arch/arch/arm/core/libarch__arm__core.a(fatal.c.obj)
                0x000000001000bc04                z_do_kernel_oops
 .text.z_arm_nmi
                0x000000001000bc24       0x10 zephyr/arch/arch/arm/core/libarch__arm__core.a(nmi.c.obj)
                0x000000001000bc24                z_arm_nmi
 .text.arch_tls_stack_setup
                0x000000001000bc34       0x3a zephyr/arch/arch/arm/core/libarch__arm__core.a(tls.c.obj)
                0x000000001000bc34                arch_tls_stack_setup
 .text.k_is_user_context
                0x000000001000bc6e        0xe zephyr/arch/arch/arm/core/cortex_m/libarch__arm__core__cortex_m.a(fault.c.obj)
 .text.z_log_msg_runtime_create
                0x000000001000bc7c       0x3c zephyr/arch/arch/arm/core/cortex_m/libarch__arm__core__cortex_m.a(fault.c.obj)
 .text.fault_show
                0x000000001000bcb8       0x14 zephyr/arch/arch/arm/core/cortex_m/libarch__arm__core__cortex_m.a(fault.c.obj)
 .text.memory_fault_recoverable
                0x000000001000bccc       0x18 zephyr/arch/arch/arm/core/cortex_m/libarch__arm__core__cortex_m.a(fault.c.obj)
 .text.arch_irq_enable
                0x000000001000bce4       0x1a zephyr/arch/arch/arm/core/cortex_m/libarch__arm__core__cortex_m.a(irq_manage.c.obj)
                0x000000001000bce4                arch_irq_enable
 .text.z_arm_irq_priority_set
                0x000000001000bcfe       0x26 zephyr/arch/arch/arm/core/cortex_m/libarch__arm__core__cortex_m.a(irq_manage.c.obj)
                0x000000001000bcfe                z_arm_irq_priority_set
 .text.z_irq_spurious
                0x000000001000bd24       0x18 zephyr/arch/arch/arm/core/cortex_m/libarch__arm__core__cortex_m.a(irq_manage.c.obj)
                0x000000001000bd24                z_irq_spurious
 .text.z_prep_c
                0x000000001000bd3c       0x1c zephyr/arch/arch/arm/core/cortex_m/libarch__arm__core__cortex_m.a(prep_c.c.obj)
                0x000000001000bd3c                z_prep_c
 .text.z_arm_prepare_switch_to_main
                0x000000001000bd58        0xc zephyr/arch/arch/arm/core/cortex_m/libarch__arm__core__cortex_m.a(thread.c.obj)
 .text.arch_irq_unlock_outlined
                0x000000001000bd64       0x32 zephyr/arch/arch/arm/core/cortex_m/libarch__arm__core__cortex_m.a(thread.c.obj)
                0x000000001000bd64                arch_irq_unlock_outlined
 .text.arch_cpu_idle
                0x000000001000bd96       0x40 zephyr/arch/arch/arm/core/cortex_m/libarch__arm__core__cortex_m.a(cpu_idle.c.obj)
                0x000000001000bd96                arch_cpu_idle
 .text.z_arm_interrupt_init
                0x000000001000bdd6       0x2e zephyr/arch/arch/arm/core/cortex_m/libarch__arm__core__cortex_m.a(irq_init.c.obj)
                0x000000001000bdd6                z_arm_interrupt_init
 .text.zephyr_fputc
                0x000000001000be04       0x1c zephyr/lib/libc/picolibc/liblib__libc__picolibc.a(libc-hooks.c.obj)
 .text.picolibc_put
                0x000000001000be20       0x20 zephyr/lib/libc/picolibc/liblib__libc__picolibc.a(libc-hooks.c.obj)
 .text.cbputc   0x000000001000be40       0x28 zephyr/lib/libc/picolibc/liblib__libc__picolibc.a(libc-hooks.c.obj)
 .text.Wrap_MXC_SYS_SetClockDiv
                0x000000001000be68       0x1a zephyr/drivers/clock_control/libdrivers__clock_control.a(clock_control_max32.c.obj)
 .text.api_on   0x000000001000be82       0x66 zephyr/drivers/clock_control/libdrivers__clock_control.a(clock_control_max32.c.obj)
 .text.api_off  0x000000001000bee8       0x66 zephyr/drivers/clock_control/libdrivers__clock_control.a(clock_control_max32.c.obj)
 .text.setup_fixed_clocks
                0x000000001000bf4e        0xe zephyr/drivers/clock_control/libdrivers__clock_control.a(clock_control_max32.c.obj)
 .text.max32_clkctrl_init
                0x000000001000bf5c       0x22 zephyr/drivers/clock_control/libdrivers__clock_control.a(clock_control_max32.c.obj)
 .text.device_is_ready
                0x000000001000bf7e       0x18 zephyr/drivers/console/libdrivers__console.a(uart_console.c.obj)
 .text.z_impl_uart_poll_out
                0x000000001000bf96       0x26 zephyr/drivers/console/libdrivers__console.a(uart_console.c.obj)
 .text.uart_poll_out
                0x000000001000bfbc       0x1e zephyr/drivers/console/libdrivers__console.a(uart_console.c.obj)
 .text.pm_device_runtime_get
                0x000000001000bfda       0x14 zephyr/drivers/console/libdrivers__console.a(uart_console.c.obj)
 .text.pm_device_runtime_put_async
                0x000000001000bfee       0x18 zephyr/drivers/console/libdrivers__console.a(uart_console.c.obj)
 .text.k_is_user_context
                0x000000001000c006        0xe zephyr/drivers/gpio/libdrivers__gpio.a(gpio_max32.c.obj)
 .text.z_snode_next_peek
                0x000000001000c014       0x16 zephyr/drivers/gpio/libdrivers__gpio.a(gpio_max32.c.obj)
 .text.z_snode_next_set
                0x000000001000c02a       0x1a zephyr/drivers/gpio/libdrivers__gpio.a(gpio_max32.c.obj)
 .text.z_slist_head_set
                0x000000001000c044       0x1a zephyr/drivers/gpio/libdrivers__gpio.a(gpio_max32.c.obj)
 .text.z_slist_tail_set
                0x000000001000c05e       0x1a zephyr/drivers/gpio/libdrivers__gpio.a(gpio_max32.c.obj)
 .text.sys_slist_peek_head
                0x000000001000c078       0x16 zephyr/drivers/gpio/libdrivers__gpio.a(gpio_max32.c.obj)
 .text.sys_slist_peek_tail
                0x000000001000c08e       0x16 zephyr/drivers/gpio/libdrivers__gpio.a(gpio_max32.c.obj)
 .text.sys_slist_is_empty
                0x000000001000c0a4       0x22 zephyr/drivers/gpio/libdrivers__gpio.a(gpio_max32.c.obj)
 .text.sys_slist_peek_next_no_check
                0x000000001000c0c6       0x18 zephyr/drivers/gpio/libdrivers__gpio.a(gpio_max32.c.obj)
 .text.sys_slist_peek_next
                0x000000001000c0de       0x22 zephyr/drivers/gpio/libdrivers__gpio.a(gpio_max32.c.obj)
 .text.sys_slist_prepend
                0x000000001000c100       0x44 zephyr/drivers/gpio/libdrivers__gpio.a(gpio_max32.c.obj)
 .text.sys_slist_remove
                0x000000001000c144       0x76 zephyr/drivers/gpio/libdrivers__gpio.a(gpio_max32.c.obj)
 .text.sys_slist_find_and_remove
                0x000000001000c1ba       0x4a zephyr/drivers/gpio/libdrivers__gpio.a(gpio_max32.c.obj)
 .text.clock_control_on
                0x000000001000c204       0x24 zephyr/drivers/gpio/libdrivers__gpio.a(gpio_max32.c.obj)
 .text.gpio_manage_callback
                0x000000001000c228       0x74 zephyr/drivers/gpio/libdrivers__gpio.a(gpio_max32.c.obj)
 .text.gpio_fire_callbacks
                0x000000001000c29c       0xaa zephyr/drivers/gpio/libdrivers__gpio.a(gpio_max32.c.obj)
 .text.z_log_msg_runtime_create
                0x000000001000c346       0x3c zephyr/drivers/gpio/libdrivers__gpio.a(gpio_max32.c.obj)
 .text.api_port_get_raw
                0x000000001000c382       0x2e zephyr/drivers/gpio/libdrivers__gpio.a(gpio_max32.c.obj)
 .text.api_port_set_masked_raw
                0x000000001000c3b0       0x2a zephyr/drivers/gpio/libdrivers__gpio.a(gpio_max32.c.obj)
 .text.api_port_set_bits_raw
                0x000000001000c3da       0x26 zephyr/drivers/gpio/libdrivers__gpio.a(gpio_max32.c.obj)
 .text.api_port_clear_bits_raw
                0x000000001000c400       0x26 zephyr/drivers/gpio/libdrivers__gpio.a(gpio_max32.c.obj)
 .text.api_port_toggle_bits
                0x000000001000c426       0x26 zephyr/drivers/gpio/libdrivers__gpio.a(gpio_max32.c.obj)
 .text.api_pin_configure
                0x000000001000c44c      0x156 zephyr/drivers/gpio/libdrivers__gpio.a(gpio_max32.c.obj)
 .text.api_pin_interrupt_configure
                0x000000001000c5a2      0x122 zephyr/drivers/gpio/libdrivers__gpio.a(gpio_max32.c.obj)
 .text.api_manage_callback
                0x000000001000c6c4       0x2c zephyr/drivers/gpio/libdrivers__gpio.a(gpio_max32.c.obj)
 .text.gpio_max32_isr
                0x000000001000c6f0       0x46 zephyr/drivers/gpio/libdrivers__gpio.a(gpio_max32.c.obj)
 .text.gpio_max32_irq_init_0
                0x000000001000c736       0x16 zephyr/drivers/gpio/libdrivers__gpio.a(gpio_max32.c.obj)
 .text.gpio_max32_irq_init_1
                0x000000001000c74c       0x16 zephyr/drivers/gpio/libdrivers__gpio.a(gpio_max32.c.obj)
 .text.pinctrl_lookup_state
                0x000000001000c762       0x56 zephyr/drivers/pinctrl/libdrivers__pinctrl.a(common.c.obj)
                0x000000001000c762                pinctrl_lookup_state
 .text.pinctrl_configure_pins
                0x000000001000c7b8       0x48 zephyr/drivers/pinctrl/libdrivers__pinctrl.a(pinctrl_max32.c.obj)
                0x000000001000c7b8                pinctrl_configure_pins
 .text.k_is_user_context
                0x000000001000c800        0xe zephyr/drivers/serial/libdrivers__serial.a(uart_max32.c.obj)
 .text.device_is_ready
                0x000000001000c80e       0x18 zephyr/drivers/serial/libdrivers__serial.a(uart_max32.c.obj)
 .text.pinctrl_apply_state_direct
                0x000000001000c826       0x28 zephyr/drivers/serial/libdrivers__serial.a(uart_max32.c.obj)
 .text.pinctrl_apply_state
                0x000000001000c84e       0x3a zephyr/drivers/serial/libdrivers__serial.a(uart_max32.c.obj)
 .text.z_log_msg_runtime_create
                0x000000001000c888       0x3c zephyr/drivers/serial/libdrivers__serial.a(uart_max32.c.obj)
 .text.clock_control_on
                0x000000001000c8c4       0x24 zephyr/drivers/serial/libdrivers__serial.a(uart_max32.c.obj)
 .text.Wrap_MXC_UART_Init
                0x000000001000c8e8       0x1c zephyr/drivers/serial/libdrivers__serial.a(uart_max32.c.obj)
 .text.Wrap_MXC_UART_SetFrequency
                0x000000001000c904       0x24 zephyr/drivers/serial/libdrivers__serial.a(uart_max32.c.obj)
 .text.Wrap_MXC_UART_GetRegINTEN
                0x000000001000c928       0x16 zephyr/drivers/serial/libdrivers__serial.a(uart_max32.c.obj)
 .text.api_poll_out
                0x000000001000c93e       0x28 zephyr/drivers/serial/libdrivers__serial.a(uart_max32.c.obj)
 .text.api_poll_in
                0x000000001000c966       0x3a zephyr/drivers/serial/libdrivers__serial.a(uart_max32.c.obj)
 .text.api_err_check
                0x000000001000c9a0       0x5e zephyr/drivers/serial/libdrivers__serial.a(uart_max32.c.obj)
 .text.api_config_get
                0x000000001000c9fe       0x2a zephyr/drivers/serial/libdrivers__serial.a(uart_max32.c.obj)
 .text.api_fifo_fill
                0x000000001000ca28       0x30 zephyr/drivers/serial/libdrivers__serial.a(uart_max32.c.obj)
 .text.api_fifo_read
                0x000000001000ca58       0x42 zephyr/drivers/serial/libdrivers__serial.a(uart_max32.c.obj)
 .text.api_irq_tx_enable
                0x000000001000ca9a       0x60 zephyr/drivers/serial/libdrivers__serial.a(uart_max32.c.obj)
 .text.api_irq_tx_disable
                0x000000001000cafa       0x22 zephyr/drivers/serial/libdrivers__serial.a(uart_max32.c.obj)
 .text.api_irq_tx_ready
                0x000000001000cb1c       0x44 zephyr/drivers/serial/libdrivers__serial.a(uart_max32.c.obj)
 .text.api_irq_rx_enable
                0x000000001000cb60       0x22 zephyr/drivers/serial/libdrivers__serial.a(uart_max32.c.obj)
 .text.api_irq_rx_disable
                0x000000001000cb82       0x22 zephyr/drivers/serial/libdrivers__serial.a(uart_max32.c.obj)
 .text.api_irq_tx_complete
                0x000000001000cba4       0x2e zephyr/drivers/serial/libdrivers__serial.a(uart_max32.c.obj)
 .text.api_irq_rx_ready
                0x000000001000cbd2       0x44 zephyr/drivers/serial/libdrivers__serial.a(uart_max32.c.obj)
 .text.api_irq_err_enable
                0x000000001000cc16       0x22 zephyr/drivers/serial/libdrivers__serial.a(uart_max32.c.obj)
 .text.api_irq_err_disable
                0x000000001000cc38       0x22 zephyr/drivers/serial/libdrivers__serial.a(uart_max32.c.obj)
 .text.api_irq_is_pending
                0x000000001000cc5a       0x20 zephyr/drivers/serial/libdrivers__serial.a(uart_max32.c.obj)
 .text.api_irq_update
                0x000000001000cc7a       0x4e zephyr/drivers/serial/libdrivers__serial.a(uart_max32.c.obj)
 .text.api_irq_callback_set
                0x000000001000ccc8       0x28 zephyr/drivers/serial/libdrivers__serial.a(uart_max32.c.obj)
 .text.uart_max32_isr
                0x000000001000ccf0       0x2c zephyr/drivers/serial/libdrivers__serial.a(uart_max32.c.obj)
 .text.uart_max32_irq_init_0
                0x000000001000cd1c       0x1e zephyr/drivers/serial/libdrivers__serial.a(uart_max32.c.obj)
 .text.k_is_user_context
                0x000000001000cd3a        0xe zephyr/drivers/spi/libdrivers__spi.a(spi_max32.c.obj)
 .text.device_is_ready
                0x000000001000cd48       0x18 zephyr/drivers/spi/libdrivers__spi.a(spi_max32.c.obj)
 .text.pinctrl_apply_state_direct
                0x000000001000cd60       0x28 zephyr/drivers/spi/libdrivers__spi.a(spi_max32.c.obj)
 .text.pinctrl_apply_state
                0x000000001000cd88       0x3a zephyr/drivers/spi/libdrivers__spi.a(spi_max32.c.obj)
 .text.z_impl_gpio_pin_configure
                0x000000001000cdc2       0x96 zephyr/drivers/spi/libdrivers__spi.a(spi_max32.c.obj)
 .text.gpio_pin_configure_dt
                0x000000001000ce58       0x2c zephyr/drivers/spi/libdrivers__spi.a(spi_max32.c.obj)
 .text.z_impl_gpio_port_set_bits_raw
                0x000000001000ce84       0x24 zephyr/drivers/spi/libdrivers__spi.a(spi_max32.c.obj)
 .text.z_impl_gpio_port_clear_bits_raw
                0x000000001000cea8       0x24 zephyr/drivers/spi/libdrivers__spi.a(spi_max32.c.obj)
 .text.gpio_pin_set_raw
                0x000000001000cecc       0x4a zephyr/drivers/spi/libdrivers__spi.a(spi_max32.c.obj)
 .text.gpio_pin_set
                0x000000001000cf16       0x50 zephyr/drivers/spi/libdrivers__spi.a(spi_max32.c.obj)
 .text.gpio_pin_set_dt
                0x000000001000cf66       0x24 zephyr/drivers/spi/libdrivers__spi.a(spi_max32.c.obj)
 .text.gpio_pin_configure
                0x000000001000cf8a       0x24 zephyr/drivers/spi/libdrivers__spi.a(spi_max32.c.obj)
 .text.gpio_port_set_bits_raw
                0x000000001000cfae       0x1c zephyr/drivers/spi/libdrivers__spi.a(spi_max32.c.obj)
 .text.gpio_port_clear_bits_raw
                0x000000001000cfca       0x1c zephyr/drivers/spi/libdrivers__spi.a(spi_max32.c.obj)
 .text.z_impl_k_sem_count_get
                0x000000001000cfe6       0x16 zephyr/drivers/spi/libdrivers__spi.a(spi_max32.c.obj)
 .text.k_busy_wait
                0x000000001000cffc       0x16 zephyr/drivers/spi/libdrivers__spi.a(spi_max32.c.obj)
 .text.k_sem_take
                0x000000001000d012       0x20 zephyr/drivers/spi/libdrivers__spi.a(spi_max32.c.obj)
 .text.k_sem_give
                0x000000001000d032       0x16 zephyr/drivers/spi/libdrivers__spi.a(spi_max32.c.obj)
 .text.k_sem_count_get
                0x000000001000d048       0x18 zephyr/drivers/spi/libdrivers__spi.a(spi_max32.c.obj)
 .text.spi_cs_is_gpio
                0x000000001000d060       0x20 zephyr/drivers/spi/libdrivers__spi.a(spi_max32.c.obj)
 .text.clock_control_on
                0x000000001000d080       0x24 zephyr/drivers/spi/libdrivers__spi.a(spi_max32.c.obj)
 .text.z_log_msg_runtime_create
                0x000000001000d0a4       0x3c zephyr/drivers/spi/libdrivers__spi.a(spi_max32.c.obj)
 .text.Wrap_MXC_SPI_Init
                0x000000001000d0e0       0x2c zephyr/drivers/spi/libdrivers__spi.a(spi_max32.c.obj)
 .text.spi_context_configured
                0x000000001000d10c       0x24 zephyr/drivers/spi/libdrivers__spi.a(spi_max32.c.obj)
 .text.spi_context_lock
                0x000000001000d130       0x58 zephyr/drivers/spi/libdrivers__spi.a(spi_max32.c.obj)
 .text.spi_context_release
                0x000000001000d188       0x30 zephyr/drivers/spi/libdrivers__spi.a(spi_max32.c.obj)
 .text._spi_context_cs_control
                0x000000001000d1b8       0x88 zephyr/drivers/spi/libdrivers__spi.a(spi_max32.c.obj)
 .text.spi_context_cs_control
                0x000000001000d240       0x20 zephyr/drivers/spi/libdrivers__spi.a(spi_max32.c.obj)
 .text.spi_context_unlock_unconditionally
                0x000000001000d260       0x3a zephyr/drivers/spi/libdrivers__spi.a(spi_max32.c.obj)
 .text.spi_context_get_next_buf
                0x000000001000d29a       0x64 zephyr/drivers/spi/libdrivers__spi.a(spi_max32.c.obj)
 .text.spi_context_max_continuous_chunk
                0x000000001000d2fe       0x3c zephyr/drivers/spi/libdrivers__spi.a(spi_max32.c.obj)
 .text.spi_configure
                0x000000001000d33a      0x11a zephyr/drivers/spi/libdrivers__spi.a(spi_max32.c.obj)
 .text.spi_max32_get_dfs_shift
                0x000000001000d454       0x28 zephyr/drivers/spi/libdrivers__spi.a(spi_max32.c.obj)
 .text.spi_max32_setup
                0x000000001000d47c       0xdc zephyr/drivers/spi/libdrivers__spi.a(spi_max32.c.obj)
 .text.spi_max32_transceive_sync
                0x000000001000d558      0x116 zephyr/drivers/spi/libdrivers__spi.a(spi_max32.c.obj)
 .text.transceive
                0x000000001000d66e      0x15a zephyr/drivers/spi/libdrivers__spi.a(spi_max32.c.obj)
 .text.api_transceive
                0x000000001000d7c8       0x30 zephyr/drivers/spi/libdrivers__spi.a(spi_max32.c.obj)
 .text.api_release
                0x000000001000d7f8       0x3e zephyr/drivers/spi/libdrivers__spi.a(spi_max32.c.obj)
 .text.spi_max32_init
                0x000000001000d836       0xa0 zephyr/drivers/spi/libdrivers__spi.a(spi_max32.c.obj)
 .text.device_is_ready
                0x000000001000d8d6       0x18 modules/ad74416h/drivers/ad74416h/lib..__modules__ad74416h__drivers__ad74416h.a(ad74416h.c.obj)
 .text.k_busy_wait
                0x000000001000d8ee       0x16 modules/ad74416h/drivers/ad74416h/lib..__modules__ad74416h__drivers__ad74416h.a(ad74416h.c.obj)
 .text.z_impl_spi_transceive
                0x000000001000d904       0x2e modules/ad74416h/drivers/ad74416h/lib..__modules__ad74416h__drivers__ad74416h.a(ad74416h.c.obj)
 .text.spi_transceive_dt
                0x000000001000d932       0x26 modules/ad74416h/drivers/ad74416h/lib..__modules__ad74416h__drivers__ad74416h.a(ad74416h.c.obj)
 .text.spi_transceive
                0x000000001000d958       0x24 modules/ad74416h/drivers/ad74416h/lib..__modules__ad74416h__drivers__ad74416h.a(ad74416h.c.obj)
 .text.ad74416h_reg_access_write
                0x000000001000d97c       0x76 modules/ad74416h/drivers/ad74416h/lib..__modules__ad74416h__drivers__ad74416h.a(ad74416h.c.obj)
 .text.ad74416h_reg_write
                0x000000001000d9f2       0x30 modules/ad74416h/drivers/ad74416h/lib..__modules__ad74416h__drivers__ad74416h.a(ad74416h.c.obj)
 .text.ad74416h_reg_read
                0x000000001000da22       0x30 modules/ad74416h/drivers/ad74416h/lib..__modules__ad74416h__drivers__ad74416h.a(ad74416h.c.obj)
 .text.ad74416h_init
                0x000000001000da52       0x5c modules/ad74416h/drivers/ad74416h/lib..__modules__ad74416h__drivers__ad74416h.a(ad74416h.c.obj)
 .text.arch_k_cycle_get_32
                0x000000001000daae        0xe zephyr/kernel/libkernel.a(busy_wait.c.obj)
 .text.k_cycle_get_32
                0x000000001000dabc        0xe zephyr/kernel/libkernel.a(busy_wait.c.obj)
 .text.z_impl_k_busy_wait
                0x000000001000daca       0x3e zephyr/kernel/libkernel.a(busy_wait.c.obj)
                0x000000001000daca                z_impl_k_busy_wait
 .text.k_object_init
                0x000000001000db08       0x12 zephyr/kernel/libkernel.a(device.c.obj)
 .text.z_impl_device_is_ready
                0x000000001000db1a       0x42 zephyr/kernel/libkernel.a(device.c.obj)
                0x000000001000db1a                z_impl_device_is_ready
 .text.k_is_user_context
                0x000000001000db5c        0xe zephyr/kernel/libkernel.a(fatal.c.obj)
 .text.k_thread_abort
                0x000000001000db6a       0x16 zephyr/kernel/libkernel.a(fatal.c.obj)
 .text.z_log_msg_runtime_create
                0x000000001000db80       0x3c zephyr/kernel/libkernel.a(fatal.c.obj)
 .text.log_panic
                0x000000001000dbbc        0xc zephyr/kernel/libkernel.a(fatal.c.obj)
 .text.coredump
                0x000000001000dbc8       0x16 zephyr/kernel/libkernel.a(fatal.c.obj)
 .text.arch_system_halt
                0x000000001000dbde       0x28 zephyr/kernel/libkernel.a(fatal.c.obj)
                0x000000001000dbde                arch_system_halt
 .text.K_KERNEL_STACK_BUFFER
                0x000000001000dc06       0x14 zephyr/kernel/libkernel.a(init.c.obj)
 .text.k_thread_start
                0x000000001000dc1a       0x16 zephyr/kernel/libkernel.a(init.c.obj)
 .text.thread_schedule_new
                0x000000001000dc30       0x3a zephyr/kernel/libkernel.a(init.c.obj)
 .text.z_mark_thread_as_started
                0x000000001000dc6a       0x20 zephyr/kernel/libkernel.a(init.c.obj)
 .text.z_thread_essential_clear
                0x000000001000dc8a       0x20 zephyr/kernel/libkernel.a(init.c.obj)
 .text.gcov_static_init
                0x000000001000dcaa        0xc zephyr/kernel/libkernel.a(init.c.obj)
 .text.pm_device_runtime_auto_enable
                0x000000001000dcb6       0x14 zephyr/kernel/libkernel.a(init.c.obj)
 .text.z_early_memset
                0x000000001000dcca       0x1e zephyr/kernel/libkernel.a(init.c.obj)
                0x000000001000dcca                z_early_memset
 .text.z_early_memcpy
                0x000000001000dce8       0x1e zephyr/kernel/libkernel.a(init.c.obj)
                0x000000001000dce8                z_early_memcpy
 .text.do_device_init
                0x000000001000dd06       0x6c zephyr/kernel/libkernel.a(init.c.obj)
 .text.z_init_static
                0x000000001000dd72        0xc zephyr/kernel/libkernel.a(init_static.c.obj)
                0x000000001000dd72                z_init_static
 .text.k_cpu_idle
                0x000000001000dd7e        0xc zephyr/kernel/libkernel.a(idle.c.obj)
 .text.idle     0x000000001000dd8a       0x30 zephyr/kernel/libkernel.a(idle.c.obj)
                0x000000001000dd8a                idle
 .text.arch_spin_relax
                0x000000001000ddba       0x10 zephyr/kernel/libkernel.a(idle.c.obj)
                0x000000001000ddba                arch_spin_relax
 .text.sys_dlist_init